core_cm4.h:1679:22:__NVIC_EnableIRQ	16	static
core_cm4.h:1717:22:__NVIC_DisableIRQ	16	static
core_cm4.h:1809:22:__NVIC_SetPriority	16	static
uart.c:57:6:UART_RestoreDefaultIFdescriptors	8	static
uart.c:67:20:GetIFdescriptorPtr	4	static
uart.c:80:5:WriteIFdescriptorID	16	static
uart.c:95:20:GetSelectCmdIF	4	static
uart.c:106:5:GetSelectCmdIFnr	16	static
uart.c:119:5:CheckCmdIF	24	static
uart.c:133:12:GetUARTfromIF	16	static
uart.c:146:20:GetUARTdescriptor	16	static
uart.c:159:20:GetUARTdescriptorFromPtr	24	static
uart.c:173:17:GetUARTfunction	16	static
uart.c:190:5:ChangeUARTParameters	32	static
uart.c:210:12:UART_CheckAndHandleError	24	static
uart.c:265:13:UART_CmdIF_IRQDispatcher	24	static
uart.c:288:6:UART0_RX_TX_DriverIRQHandler	8	static
uart.c:297:6:UART1_RX_TX_DriverIRQHandler	8	static
uart.c:309:5:UART_InitIRQ	16	static
uart.c:328:5:UART_EnableIRQ	24	static
uart.c:348:5:UART_DisableIRQ	16	static
uart.c:363:5:UART_ChangeBaudrate	24	static
uart.c:381:5:UART_GetBaudrate	16	static
uart.c:398:5:UART_ChangeParity	24	static
uart.c:447:5:UART_GetParity	16	static
uart.c:472:5:UART_InitUart	32	static
uart.c:505:6:set_rs485_data_enable	24	static
uart.c:517:6:clr_rs485_data_enable	24	static
uart.c:532:6:send_rs485_char	16	static
uart.c:552:6:wait_rs485_tx_done	16	static
uart.c:566:13:UART_SendChar	16	static
uart.c:583:6:UART_SendPacket	24	static
uart.c:603:6:UART_SendPacketCMD	40	static
uart.c:650:5:UART_Putchar	16	static
uart.c:668:5:UART_Getchar_present	16	static
uart.c:672:8:_write	32	static
