trcKernelPort.c:160:10:prvTraceGetQueueNumber	16	static
trcKernelPort.c:166:9:prvTraceGetQueueType	16	static
trcKernelPort.c:173:10:prvTraceGetTaskNumberLow16	16	static
trcKernelPort.c:178:10:prvTraceGetTaskNumberHigh16	16	static
trcKernelPort.c:183:6:prvTraceSetTaskNumberLow16	16	static
trcKernelPort.c:188:6:prvTraceSetTaskNumberHigh16	16	static
trcKernelPort.c:193:10:prvTraceGetQueueNumberLow16	16	static
trcKernelPort.c:198:10:prvTraceGetQueueNumberHigh16	16	static
trcKernelPort.c:203:6:prvTraceSetQueueNumberLow16	16	static
trcKernelPort.c:208:6:prvTraceSetQueueNumberHigh16	16	static
trcKernelPort.c:358:6:prvAddTaskToStackMonitor	24	static
trcKernelPort.c:380:6:prvRemoveTaskFromStackMonitor	24	static
trcKernelPort.c:392:6:prvReportStackUsage	24	static
trcKernelPort.c:453:6:vTraceEnable	40	static
trcKernelPort.c:544:6:vTraceSetQueueName	16	static
trcKernelPort.c:557:6:vTraceSetSemaphoreName	16	static
trcKernelPort.c:570:6:vTraceSetMutexName	16	static
trcKernelPort.c:626:7:prvTraceGetCurrentTaskHandle	8	static
trcKernelPort.c:637:10:prvIsNewTCB	16	static
trcKernelPort.c:653:15:prvTraceIsSchedulerSuspended	8	static
trcKernelPort.c:669:13:prvCheckRecorderStatus	8	static
trcKernelPort.c:711:8:TzCtrl	32	static
