uart.c:265:13:UART_CmdIF_IRQDispatcher	8	static
core_cm4.h:1679:22:__NVIC_EnableIRQ	0	static
uart.c:57:6:UART_RestoreDefaultIFdescriptors	0	static
uart.c:67:20:GetIFdescriptorPtr	0	static
uart.c:80:5:WriteIFdescriptorID	8	static
uart.c:95:20:GetSelectCmdIF	0	static
uart.c:106:5:GetSelectCmdIFnr	0	static
uart.c:119:5:CheckCmdIF	0	static
uart.c:133:12:GetUARTfromIF	0	static
uart.c:146:20:GetUARTdescriptor	0	static
uart.c:159:20:GetUARTdescriptorFromPtr	0	static
uart.c:173:17:GetUARTfunction	0	static
uart.c:288:6:UART0_RX_TX_DriverIRQHandler	0	static
uart.c:297:6:UART1_RX_TX_DriverIRQHandler	0	static
uart.c:309:5:UART_InitIRQ	8	static
uart.c:328:5:UART_EnableIRQ	16	static
uart.c:348:5:UART_DisableIRQ	0	static
uart.c:363:5:UART_ChangeBaudrate	16	static
uart.c:381:5:UART_GetBaudrate	0	static
uart.c:398:5:UART_ChangeParity	8	static
uart.c:190:5:ChangeUARTParameters	8	static
uart.c:447:5:UART_GetParity	0	static
uart.c:472:5:UART_InitUart	32	static
uart.c:505:6:set_rs485_data_enable	16	static
uart.c:517:6:clr_rs485_data_enable	16	static
uart.c:532:6:send_rs485_char	0	static
uart.c:552:6:wait_rs485_tx_done	0	static
uart.c:583:6:UART_SendPacket	16	static
uart.c:603:6:UART_SendPacketCMD	40	static
uart.c:650:5:UART_Putchar	0	static
uart.c:668:5:UART_Getchar_present	0	static
uart.c:672:8:_write	16	static
