fsl_ftm.c:221:10:FTM_Init	36	static
fsl_ftm.c:299:6:FTM_Deinit	0	static
fsl_ftm.c:330:6:FTM_GetDefaultConfig	8	static
fsl_ftm.c:379:10:FTM_SetupPwm	48	static
fsl_ftm.c:565:6:FTM_UpdatePwmDutycycle	8	static
fsl_ftm.c:613:6:FTM_UpdateChnlEdgeLevelSelect	0	static
fsl_ftm.c:640:10:FTM_SetupPwmMode	36	static
fsl_ftm.c:760:6:FTM_SetupInputCapture	20	static
fsl_ftm.c:809:6:FTM_SetupOutputCompare	20	static
fsl_ftm.c:856:6:FTM_SetupDualEdgeCapture	20	static
fsl_ftm.c:907:6:FTM_SetupQuadDecode	20	static
fsl_ftm.c:957:6:FTM_SetupFault	8	static
fsl_ftm.c:1002:6:FTM_EnableInterrupts	8	static
fsl_ftm.c:1046:6:FTM_DisableInterrupts	8	static
fsl_ftm.c:1090:10:FTM_GetEnabledInterrupts	12	static
fsl_ftm.c:1138:10:FTM_GetStatusFlags	0	static
fsl_ftm.c:1178:6:FTM_ClearStatusFlags	0	static
