Archive member included to satisfy reference by file (symbol)

c:/nxp/mcuxpressoide_11.2.1_4149/ide/plugins/com.nxp.mcuxpresso.tools.win32_11.2.0.202008311134/tools/bin/../lib/gcc/arm-none-eabi/9.2.1/../../../../arm-none-eabi/lib/thumb/v7e-m+fp/hard\libcr_semihost_nf.a(_cr__main.o)
                              ./startup/startup_mk22f51212.o (__main)
c:/nxp/mcuxpressoide_11.2.1_4149/ide/plugins/com.nxp.mcuxpresso.tools.win32_11.2.0.202008311134/tools/bin/../lib/gcc/arm-none-eabi/9.2.1/../../../../arm-none-eabi/lib/thumb/v7e-m+fp/hard\libcr_c.a(memcpy.o)
                              ./usb/device/source/khci/usb_device_khci.o (memcpy)
c:/nxp/mcuxpressoide_11.2.1_4149/ide/plugins/com.nxp.mcuxpresso.tools.win32_11.2.0.202008311134/tools/bin/../lib/gcc/arm-none-eabi/9.2.1/../../../../arm-none-eabi/lib/thumb/v7e-m+fp/hard\libcr_c.a(memset.o)
                              ./freertos/freertos_kernel/stream_buffer.o (memset)
c:/nxp/mcuxpressoide_11.2.1_4149/ide/plugins/com.nxp.mcuxpresso.tools.win32_11.2.0.202008311134/tools/bin/../lib/gcc/arm-none-eabi/9.2.1/../../../../arm-none-eabi/lib/thumb/v7e-m+fp/hard\libcr_c.a(alloc.o)
                              ./drivers/fsl_common.o (malloc)
c:/nxp/mcuxpressoide_11.2.1_4149/ide/plugins/com.nxp.mcuxpresso.tools.win32_11.2.0.202008311134/tools/bin/../lib/gcc/arm-none-eabi/9.2.1/../../../../arm-none-eabi/lib/thumb/v7e-m+fp/hard\libcr_c.a(initio.o)
                              c:/nxp/mcuxpressoide_11.2.1_4149/ide/plugins/com.nxp.mcuxpresso.tools.win32_11.2.0.202008311134/tools/bin/../lib/gcc/arm-none-eabi/9.2.1/../../../../arm-none-eabi/lib/thumb/v7e-m+fp/hard\libcr_semihost_nf.a(_cr__main.o) (_initio)
c:/nxp/mcuxpressoide_11.2.1_4149/ide/plugins/com.nxp.mcuxpresso.tools.win32_11.2.0.202008311134/tools/bin/../lib/gcc/arm-none-eabi/9.2.1/../../../../arm-none-eabi/lib/thumb/v7e-m+fp/hard\libcr_c.a(printf.o)
                              ./source/Tracealyzer/trcStreamingRecorder.o (_vsnprintf)
c:/nxp/mcuxpressoide_11.2.1_4149/ide/plugins/com.nxp.mcuxpresso.tools.win32_11.2.0.202008311134/tools/bin/../lib/gcc/arm-none-eabi/9.2.1/../../../../arm-none-eabi/lib/thumb/v7e-m+fp/hard\libcr_c.a(setvbuf.o)
                              c:/nxp/mcuxpressoide_11.2.1_4149/ide/plugins/com.nxp.mcuxpresso.tools.win32_11.2.0.202008311134/tools/bin/../lib/gcc/arm-none-eabi/9.2.1/../../../../arm-none-eabi/lib/thumb/v7e-m+fp/hard\libcr_c.a(initio.o) (setvbuf)
c:/nxp/mcuxpressoide_11.2.1_4149/ide/plugins/com.nxp.mcuxpresso.tools.win32_11.2.0.202008311134/tools/bin/../lib/gcc/arm-none-eabi/9.2.1/../../../../arm-none-eabi/lib/thumb/v7e-m+fp/hard\libcr_c.a(strcpy.o)
                              ./source/Tracealyzer/streamports/Jlink_RTT/SEGGER_RTT.o (strcpy)
c:/nxp/mcuxpressoide_11.2.1_4149/ide/plugins/com.nxp.mcuxpresso.tools.win32_11.2.0.202008311134/tools/bin/../lib/gcc/arm-none-eabi/9.2.1/../../../../arm-none-eabi/lib/thumb/v7e-m+fp/hard\libcr_c.a(strlen.o)
                              ./source/Tracealyzer/streamports/Jlink_RTT/SEGGER_RTT.o (strlen)
c:/nxp/mcuxpressoide_11.2.1_4149/ide/plugins/com.nxp.mcuxpresso.tools.win32_11.2.0.202008311134/tools/bin/../lib/gcc/arm-none-eabi/9.2.1/../../../../arm-none-eabi/lib/thumb/v7e-m+fp/hard\libcr_c.a(__init_alloc.o)
                              c:/nxp/mcuxpressoide_11.2.1_4149/ide/plugins/com.nxp.mcuxpresso.tools.win32_11.2.0.202008311134/tools/bin/../lib/gcc/arm-none-eabi/9.2.1/../../../../arm-none-eabi/lib/thumb/v7e-m+fp/hard\libcr_c.a(alloc.o) (__heaps)
c:/nxp/mcuxpressoide_11.2.1_4149/ide/plugins/com.nxp.mcuxpresso.tools.win32_11.2.0.202008311134/tools/bin/../lib/gcc/arm-none-eabi/9.2.1/../../../../arm-none-eabi/lib/thumb/v7e-m+fp/hard\libcr_c.a(_cr_sbrk.o)
                              c:/nxp/mcuxpressoide_11.2.1_4149/ide/plugins/com.nxp.mcuxpresso.tools.win32_11.2.0.202008311134/tools/bin/../lib/gcc/arm-none-eabi/9.2.1/../../../../arm-none-eabi/lib/thumb/v7e-m+fp/hard\libcr_c.a(alloc.o) (_sbrk)
c:/nxp/mcuxpressoide_11.2.1_4149/ide/plugins/com.nxp.mcuxpresso.tools.win32_11.2.0.202008311134/tools/bin/../lib/gcc/arm-none-eabi/9.2.1/../../../../arm-none-eabi/lib/thumb/v7e-m+fp/hard\libcr_c.a(_deferredlazyseek.o)
                              c:/nxp/mcuxpressoide_11.2.1_4149/ide/plugins/com.nxp.mcuxpresso.tools.win32_11.2.0.202008311134/tools/bin/../lib/gcc/arm-none-eabi/9.2.1/../../../../arm-none-eabi/lib/thumb/v7e-m+fp/hard\libcr_c.a(printf.o) (__flsbuf)
c:/nxp/mcuxpressoide_11.2.1_4149/ide/plugins/com.nxp.mcuxpresso.tools.win32_11.2.0.202008311134/tools/bin/../lib/gcc/arm-none-eabi/9.2.1/../../../../arm-none-eabi/lib/thumb/v7e-m+fp/hard\libcr_c.a(_fdopen.o)
                              c:/nxp/mcuxpressoide_11.2.1_4149/ide/plugins/com.nxp.mcuxpresso.tools.win32_11.2.0.202008311134/tools/bin/../lib/gcc/arm-none-eabi/9.2.1/../../../../arm-none-eabi/lib/thumb/v7e-m+fp/hard\libcr_c.a(initio.o) (_fdopen)
[...]
Memory Configuration

Name             Origin             Length             Attributes
PROGRAM_FLASH    0x00002000         0x0007e000         xr
SRAM_UPPER       0x20000000         0x00010000         xrw
SRAM_LOWER       0x1fff0000         0x00010000         xrw
*default*        0x00000000         0xffffffff

Linker script and memory map

LOAD ./usb/device/source/khci/usb_device_khci.o
LOAD ./usb/device/source/usb_device_ch9.o
LOAD ./usb/device/source/usb_device_dci.o
LOAD ./usb/device/class/cdc/usb_device_cdc_acm.o
LOAD ./usb/device/class/usb_device_class.o
LOAD ./startup/startup_mk22f51212.o
LOAD ./source/usb/usb_device_descriptor.o
LOAD ./source/usb/virtual_com.o
LOAD ./source/Tracealyzer/streamports/Jlink_RTT/SEGGER_RTT.o
LOAD ./source/Tracealyzer/streamports/Jlink_RTT/trcStreamingPort.o
LOAD ./source/Tracealyzer/trcKernelPort.o
LOAD ./source/Tracealyzer/trcSnapshotRecorder.o
LOAD ./source/Tracealyzer/trcStreamingRecorder.o
LOAD ./source/BRDUINO_Nano.o
LOAD ./source/CmdInfo.o
LOAD ./source/CmdSystem.o
LOAD ./source/CommandHandler.o
LOAD ./source/Misc.o
LOAD ./source/System.o
LOAD ./source/crc.o
LOAD ./source/semihost_hardfault.o
LOAD ./source/uart.o
LOAD ./freertos/freertos_kernel/portable/MemMang/heap_4.o
LOAD ./freertos/freertos_kernel/portable/GCC/ARM_CM4F/port.o
LOAD ./freertos/freertos_kernel/croutine.o
LOAD ./freertos/freertos_kernel/event_groups.o
LOAD ./freertos/freertos_kernel/list.o
LOAD ./freertos/freertos_kernel/queue.o
LOAD ./freertos/freertos_kernel/stream_buffer.o
LOAD ./freertos/freertos_kernel/tasks.o
LOAD ./freertos/freertos_kernel/timers.o
LOAD ./drivers/fsl_adc16.o
LOAD ./drivers/fsl_clock.o
LOAD ./drivers/fsl_common.o
LOAD ./drivers/fsl_crc.o
LOAD ./drivers/fsl_dac.o
LOAD ./drivers/fsl_dspi.o
LOAD ./drivers/fsl_ftfx_cache.o
LOAD ./drivers/fsl_ftfx_controller.o
LOAD ./drivers/fsl_ftfx_flash.o
LOAD ./drivers/fsl_ftfx_flexnvm.o
LOAD ./drivers/fsl_ftm.o
LOAD ./drivers/fsl_gpio.o
LOAD ./drivers/fsl_i2c.o
LOAD ./drivers/fsl_pit.o
LOAD ./drivers/fsl_rnga.o
LOAD ./drivers/fsl_rtc.o
LOAD ./drivers/fsl_sim.o
LOAD ./drivers/fsl_smc.o
LOAD ./drivers/fsl_uart.o
LOAD ./drivers/fsl_vref.o
LOAD ./drivers/fsl_wdog.o
LOAD ./device/system_MK22F51212.o
LOAD ./component/osa/fsl_os_abstraction_free_rtos.o
LOAD ./component/lists/generic_list.o
LOAD ./board/board.o
LOAD ./board/clock_config.o
LOAD ./board/peripherals.o
LOAD ./board/pin_mux.o
START GROUP
LOAD c:/nxp/mcuxpressoide_11.2.1_4149/ide/plugins/com.nxp.mcuxpresso.tools.win32_11.2.0.202008311134/tools/bin/../lib/gcc/arm-none-eabi/9.2.1/../../../../arm-none-eabi/lib/thumb/v7e-m+fp/hard\libcr_semihost_nf.a
LOAD c:/nxp/mcuxpressoide_11.2.1_4149/ide/plugins/com.nxp.mcuxpresso.tools.win32_11.2.0.202008311134/tools/bin/../lib/gcc/arm-none-eabi/9.2.1/../../../../arm-none-eabi/lib/thumb/v7e-m+fp/hard\libcr_c.a
LOAD c:/nxp/mcuxpressoide_11.2.1_4149/ide/plugins/com.nxp.mcuxpresso.tools.win32_11.2.0.202008311134/tools/bin/../lib/gcc/arm-none-eabi/9.2.1/thumb/v7e-m+fp/hard\libcr_eabihelpers.a
LOAD c:/nxp/mcuxpressoide_11.2.1_4149/ide/plugins/com.nxp.mcuxpresso.tools.win32_11.2.0.202008311134/tools/bin/../lib/gcc/arm-none-eabi/9.2.1/thumb/v7e-m+fp/hard\libgcc.a
END GROUP
                0x00002000                __base_PROGRAM_FLASH = 0x2000
                0x00002000                __base_Flash = 0x2000
                0x00080000                __top_PROGRAM_FLASH = 0x80000
                0x00080000                __top_Flash = 0x80000
                0x20000000                __base_SRAM_UPPER = 0x20000000
                0x20000000                __base_RAM = 0x20000000
                0x20010000                __top_SRAM_UPPER = 0x20010000
                0x20010000                __top_RAM = 0x20010000
                0x1fff0000                __base_SRAM_LOWER = 0x1fff0000
                0x1fff0000                __base_RAM2 = 0x1fff0000
                0x20000000                __top_SRAM_LOWER = 0x20000000
                0x20000000                __top_RAM2 = 0x20000000

.text           0x00002000     0x99a4
 FILL mask 0xff
                0x00002000                __vectors_start__ = ABSOLUTE (.)
 *(SORT_BY_ALIGNMENT(.isr_vector))
 .isr_vector    0x00002000      0x168 ./startup/startup_mk22f51212.o
                0x00002000                g_pfnVectors
                0x00002000                __Vectors
                0x00002168                . = ALIGN (0x4)
                0x00002168                __section_table_start = .
                0x00002168                __data_section_table = .
                0x00002168        0x4 LONG 0xb9a4 LOADADDR (.data)
                0x0000216c        0x4 LONG 0x20000000 ADDR (.data)
                0x00002170        0x4 LONG 0x250 SIZEOF (.data)
                0x00002174        0x4 LONG 0xb9a4 LOADADDR (.data_RAM2)
                0x00002178        0x4 LONG 0x1fff0000 ADDR (.data_RAM2)
                0x0000217c        0x4 LONG 0x0 SIZEOF (.data_RAM2)
                0x00002180                __data_section_table_end = .
                0x00002180                __bss_section_table = .
                0x00002180        0x4 LONG 0x20000400 ADDR (.bss)
                0x00002184        0x4 LONG 0x73d0 SIZEOF (.bss)
                0x00002188        0x4 LONG 0x1fff0000 ADDR (.bss_RAM2)
                0x0000218c        0x4 LONG 0x0 SIZEOF (.bss_RAM2)
                0x00002190                __bss_section_table_end = .
                0x00002190                __section_table_end = .
 *(SORT_BY_ALIGNMENT(.after_vectors*))
 .after_vectors.reset
                0x00002190       0x48 ./startup/startup_mk22f51212.o
                0x00002190                ResetISR
 .after_vectors
                0x000021d8       0x14 ./startup/startup_mk22f51212.o
                0x000021d8                NMI_Handler
                0x000021dc                MemManage_Handler
                0x000021de                BusFault_Handler
                0x000021e0                UsageFault_Handler
                0x000021e4                DebugMon_Handler
                0x000021ea                DMA_Error_DriverIRQHandler
                0x000021ea                LPTMR0_DriverIRQHandler
                0x000021ea                FTM1_DriverIRQHandler
                0x000021ea                FTM2_DriverIRQHandler
                0x000021ea                PIT2_DriverIRQHandler
                0x000021ea                Reserved82_DriverIRQHandler
                0x000021ea                I2S0_Tx_DriverIRQHandler
                0x000021ea                RTC_Seconds_DriverIRQHandler
                0x000021ea                FTF_DriverIRQHandler
                0x000021ea                DMA6_DriverIRQHandler
                0x000021ea                LLWU_DriverIRQHandler
                0x000021ea                MCM_DriverIRQHandler
                0x000021ea                MCG_DriverIRQHandler
                0x000021ea                DAC1_DriverIRQHandler
                0x000021ea                DMA12_DriverIRQHandler
                0x000021ea                CMP1_DriverIRQHandler
                0x000021ea                FTM0_DriverIRQHandler
                0x000021ea                IntDefaultHandler
                0x000021ea                USB0_DriverIRQHandler
                0x000021ea                PORTC_DriverIRQHandler
                0x000021ea                DMA11_DriverIRQHandler
                0x000021ea                DAC0_DriverIRQHandler
                0x000021ea                DMA10_DriverIRQHandler
                0x000021ea                UART2_ERR_DriverIRQHandler
                0x000021ea                LVD_LVW_DriverIRQHandler
                0x000021ea                Reserved84_DriverIRQHandler
                0x000021ea                PIT0_DriverIRQHandler
                0x000021ea                RNG_DriverIRQHandler
                0x000021ea                PORTB_DriverIRQHandler
                0x000021ea                DMA4_DriverIRQHandler
                0x000021ea                DMA3_DriverIRQHandler
                0x000021ea                Reserved53_DriverIRQHandler
                0x000021ea                DMA8_DriverIRQHandler
                0x000021ea                DMA9_DriverIRQHandler
                0x000021ea                UART0_ERR_DriverIRQHandler
                0x000021ea                Reserved71_DriverIRQHandler
                0x000021ea                ADC1_DriverIRQHandler
                0x000021ea                PORTA_DriverIRQHandler
                0x000021ea                DMA14_DriverIRQHandler
                0x000021ea                PIT3_DriverIRQHandler
                0x000021ea                PIT1_DriverIRQHandler
                0x000021ea                WDOG_EWM_DriverIRQHandler
                0x000021ea                PDB0_DriverIRQHandler
                0x000021ea                Reserved83_DriverIRQHandler
                0x000021ea                Reserved61_DriverIRQHandler
                0x000021ea                RTC_DriverIRQHandler
                0x000021ea                I2S0_Rx_DriverIRQHandler
                0x000021ea                Read_Collision_DriverIRQHandler
                0x000021ea                Reserved54_DriverIRQHandler
                0x000021ea                SWI_DriverIRQHandler
                0x000021ea                DMA0_DriverIRQHandler
                0x000021ea                DMA1_DriverIRQHandler
                0x000021ea                DMA13_DriverIRQHandler
                0x000021ea                DMA15_DriverIRQHandler
                0x000021ea                LPUART0_DriverIRQHandler
                0x000021ea                Reserved85_DriverIRQHandler
                0x000021ea                Reserved81_DriverIRQHandler
                0x000021ea                ADC0_DriverIRQHandler
                0x000021ea                CMP0_DriverIRQHandler
                0x000021ea                FTM3_DriverIRQHandler
                0x000021ea                DMA5_DriverIRQHandler
                0x000021ea                UART1_ERR_DriverIRQHandler
                0x000021ea                DMA2_DriverIRQHandler
                0x000021ea                PORTD_DriverIRQHandler
                0x000021ea                Reserved70_DriverIRQHandler
                0x000021ea                Reserved86_DriverIRQHandler
                0x000021ea                PORTE_DriverIRQHandler
                0x000021ea                DMA7_DriverIRQHandler
 .after_vectors.init_data
                0x000021ec       0x12 ./startup/startup_mk22f51212.o
                0x000021ec                data_init
 .after_vectors.init_bss
                0x000021fe       0x10 ./startup/startup_mk22f51212.o
                0x000021fe                bss_init
                0x00000400                . = 0x400
 *fill*         0x0000220e      0x1f2 ff
                0x00002400                PROVIDE (__FLASH_CONFIG_START__ = .)
 *(SORT_BY_ALIGNMENT(.FlashConfig))
 .FlashConfig   0x00002400       0x10 ./startup/startup_mk22f51212.o
                0x00002400                Flash_Config
                0x00002410                PROVIDE (__FLASH_CONFIG_END__ = .)
                0x00000001                ASSERT (! ((__FLASH_CONFIG_START__ == __FLASH_CONFIG_END__)), Linker Flash Config Support Enabled, but no .FlashConfig section provided within application)
 *(SORT_BY_ALIGNMENT(.text*))
 .text.SVC_Handler
                0x00002410       0x24 ./freertos/freertos_kernel/portable/GCC/ARM_CM4F/port.o
                0x00002410                SVC_Handler
 *fill*         0x00002434        0xc ff
 .text.PendSV_Handler
                0x00002440       0x64 ./freertos/freertos_kernel/portable/GCC/ARM_CM4F/port.o
                0x00002440                PendSV_Handler
 *fill*         0x000024a4        0x4 ff
 .text.BOARD_InitFTM1
                0x000024a8       0xd8 ./board/board.o
                0x000024a8                BOARD_InitFTM1
 .text.USB_DeviceKhciEndpointTransfer
                0x00002580       0x88 ./usb/device/source/khci/usb_device_khci.o
 .text.USB_DeviceKhciInit
                0x00002608       0x68 ./usb/device/source/khci/usb_device_khci.o
                0x00002608                USB_DeviceKhciInit
 .text.USB_DeviceControlCallback
                0x00002670      0x1b0 ./usb/device/source/usb_device_ch9.o
 .text.USB_DeviceControlPipeInit
                0x00002820       0x4c ./usb/device/source/usb_device_ch9.o
                0x00002820                USB_DeviceControlPipeInit
 .text.USB_DeviceInit
                0x0000286c       0xbc ./usb/device/source/usb_device_dci.o
                0x0000286c                USB_DeviceInit
 .text.USB_DeviceCdcAcmEndpointsInit
                0x00002928      0x1d4 ./usb/device/class/cdc/usb_device_cdc_acm.o
 .text.USB_DeviceCdcAcmInit
                0x00002afc       0x58 ./usb/device/class/cdc/usb_device_cdc_acm.o
                0x00002afc                USB_DeviceCdcAcmInit
 .text.USB_DeviceClassGetHandleByDeviceHandle
                0x00002b54       0x30 ./usb/device/class/usb_device_class.o
 .text.USB_DeviceClassFreeHandle
                0x00002b84       0x38 ./usb/device/class/usb_device_class.o
 .text.USB_DeviceClassGetDeviceHandle
                0x00002bbc       0x34 ./usb/device/class/usb_device_class.o
                0x00002bbc                USB_DeviceClassGetDeviceHandle
 .text.USB_DeviceClassEvent
                0x00002bf0       0x74 ./usb/device/class/usb_device_class.o
                0x00002bf0                USB_DeviceClassEvent
 .text.USB_DeviceClassInit
                0x00002c64       0xc8 ./usb/device/class/usb_device_class.o
                0x00002c64                USB_DeviceClassInit
 .text.USB_DeviceGetDeviceDescriptor
                0x00002d2c       0x10 ./source/usb/usb_device_descriptor.o
                0x00002d2c                USB_DeviceGetDeviceDescriptor
 .text.USB_DeviceGetConfigurationDescriptor
                0x00002d3c       0x18 ./source/usb/usb_device_descriptor.o
                0x00002d3c                USB_DeviceGetConfigurationDescriptor
 .text.USB_DeviceGetStringDescriptor
                0x00002d54       0x40 ./source/usb/usb_device_descriptor.o
                0x00002d54                USB_DeviceGetStringDescriptor
 .text.USB_DeviceCdcVcomCallback
                0x00002d94      0x1b4 ./source/usb/virtual_com.o
                0x00002d94                USB_DeviceCdcVcomCallback
 .text.USB_DeviceCallback
                0x00002f48       0xa4 ./source/usb/virtual_com.o
                0x00002f48                USB_DeviceCallback
 .text.USB0_IRQHandler
                0x00002fec       0x14 ./source/usb/virtual_com.o
                0x00002fec                USB0_IRQHandler
 .text.USB_DeviceClockInit
                0x00003000       0x18 ./source/usb/virtual_com.o
                0x00003000                USB_DeviceClockInit
 .text.USB_DeviceIsrEnable
                0x00003018       0x14 ./source/usb/virtual_com.o
                0x00003018                USB_DeviceIsrEnable
 .text.USB_DeviceApplicationInit
                0x0000302c       0x74 ./source/usb/virtual_com.o
                0x0000302c                USB_DeviceApplicationInit
 .text.APPTask  0x000030a0       0x68 ./source/usb/virtual_com.o
                0x000030a0                APPTask
 .text.USB_Putchar
                0x00003108       0x48 ./source/usb/virtual_com.o
                0x00003108                USB_Putchar
 .text.usb_main_init
                0x00003150       0x3c ./source/usb/virtual_com.o
                0x00003150                usb_main_init
 .text._DoInit  0x0000318c       0x5c ./source/Tracealyzer/streamports/Jlink_RTT/SEGGER_RTT.o
 .text.SEGGER_RTT_ReadNoLock
                0x000031e8       0x90 ./source/Tracealyzer/streamports/Jlink_RTT/SEGGER_RTT.o
                0x000031e8                SEGGER_RTT_ReadNoLock
 .text.SEGGER_RTT_WriteNoLock
                0x00003278       0x68 ./source/Tracealyzer/streamports/Jlink_RTT/SEGGER_RTT.o
                0x00003278                SEGGER_RTT_WriteNoLock
 .text.SEGGER_RTT_Write
                0x000032e0       0x34 ./source/Tracealyzer/streamports/Jlink_RTT/SEGGER_RTT.o
                0x000032e0                SEGGER_RTT_Write
 .text.SEGGER_RTT_ConfigUpBuffer
                0x00003314       0x64 ./source/Tracealyzer/streamports/Jlink_RTT/SEGGER_RTT.o
                0x00003314                SEGGER_RTT_ConfigUpBuffer
 .text.SEGGER_RTT_ConfigDownBuffer
                0x00003378       0x5c ./source/Tracealyzer/streamports/Jlink_RTT/SEGGER_RTT.o
                0x00003378                SEGGER_RTT_ConfigDownBuffer
 .text.readFromRTT
                0x000033d4       0x28 ./source/Tracealyzer/streamports/Jlink_RTT/trcStreamingPort.o
                0x000033d4                readFromRTT
 .text.prvAddTaskToStackMonitor
                0x000033fc       0x34 ./source/Tracealyzer/trcKernelPort.o
                0x000033fc                prvAddTaskToStackMonitor
 .text.prvReportStackUsage
                0x00003430       0x5c ./source/Tracealyzer/trcKernelPort.o
                0x00003430                prvReportStackUsage
 .text.TzCtrl   0x0000348c       0xb8 ./source/Tracealyzer/trcKernelPort.o
 .text.vTraceEnable
                0x00003544       0xec ./source/Tracealyzer/trcKernelPort.o
                0x00003544                vTraceEnable
 .text.prvIsNewTCB
                0x00003630       0x14 ./source/Tracealyzer/trcKernelPort.o
                0x00003630                prvIsNewTCB
 .text.xTraceIsRecordingEnabled
                0x00003644        0xc ./source/Tracealyzer/trcStreamingRecorder.o
                0x00003644                xTraceIsRecordingEnabled
 .text.prvTraceSaveObjectSymbol
                0x00003650       0x74 ./source/Tracealyzer/trcStreamingRecorder.o
                0x00003650                prvTraceSaveObjectSymbol
 .text.prvTraceSaveSymbol
                0x000036c4       0x38 ./source/Tracealyzer/trcStreamingRecorder.o
                0x000036c4                prvTraceSaveSymbol
 .text.prvTraceDeleteSymbol
                0x000036fc       0x70 ./source/Tracealyzer/trcStreamingRecorder.o
                0x000036fc                prvTraceDeleteSymbol
 .text.prvTraceSaveObjectData
                0x0000376c       0x64 ./source/Tracealyzer/trcStreamingRecorder.o
                0x0000376c                prvTraceSaveObjectData
 .text.prvTraceError
                0x000037d0       0x58 ./source/Tracealyzer/trcStreamingRecorder.o
                0x000037d0                prvTraceError
 .text.prvTraceStoreEvent
                0x00003828       0x8c ./source/Tracealyzer/trcStreamingRecorder.o
                0x00003828                prvTraceStoreEvent
 .text.prvSetRecorderEnabled
                0x000038b4      0x1f4 ./source/Tracealyzer/trcStreamingRecorder.o
 .text.prvTraceStoreEvent3
                0x00003aa8       0x6c ./source/Tracealyzer/trcStreamingRecorder.o
                0x00003aa8                prvTraceStoreEvent3
 .text.prvTraceStoreStringEventHelper
                0x00003b14       0xec ./source/Tracealyzer/trcStreamingRecorder.o
 .text.prvTraceStoreSimpleStringEventHelper
                0x00003c00       0xb0 ./source/Tracealyzer/trcStreamingRecorder.o
                0x00003c00                prvTraceStoreSimpleStringEventHelper
 .text.prvTraceWarning
                0x00003cb0       0x40 ./source/Tracealyzer/trcStreamingRecorder.o
                0x00003cb0                prvTraceWarning
 .text.prvTraceStoreEvent1
                0x00003cf0       0x64 ./source/Tracealyzer/trcStreamingRecorder.o
                0x00003cf0                prvTraceStoreEvent1
 .text.prvTraceStoreEvent2
                0x00003d54       0x68 ./source/Tracealyzer/trcStreamingRecorder.o
                0x00003d54                prvTraceStoreEvent2
 .text.prvTraceInitCortexM
                0x00003dbc       0x4c ./source/Tracealyzer/trcStreamingRecorder.o
                0x00003dbc                prvTraceInitCortexM
 .text.startup.main
                0x00003e08      0x110 ./source/BRDUINO_Nano.o
                0x00003e08                main
 .text.cmd_SUB_SYS_GET_CLOCKS
                0x00003f18       0x78 ./source/CmdSystem.o
                0x00003f18                cmd_SUB_SYS_GET_CLOCKS
 .text.SendPacketCMD
                0x00003f90       0x14 ./source/CommandHandler.o
                0x00003f90                SendPacketCMD
 .text.SendCommandType
                0x00003fa4        0xc ./source/CommandHandler.o
                0x00003fa4                SendCommandType
 .text.SendNAK  0x00003fb0       0x3c ./source/CommandHandler.o
                0x00003fb0                SendNAK
 .text.InitCommandHandler
                0x00003fec       0x2c ./source/CommandHandler.o
                0x00003fec                InitCommandHandler
 .text.CommandHandler
                0x00004018      0x14c ./source/CommandHandler.o
                0x00004018                CommandHandler
 .text.UART_CmdIF_HandleUSB
                0x00004164      0x130 ./source/CommandHandler.o
                0x00004164                UART_CmdIF_HandleUSB
 .text.UART_CmdIF_IRQHandler
                0x00004294      0x130 ./source/CommandHandler.o
                0x00004294                UART_CmdIF_IRQHandler
 .text.GetSystemInfoStructPtr
                0x000043c4        0x8 ./source/System.o
                0x000043c4                GetSystemInfoStructPtr
 .text.CRC_init
                0x000043cc       0x14 ./source/crc.o
                0x000043cc                CRC_init
 .text.CRC_Config
                0x000043e0       0x4c ./source/crc.o
                0x000043e0                CRC_Config
 .text.CRC_Cal_16
                0x0000442c       0x30 ./source/crc.o
                0x0000442c                CRC_Cal_16
 .text.UART_CmdIF_IRQDispatcher
                0x0000445c       0x78 ./source/uart.o
 .text.__NVIC_EnableIRQ
                0x000044d4       0x1c ./source/uart.o
 .text.GetUARTdescriptorFromPtr
                0x000044f0       0x14 ./source/uart.o
                0x000044f0                GetUARTdescriptorFromPtr
 .text.UART_InitIRQ
                0x00004504       0x5c ./source/uart.o
                0x00004504                UART_InitIRQ
 .text.UART_InitUart
                0x00004560       0x54 ./source/uart.o
                0x00004560                UART_InitUart
 .text.UART_SendPacketCMD
                0x000045b4       0xd4 ./source/uart.o
                0x000045b4                UART_SendPacketCMD
 .text.prvInsertBlockIntoFreeList
                0x00004688       0x48 ./freertos/freertos_kernel/portable/MemMang/heap_4.o
 .text.pvPortMalloc
                0x000046d0      0x150 ./freertos/freertos_kernel/portable/MemMang/heap_4.o
                0x000046d0                pvPortMalloc
 .text.vPortFree
                0x00004820       0xac ./freertos/freertos_kernel/portable/MemMang/heap_4.o
                0x00004820                vPortFree
 .text.prvPortStartFirstTask
                0x000048cc       0x28 ./freertos/freertos_kernel/portable/GCC/ARM_CM4F/port.o
 .text.vPortEnableVFP
                0x000048f4       0x14 ./freertos/freertos_kernel/portable/GCC/ARM_CM4F/port.o
 .text.prvTaskExitError
                0x00004908       0x40 ./freertos/freertos_kernel/portable/GCC/ARM_CM4F/port.o
 .text.pxPortInitialiseStack
                0x00004948       0x2c ./freertos/freertos_kernel/portable/GCC/ARM_CM4F/port.o
                0x00004948                pxPortInitialiseStack
 .text.vPortEnterCritical
                0x00004974       0x44 ./freertos/freertos_kernel/portable/GCC/ARM_CM4F/port.o
                0x00004974                vPortEnterCritical
 .text.vPortExitCritical
                0x000049b8       0x28 ./freertos/freertos_kernel/portable/GCC/ARM_CM4F/port.o
                0x000049b8                vPortExitCritical
 .text.SysTick_Handler
                0x000049e0       0x2c ./freertos/freertos_kernel/portable/GCC/ARM_CM4F/port.o
                0x000049e0                SysTick_Handler
 .text.vPortSetupTimerInterrupt
                0x00004a0c       0x34 ./freertos/freertos_kernel/portable/GCC/ARM_CM4F/port.o
                0x00004a0c                vPortSetupTimerInterrupt
 .text.xPortStartScheduler
                0x00004a40      0x108 ./freertos/freertos_kernel/portable/GCC/ARM_CM4F/port.o
                0x00004a40                xPortStartScheduler
 .text.vPortValidateInterruptPriority
                0x00004b48       0x5c ./freertos/freertos_kernel/portable/GCC/ARM_CM4F/port.o
                0x00004b48                vPortValidateInterruptPriority
 .text.xQueueGenericReset
                0x00004ba4       0x80 ./freertos/freertos_kernel/queue.o
                0x00004ba4                xQueueGenericReset
 .text.xQueueGenericCreate
                0x00004c24      0x100 ./freertos/freertos_kernel/queue.o
                0x00004c24                xQueueGenericCreate
 .text.xQueueGenericSend
                0x00004d24      0x26c ./freertos/freertos_kernel/queue.o
                0x00004d24                xQueueGenericSend
 .text.xQueueGenericSendFromISR
                0x00004f90      0x13c ./freertos/freertos_kernel/queue.o
                0x00004f90                xQueueGenericSendFromISR
 .text.xQueueReceive
                0x000050cc      0x25c ./freertos/freertos_kernel/queue.o
                0x000050cc                xQueueReceive
 .text.vQueueAddToRegistry
                0x00005328       0x48 ./freertos/freertos_kernel/queue.o
                0x00005328                vQueueAddToRegistry
 .text.vQueueUnregisterQueue
                0x00005370       0x28 ./freertos/freertos_kernel/queue.o
                0x00005370                vQueueUnregisterQueue
 .text.vQueueDelete
                0x00005398       0x7c ./freertos/freertos_kernel/queue.o
                0x00005398                vQueueDelete
 .text.prvResetNextTaskUnblockTime
                0x00005414       0x24 ./freertos/freertos_kernel/tasks.o
 .text.prvAddCurrentTaskToDelayedList
                0x00005438       0x8c ./freertos/freertos_kernel/tasks.o
 .text.prvIdleTask
                0x000054c4       0x6c ./freertos/freertos_kernel/tasks.o
 .text.xTaskCreate
                0x00005530      0x24c ./freertos/freertos_kernel/tasks.o
                0x00005530                xTaskCreate
 .text.vTaskStartScheduler
                0x0000577c       0xb8 ./freertos/freertos_kernel/tasks.o
                0x0000577c                vTaskStartScheduler
 .text.vTaskSuspendAll
                0x00005834       0x10 ./freertos/freertos_kernel/tasks.o
                0x00005834                vTaskSuspendAll
 .text.xTaskGetTickCount
                0x00005844        0xc ./freertos/freertos_kernel/tasks.o
                0x00005844                xTaskGetTickCount
 .text.xTaskIncrementTick
                0x00005850      0x14c ./freertos/freertos_kernel/tasks.o
                0x00005850                xTaskIncrementTick
 .text.xTaskResumeAll
                0x0000599c      0x108 ./freertos/freertos_kernel/tasks.o
                0x0000599c                xTaskResumeAll
 .text.vTaskDelay
                0x00005aa4       0x6c ./freertos/freertos_kernel/tasks.o
                0x00005aa4                vTaskDelay
 .text.vTaskSwitchContext
                0x00005b10       0xac ./freertos/freertos_kernel/tasks.o
                0x00005b10                vTaskSwitchContext
 .text.vTaskPlaceOnEventList
                0x00005bbc       0x34 ./freertos/freertos_kernel/tasks.o
                0x00005bbc                vTaskPlaceOnEventList
 .text.vTaskPlaceOnEventListRestricted
                0x00005bf0       0x60 ./freertos/freertos_kernel/tasks.o
                0x00005bf0                vTaskPlaceOnEventListRestricted
 .text.xTaskRemoveFromEventList
                0x00005c50       0xa0 ./freertos/freertos_kernel/tasks.o
                0x00005c50                xTaskRemoveFromEventList
 .text.vTaskInternalSetTimeOutState
                0x00005cf0       0x18 ./freertos/freertos_kernel/tasks.o
                0x00005cf0                vTaskInternalSetTimeOutState
 .text.xTaskCheckForTimeOut
                0x00005d08       0x78 ./freertos/freertos_kernel/tasks.o
                0x00005d08                xTaskCheckForTimeOut
 .text.vTaskMissedYield
                0x00005d80        0xc ./freertos/freertos_kernel/tasks.o
                0x00005d80                vTaskMissedYield
 .text.uxTaskGetStackHighWaterMark
                0x00005d8c       0x20 ./freertos/freertos_kernel/tasks.o
                0x00005d8c                uxTaskGetStackHighWaterMark
 .text.xTaskGetCurrentTaskHandle
                0x00005dac        0xc ./freertos/freertos_kernel/tasks.o
                0x00005dac                xTaskGetCurrentTaskHandle
 .text.xTaskGetSchedulerState
                0x00005db8       0x20 ./freertos/freertos_kernel/tasks.o
                0x00005db8                xTaskGetSchedulerState
 .text.xTaskPriorityDisinherit
                0x00005dd8       0xe8 ./freertos/freertos_kernel/tasks.o
                0x00005dd8                xTaskPriorityDisinherit
 .text.xTaskNotifyWait
                0x00005ec0       0xd4 ./freertos/freertos_kernel/tasks.o
                0x00005ec0                xTaskNotifyWait
 .text.xTaskGenericNotifyFromISR
                0x00005f94      0x150 ./freertos/freertos_kernel/tasks.o
                0x00005f94                xTaskGenericNotifyFromISR
 .text.prvCheckForValidListAndQueue
                0x000060e4       0x58 ./freertos/freertos_kernel/timers.o
 .text.prvInsertTimerInActiveList
                0x0000613c       0x3c ./freertos/freertos_kernel/timers.o
 .text.xTimerCreateTimerTask
                0x00006178       0x50 ./freertos/freertos_kernel/timers.o
                0x00006178                xTimerCreateTimerTask
 .text.xTimerGenericCommand
                0x000061c8       0x58 ./freertos/freertos_kernel/timers.o
                0x000061c8                xTimerGenericCommand
 .text.prvSwitchTimerLists
                0x00006220       0x7c ./freertos/freertos_kernel/timers.o
 .text.prvTimerTask
                0x0000629c      0x1f8 ./freertos/freertos_kernel/timers.o
 .text.ADC16_Init
                0x00006494       0xb0 ./drivers/fsl_adc16.o
                0x00006494                ADC16_Init
 .text.CLOCK_GetMcgExtClkFreq
                0x00006544       0x34 ./drivers/fsl_clock.o
 .text.CLOCK_GetFllExtRefClkFreq
                0x00006578       0x44 ./drivers/fsl_clock.o
 .text.CLOCK_GetInternalRefClkSelectFreq
                0x000065bc       0x28 ./drivers/fsl_clock.o
 .text.CLOCK_GetOsc0ErClkUndivFreq
                0x000065e4       0x18 ./drivers/fsl_clock.o
                0x000065e4                CLOCK_GetOsc0ErClkUndivFreq
 .text.CLOCK_GetOsc0ErClkDivFreq
                0x000065fc       0x20 ./drivers/fsl_clock.o
                0x000065fc                CLOCK_GetOsc0ErClkDivFreq
 .text.CLOCK_GetEr32kClkFreq
                0x0000661c       0x3c ./drivers/fsl_clock.o
                0x0000661c                CLOCK_GetEr32kClkFreq
 .text.CLOCK_SetSimConfig
                0x00006658       0x3c ./drivers/fsl_clock.o
                0x00006658                CLOCK_SetSimConfig
 .text.CLOCK_EnableUsbfs0Clock
                0x00006694       0xb4 ./drivers/fsl_clock.o
                0x00006694                CLOCK_EnableUsbfs0Clock
 .text.CLOCK_GetFllFreq
                0x00006748       0x50 ./drivers/fsl_clock.o
                0x00006748                CLOCK_GetFllFreq
 .text.CLOCK_GetInternalRefClkFreq
                0x00006798       0x14 ./drivers/fsl_clock.o
                0x00006798                CLOCK_GetInternalRefClkFreq
 .text.CLOCK_GetPll0Freq
                0x000067ac       0x2c ./drivers/fsl_clock.o
                0x000067ac                CLOCK_GetPll0Freq
 .text.CLOCK_GetPllFllSelClkFreq
                0x000067d8       0x30 ./drivers/fsl_clock.o
                0x000067d8                CLOCK_GetPllFllSelClkFreq
 .text.CLOCK_GetOutClkFreq
                0x00006808       0x28 ./drivers/fsl_clock.o
                0x00006808                CLOCK_GetOutClkFreq
 .text.CLOCK_GetBusClkFreq
                0x00006830       0x20 ./drivers/fsl_clock.o
                0x00006830                CLOCK_GetBusClkFreq
 .text.CLOCK_GetCoreSysClkFreq
                0x00006850       0x1c ./drivers/fsl_clock.o
                0x00006850                CLOCK_GetCoreSysClkFreq
 .text.CLOCK_GetFixedFreqClkFreq
                0x0000686c       0x30 ./drivers/fsl_clock.o
                0x0000686c                CLOCK_GetFixedFreqClkFreq
 .text.CLOCK_GetFreq
                0x0000689c       0xc0 ./drivers/fsl_clock.o
                0x0000689c                CLOCK_GetFreq
 .text.CLOCK_SetExternalRefClkConfig
                0x0000695c       0x34 ./drivers/fsl_clock.o
                0x0000695c                CLOCK_SetExternalRefClkConfig
 .text.CLOCK_SetFeeMode
                0x00006990       0x84 ./drivers/fsl_clock.o
                0x00006990                CLOCK_SetFeeMode
 .text.SDK_DelayAtLeastUs
                0x00006a14       0x20 ./drivers/fsl_common.o
                0x00006a14                SDK_DelayAtLeastUs
 .text.DSPI_CommonIRQHandler
                0x00006a34       0x20 ./drivers/fsl_dspi.o
 .text.SPI0_DriverIRQHandler
                0x00006a54       0x14 ./drivers/fsl_dspi.o
                0x00006a54                SPI0_DriverIRQHandler
 .text.SPI1_DriverIRQHandler
                0x00006a68       0x14 ./drivers/fsl_dspi.o
                0x00006a68                SPI1_DriverIRQHandler
 .text.FTM_Init
                0x00006a7c      0x200 ./drivers/fsl_ftm.o
                0x00006a7c                FTM_Init
 .text.FTM_SetupPwm
                0x00006c7c      0x164 ./drivers/fsl_ftm.o
                0x00006c7c                FTM_SetupPwm
 .text.I2C_TransferCommonIRQHandler
                0x00006de0       0x28 ./drivers/fsl_i2c.o
 .text.I2C0_DriverIRQHandler
                0x00006e08       0x14 ./drivers/fsl_i2c.o
                0x00006e08                I2C0_DriverIRQHandler
 .text.I2C1_DriverIRQHandler
                0x00006e1c       0x14 ./drivers/fsl_i2c.o
                0x00006e1c                I2C1_DriverIRQHandler
 .text.PIT_Init
                0x00006e30       0x48 ./drivers/fsl_pit.o
                0x00006e30                PIT_Init
 .text.UART_GetInstance
                0x00006e78       0x28 ./drivers/fsl_uart.o
                0x00006e78                UART_GetInstance
 .text.UART_Init
                0x00006ea0       0xf0 ./drivers/fsl_uart.o
                0x00006ea0                UART_Init
 .text.UART2_DriverIRQHandler
                0x00006f90       0x20 ./drivers/fsl_uart.o
                0x00006f90                UART2_DriverIRQHandler
 .text.VREF_Init
                0x00006fb0       0x34 ./drivers/fsl_vref.o
                0x00006fb0                VREF_Init
 .text.SystemCoreClockUpdate
                0x00006fe4      0x160 ./device/system_MK22F51212.o
                0x00006fe4                SystemCoreClockUpdate
 .text.SystemInit
                0x00007144       0x34 ./device/system_MK22F51212.o
                0x00007144                SystemInit
 .text.ADC0_IRQHandler
                0x00007178       0x98 ./board/board.o
                0x00007178                ADC0_IRQHandler
 .text.BOARD_get_ADC
                0x00007210       0x5c ./board/board.o
                0x00007210                BOARD_get_ADC
 .text.BOARD_get_ADC_float
                0x0000726c       0x3c ./board/board.o
                0x0000726c                BOARD_get_ADC_float
 .text.BOARD_InitFTM0
                0x000072a8       0x78 ./board/board.o
                0x000072a8                BOARD_InitFTM0
 .text.BOARD_SetOwnAddress
                0x00007320        0xc ./board/board.o
                0x00007320                BOARD_SetOwnAddress
 .text.BOARD_GetOwnAddress
                0x0000732c        0xc ./board/board.o
                0x0000732c                BOARD_GetOwnAddress
 .text.FTM0_IRQHandler
                0x00007338       0x14 ./board/board.o
                0x00007338                FTM0_IRQHandler
 .text.FTM1_IRQHandler
                0x0000734c       0x10 ./board/board.o
                0x0000734c                FTM1_IRQHandler
 .text.FTM2_IRQHandler
                0x0000735c       0x10 ./board/board.o
                0x0000735c                FTM2_IRQHandler
 .text.PIT0_IRQHandler
                0x0000736c       0x98 ./board/board.o
                0x0000736c                PIT0_IRQHandler
 .text.PIT1_IRQHandler
                0x00007404       0x14 ./board/board.o
                0x00007404                PIT1_IRQHandler
 .text.BOARD_InitPIT
                0x00007418       0x94 ./board/board.o
                0x00007418                BOARD_InitPIT
 .text.BOARD_InitVREF
                0x000074ac       0x10 ./board/board.o
                0x000074ac                BOARD_InitVREF
 .text.BOARD_Init
                0x000074bc      0x200 ./board/board.o
                0x000074bc                BOARD_Init
 .text.BOARD_SetGPIOpin
                0x000076bc       0x2c ./board/board.o
                0x000076bc                BOARD_SetGPIOpin
 .text.BOARD_BootClockRUN
                0x000076e8       0xa8 ./board/clock_config.o
                0x000076e8                BOARD_BootClockRUN
 .text.malloc   0x00007790       0xc8 c:/nxp/mcuxpressoide_11.2.1_4149/ide/plugins/com.nxp.mcuxpresso.tools.win32_11.2.0.202008311134/tools/bin/../lib/gcc/arm-none-eabi/9.2.1/../../../../arm-none-eabi/lib/thumb/v7e-m+fp/hard\libcr_c.a(alloc.o)
                0x00007790                malloc
 .text._Csys_alloc
                0x00007858       0x20 c:/nxp/mcuxpressoide_11.2.1_4149/ide/plugins/com.nxp.mcuxpresso.tools.win32_11.2.0.202008311134/tools/bin/../lib/gcc/arm-none-eabi/9.2.1/../../../../arm-none-eabi/lib/thumb/v7e-m+fp/hard\libcr_c.a(alloc.o)
                0x00007858                _Csys_alloc
 .text._initio  0x00007878       0x78 c:/nxp/mcuxpressoide_11.2.1_4149/ide/plugins/com.nxp.mcuxpresso.tools.win32_11.2.0.202008311134/tools/bin/../lib/gcc/arm-none-eabi/9.2.1/../../../../arm-none-eabi/lib/thumb/v7e-m+fp/hard\libcr_c.a(initio.o)
                0x00007878                _initio
 .text.__vfprintf
                0x000078f0      0xce8 c:/nxp/mcuxpressoide_11.2.1_4149/ide/plugins/com.nxp.mcuxpresso.tools.win32_11.2.0.202008311134/tools/bin/../lib/gcc/arm-none-eabi/9.2.1/../../../../arm-none-eabi/lib/thumb/v7e-m+fp/hard\libcr_c.a(printf.o)
                0x000078f0                __vfprintf
 .text._vsnprintf
                0x000085d8       0x68 c:/nxp/mcuxpressoide_11.2.1_4149/ide/plugins/com.nxp.mcuxpresso.tools.win32_11.2.0.202008311134/tools/bin/../lib/gcc/arm-none-eabi/9.2.1/../../../../arm-none-eabi/lib/thumb/v7e-m+fp/hard\libcr_c.a(printf.o)
                0x000085d8                _vsnprintf
 .text._printf  0x00008640       0x54 c:/nxp/mcuxpressoide_11.2.1_4149/ide/plugins/com.nxp.mcuxpresso.tools.win32_11.2.0.202008311134/tools/bin/../lib/gcc/arm-none-eabi/9.2.1/../../../../arm-none-eabi/lib/thumb/v7e-m+fp/hard\libcr_c.a(printf.o)
                0x00008640                _printf
 .text._sbrk    0x00008694       0x3c c:/nxp/mcuxpressoide_11.2.1_4149/ide/plugins/com.nxp.mcuxpresso.tools.win32_11.2.0.202008311134/tools/bin/../lib/gcc/arm-none-eabi/9.2.1/../../../../arm-none-eabi/lib/thumb/v7e-m+fp/hard\libcr_c.a(_cr_sbrk.o)
                0x00008694                _sbrk
 .text._Cwritebuf
                0x000086d0       0x6c c:/nxp/mcuxpressoide_11.2.1_4149/ide/plugins/com.nxp.mcuxpresso.tools.win32_11.2.0.202008311134/tools/bin/../lib/gcc/arm-none-eabi/9.2.1/../../../../arm-none-eabi/lib/thumb/v7e-m+fp/hard\libcr_c.a(_writebuf.o)
                0x000086d0                _Cwritebuf
 .text.fflush   0x0000873c       0x44 c:/nxp/mcuxpressoide_11.2.1_4149/ide/plugins/com.nxp.mcuxpresso.tools.win32_11.2.0.202008311134/tools/bin/../lib/gcc/arm-none-eabi/9.2.1/../../../../arm-none-eabi/lib/thumb/v7e-m+fp/hard\libcr_c.a(fflush.o)
                0x0000873c                fflush
 .text.fseek    0x00008780      0x100 c:/nxp/mcuxpressoide_11.2.1_4149/ide/plugins/com.nxp.mcuxpresso.tools.win32_11.2.0.202008311134/tools/bin/../lib/gcc/arm-none-eabi/9.2.1/../../../../arm-none-eabi/lib/thumb/v7e-m+fp/hard\libcr_c.a(fseek.o)
                0x00008780                fseek
 .text.ftell    0x00008880       0x44 c:/nxp/mcuxpressoide_11.2.1_4149/ide/plugins/com.nxp.mcuxpresso.tools.win32_11.2.0.202008311134/tools/bin/../lib/gcc/arm-none-eabi/9.2.1/../../../../arm-none-eabi/lib/thumb/v7e-m+fp/hard\libcr_c.a(ftell.o)
                0x00008880                ftell
 .text.__check_heap_overflow
                0x000088c4       0x18 c:/nxp/mcuxpressoide_11.2.1_4149/ide/plugins/com.nxp.mcuxpresso.tools.win32_11.2.0.202008311134/tools/bin/../lib/gcc/arm-none-eabi/9.2.1/../../../../arm-none-eabi/lib/thumb/v7e-m+fp/hard\libcr_c.a(_cr_check_heap.o)
                0x000088c4                __check_heap_overflow
 .text.__aeabi_dsub
                0x000088dc      0x1b0 c:/nxp/mcuxpressoide_11.2.1_4149/ide/plugins/com.nxp.mcuxpresso.tools.win32_11.2.0.202008311134/tools/bin/../lib/gcc/arm-none-eabi/9.2.1/thumb/v7e-m+fp/hard\libcr_eabihelpers.a(double.o)
                0x000088dc                __aeabi_dsub
 .text.__aeabi_dadd
                0x00008a8c      0x114 c:/nxp/mcuxpressoide_11.2.1_4149/ide/plugins/com.nxp.mcuxpresso.tools.win32_11.2.0.202008311134/tools/bin/../lib/gcc/arm-none-eabi/9.2.1/thumb/v7e-m+fp/hard\libcr_eabihelpers.a(double.o)
                0x00008a8c                __aeabi_dadd
 .text.__aeabi_f2d
                0x00008ba0       0x38 c:/nxp/mcuxpressoide_11.2.1_4149/ide/plugins/com.nxp.mcuxpresso.tools.win32_11.2.0.202008311134/tools/bin/../lib/gcc/arm-none-eabi/9.2.1/thumb/v7e-m+fp/hard\libcr_eabihelpers.a(float.o)
                0x00008ba0                __aeabi_f2d
 .text.__sys_appexit
                0x00008bd8        0xc c:/nxp/mcuxpressoide_11.2.1_4149/ide/plugins/com.nxp.mcuxpresso.tools.win32_11.2.0.202008311134/tools/bin/../lib/gcc/arm-none-eabi/9.2.1/../../../../arm-none-eabi/lib/thumb/v7e-m+fp/hard\libcr_semihost_nf.a(__sys_appexit.o)
                0x00008bd8                __sys_appexit
                0x00008bd8                __exit
 .text.USB_DeviceKhciSetDefaultState
                0x00008be4       0x90 ./usb/device/source/khci/usb_device_khci.o
 .text.USB_DeviceKhciPrimeNextSetup
                0x00008c74       0x34 ./usb/device/source/khci/usb_device_khci.o
 .text.USB_DeviceKhciDeinit
                0x00008ca8       0x2a ./usb/device/source/khci/usb_device_khci.o
                0x00008ca8                USB_DeviceKhciDeinit
 .text.USB_DeviceKhciSend
                0x00008cd2       0x86 ./usb/device/source/khci/usb_device_khci.o
                0x00008cd2                USB_DeviceKhciSend
 .text.USB_DeviceKhciRecv
                0x00008d58       0x9c ./usb/device/source/khci/usb_device_khci.o
                0x00008d58                USB_DeviceKhciRecv
 .text.USB_DeviceKhciCancel
                0x00008df4       0x4a ./usb/device/source/khci/usb_device_khci.o
                0x00008df4                USB_DeviceKhciCancel
 .text.USB_DeviceKhciEndpointUnstall
                0x00008e3e       0x8a ./usb/device/source/khci/usb_device_khci.o
 .text.USB_DeviceKhciEndpointDeinit
                0x00008ec8       0x2a ./usb/device/source/khci/usb_device_khci.o
 .text.USB_DeviceKhciControl
                0x00008ef2      0x1fa ./usb/device/source/khci/usb_device_khci.o
                0x00008ef2                USB_DeviceKhciControl
 .text.USB_DeviceKhciIsrFunction
                0x000090ec      0x2c0 ./usb/device/source/khci/usb_device_khci.o
                0x000090ec                USB_DeviceKhciIsrFunction
 .text.USB_DeviceCh9GetStatus
                0x000093ac       0x98 ./usb/device/source/usb_device_ch9.o
 .text.USB_DeviceCh9GetDescriptor
                0x00009444       0x86 ./usb/device/source/usb_device_ch9.o
 .text.USB_DeviceCh9SetAddress
                0x000094ca       0x5a ./usb/device/source/usb_device_ch9.o
 .text.USB_DeviceCh9SetClearFeature
                0x00009524       0x8c ./usb/device/source/usb_device_ch9.o
 .text.USB_DeviceCh9SynchFrame
                0x000095b0       0x42 ./usb/device/source/usb_device_ch9.o
 .text.USB_DeviceCh9SetInterface
                0x000095f2       0x48 ./usb/device/source/usb_device_ch9.o
 .text.USB_DeviceCh9GetInterface
                0x0000963a       0x42 ./usb/device/source/usb_device_ch9.o
 .text.USB_DeviceCh9GetConfiguration
                0x0000967c       0x3c ./usb/device/source/usb_device_ch9.o
 .text.USB_DeviceCh9SetConfiguration
                0x000096b8       0x64 ./usb/device/source/usb_device_ch9.o
 .text.USB_DeviceControlCallbackFeedback
                0x0000971c       0x68 ./usb/device/source/usb_device_ch9.o
 .text.USB_DeviceControl
                0x00009784       0x14 ./usb/device/source/usb_device_dci.o
 .text.USB_DeviceTransfer
                0x00009798       0x76 ./usb/device/source/usb_device_dci.o
 .text.USB_DeviceNotificationTrigger
                0x0000980e       0xa8 ./usb/device/source/usb_device_dci.o
                0x0000980e                USB_DeviceNotificationTrigger
 .text.USB_DeviceRun
                0x000098b6        0x8 ./usb/device/source/usb_device_dci.o
                0x000098b6                USB_DeviceRun
 .text.USB_DeviceDeinit
                0x000098be       0x32 ./usb/device/source/usb_device_dci.o
                0x000098be                USB_DeviceDeinit
 .text.USB_DeviceSendRequest
                0x000098f0        0xc ./usb/device/source/usb_device_dci.o
                0x000098f0                USB_DeviceSendRequest
 .text.USB_DeviceRecvRequest
                0x000098fc        0x8 ./usb/device/source/usb_device_dci.o
                0x000098fc                USB_DeviceRecvRequest
 .text.USB_DeviceInitEndpoint
                0x00009904       0x3e ./usb/device/source/usb_device_dci.o
                0x00009904                USB_DeviceInitEndpoint
 .text.USB_DeviceDeinitEndpoint
                0x00009942       0x3e ./usb/device/source/usb_device_dci.o
                0x00009942                USB_DeviceDeinitEndpoint
 .text.USB_DeviceStallEndpoint
                0x00009980       0x20 ./usb/device/source/usb_device_dci.o
                0x00009980                USB_DeviceStallEndpoint
 .text.USB_DeviceUnstallEndpoint
                0x000099a0       0x20 ./usb/device/source/usb_device_dci.o
                0x000099a0                USB_DeviceUnstallEndpoint
 .text.USB_DeviceGetStatus
                0x000099c0       0x42 ./usb/device/source/usb_device_dci.o
                0x000099c0                USB_DeviceGetStatus
 .text.USB_DeviceSetStatus
                0x00009a02       0x62 ./usb/device/source/usb_device_dci.o
                0x00009a02                USB_DeviceSetStatus
 .text.USB_DeviceCdcAcmInterruptIn
                0x00009a64       0x20 ./usb/device/class/cdc/usb_device_cdc_acm.o
 .text.USB_DeviceCdcAcmBulkIn
                0x00009a84       0x20 ./usb/device/class/cdc/usb_device_cdc_acm.o
 .text.USB_DeviceCdcAcmBulkOut
                0x00009aa4       0x20 ./usb/device/class/cdc/usb_device_cdc_acm.o
 .text.USB_DeviceCdcAcmEndpointsDeinit
                0x00009ac4       0x56 ./usb/device/class/cdc/usb_device_cdc_acm.o
 .text.USB_DeviceCdcAcmEvent
                0x00009b1a      0x2fa ./usb/device/class/cdc/usb_device_cdc_acm.o
                0x00009b1a                USB_DeviceCdcAcmEvent
 .text.USB_DeviceCdcAcmDeinit
                0x00009e14       0x32 ./usb/device/class/cdc/usb_device_cdc_acm.o
                0x00009e14                USB_DeviceCdcAcmDeinit
 .text.USB_DeviceCdcAcmSend
                0x00009e46       0x4e ./usb/device/class/cdc/usb_device_cdc_acm.o
                0x00009e46                USB_DeviceCdcAcmSend
 .text.USB_DeviceCdcAcmRecv
                0x00009e94       0x3a ./usb/device/class/cdc/usb_device_cdc_acm.o
                0x00009e94                USB_DeviceCdcAcmRecv
 .text.USB_DeviceClassCallback
                0x00009ece       0x38 ./usb/device/class/usb_device_class.o
                0x00009ece                USB_DeviceClassCallback
 .text.DMA0_IRQHandler
                0x00009f06        0x8 ./startup/startup_mk22f51212.o
                0x00009f06                DMA0_IRQHandler
 .text.DMA1_IRQHandler
                0x00009f0e        0x8 ./startup/startup_mk22f51212.o
                0x00009f0e                DMA1_IRQHandler
 .text.DMA2_IRQHandler
                0x00009f16        0x8 ./startup/startup_mk22f51212.o
                0x00009f16                DMA2_IRQHandler
 .text.DMA3_IRQHandler
                0x00009f1e        0x8 ./startup/startup_mk22f51212.o
                0x00009f1e                DMA3_IRQHandler
 .text.DMA4_IRQHandler
                0x00009f26        0x8 ./startup/startup_mk22f51212.o
                0x00009f26                DMA4_IRQHandler
 .text.DMA5_IRQHandler
                0x00009f2e        0x8 ./startup/startup_mk22f51212.o
                0x00009f2e                DMA5_IRQHandler
 .text.DMA6_IRQHandler
                0x00009f36        0x8 ./startup/startup_mk22f51212.o
                0x00009f36                DMA6_IRQHandler
 .text.DMA7_IRQHandler
                0x00009f3e        0x8 ./startup/startup_mk22f51212.o
                0x00009f3e                DMA7_IRQHandler
 .text.DMA8_IRQHandler
                0x00009f46        0x8 ./startup/startup_mk22f51212.o
                0x00009f46                DMA8_IRQHandler
 .text.DMA9_IRQHandler
                0x00009f4e        0x8 ./startup/startup_mk22f51212.o
                0x00009f4e                DMA9_IRQHandler
 .text.DMA10_IRQHandler
                0x00009f56        0x8 ./startup/startup_mk22f51212.o
                0x00009f56                DMA10_IRQHandler
 .text.DMA11_IRQHandler
                0x00009f5e        0x8 ./startup/startup_mk22f51212.o
                0x00009f5e                DMA11_IRQHandler
 .text.DMA12_IRQHandler
                0x00009f66        0x8 ./startup/startup_mk22f51212.o
                0x00009f66                DMA12_IRQHandler
 .text.DMA13_IRQHandler
                0x00009f6e        0x8 ./startup/startup_mk22f51212.o
                0x00009f6e                DMA13_IRQHandler
 .text.DMA14_IRQHandler
                0x00009f76        0x8 ./startup/startup_mk22f51212.o
                0x00009f76                DMA14_IRQHandler
 .text.DMA15_IRQHandler
                0x00009f7e        0x8 ./startup/startup_mk22f51212.o
                0x00009f7e                DMA15_IRQHandler
 .text.DMA_Error_IRQHandler
                0x00009f86        0x8 ./startup/startup_mk22f51212.o
                0x00009f86                DMA_Error_IRQHandler
 .text.MCM_IRQHandler
                0x00009f8e        0x8 ./startup/startup_mk22f51212.o
                0x00009f8e                MCM_IRQHandler
 .text.FTF_IRQHandler
                0x00009f96        0x8 ./startup/startup_mk22f51212.o
                0x00009f96                FTF_IRQHandler
 .text.Read_Collision_IRQHandler
                0x00009f9e        0x8 ./startup/startup_mk22f51212.o
                0x00009f9e                Read_Collision_IRQHandler
 .text.LVD_LVW_IRQHandler
                0x00009fa6        0x8 ./startup/startup_mk22f51212.o
                0x00009fa6                LVD_LVW_IRQHandler
 .text.LLWU_IRQHandler
                0x00009fae        0x8 ./startup/startup_mk22f51212.o
                0x00009fae                LLWU_IRQHandler
 .text.WDOG_EWM_IRQHandler
                0x00009fb6        0x8 ./startup/startup_mk22f51212.o
                0x00009fb6                WDOG_EWM_IRQHandler
 .text.RNG_IRQHandler
                0x00009fbe        0x8 ./startup/startup_mk22f51212.o
                0x00009fbe                RNG_IRQHandler
 .text.I2C0_IRQHandler
                0x00009fc6        0x8 ./startup/startup_mk22f51212.o
                0x00009fc6                I2C0_IRQHandler
 .text.I2C1_IRQHandler
                0x00009fce        0x8 ./startup/startup_mk22f51212.o
                0x00009fce                I2C1_IRQHandler
 .text.SPI0_IRQHandler
                0x00009fd6        0x8 ./startup/startup_mk22f51212.o
                0x00009fd6                SPI0_IRQHandler
 .text.SPI1_IRQHandler
                0x00009fde        0x8 ./startup/startup_mk22f51212.o
                0x00009fde                SPI1_IRQHandler
 .text.I2S0_Tx_IRQHandler
                0x00009fe6        0x8 ./startup/startup_mk22f51212.o
                0x00009fe6                I2S0_Tx_IRQHandler
 .text.I2S0_Rx_IRQHandler
                0x00009fee        0x8 ./startup/startup_mk22f51212.o
                0x00009fee                I2S0_Rx_IRQHandler
 .text.LPUART0_IRQHandler
                0x00009ff6        0x8 ./startup/startup_mk22f51212.o
                0x00009ff6                LPUART0_IRQHandler
 .text.UART0_RX_TX_IRQHandler
                0x00009ffe        0x8 ./startup/startup_mk22f51212.o
                0x00009ffe                UART0_RX_TX_IRQHandler
 .text.UART0_ERR_IRQHandler
                0x0000a006        0x8 ./startup/startup_mk22f51212.o
                0x0000a006                UART0_ERR_IRQHandler
 .text.UART1_RX_TX_IRQHandler
                0x0000a00e        0x8 ./startup/startup_mk22f51212.o
                0x0000a00e                UART1_RX_TX_IRQHandler
 .text.UART1_ERR_IRQHandler
                0x0000a016        0x8 ./startup/startup_mk22f51212.o
                0x0000a016                UART1_ERR_IRQHandler
 .text.UART2_RX_TX_IRQHandler
                0x0000a01e        0x8 ./startup/startup_mk22f51212.o
                0x0000a01e                UART2_RX_TX_IRQHandler
 .text.UART2_ERR_IRQHandler
                0x0000a026        0x8 ./startup/startup_mk22f51212.o
                0x0000a026                UART2_ERR_IRQHandler
 .text.Reserved53_IRQHandler
                0x0000a02e        0x8 ./startup/startup_mk22f51212.o
                0x0000a02e                Reserved53_IRQHandler
 .text.Reserved54_IRQHandler
                0x0000a036        0x8 ./startup/startup_mk22f51212.o
                0x0000a036                Reserved54_IRQHandler
 .text.CMP0_IRQHandler
                0x0000a03e        0x8 ./startup/startup_mk22f51212.o
                0x0000a03e                CMP0_IRQHandler
 .text.CMP1_IRQHandler
                0x0000a046        0x8 ./startup/startup_mk22f51212.o
                0x0000a046                CMP1_IRQHandler
 .text.Reserved61_IRQHandler
                0x0000a04e        0x8 ./startup/startup_mk22f51212.o
                0x0000a04e                Reserved61_IRQHandler
 .text.RTC_IRQHandler
                0x0000a056        0x8 ./startup/startup_mk22f51212.o
                0x0000a056                RTC_IRQHandler
 .text.RTC_Seconds_IRQHandler
                0x0000a05e        0x8 ./startup/startup_mk22f51212.o
                0x0000a05e                RTC_Seconds_IRQHandler
 .text.PIT2_IRQHandler
                0x0000a066        0x8 ./startup/startup_mk22f51212.o
                0x0000a066                PIT2_IRQHandler
 .text.PIT3_IRQHandler
                0x0000a06e        0x8 ./startup/startup_mk22f51212.o
                0x0000a06e                PIT3_IRQHandler
 .text.PDB0_IRQHandler
                0x0000a076        0x8 ./startup/startup_mk22f51212.o
                0x0000a076                PDB0_IRQHandler
 .text.Reserved70_IRQHandler
                0x0000a07e        0x8 ./startup/startup_mk22f51212.o
                0x0000a07e                Reserved70_IRQHandler
 .text.Reserved71_IRQHandler
                0x0000a086        0x8 ./startup/startup_mk22f51212.o
                0x0000a086                Reserved71_IRQHandler
 .text.DAC0_IRQHandler
                0x0000a08e        0x8 ./startup/startup_mk22f51212.o
                0x0000a08e                DAC0_IRQHandler
 .text.MCG_IRQHandler
                0x0000a096        0x8 ./startup/startup_mk22f51212.o
                0x0000a096                MCG_IRQHandler
 .text.LPTMR0_IRQHandler
                0x0000a09e        0x8 ./startup/startup_mk22f51212.o
                0x0000a09e                LPTMR0_IRQHandler
 .text.PORTA_IRQHandler
                0x0000a0a6        0x8 ./startup/startup_mk22f51212.o
                0x0000a0a6                PORTA_IRQHandler
 .text.PORTB_IRQHandler
                0x0000a0ae        0x8 ./startup/startup_mk22f51212.o
                0x0000a0ae                PORTB_IRQHandler
 .text.PORTC_IRQHandler
                0x0000a0b6        0x8 ./startup/startup_mk22f51212.o
                0x0000a0b6                PORTC_IRQHandler
 .text.PORTD_IRQHandler
                0x0000a0be        0x8 ./startup/startup_mk22f51212.o
                0x0000a0be                PORTD_IRQHandler
 .text.PORTE_IRQHandler
                0x0000a0c6        0x8 ./startup/startup_mk22f51212.o
                0x0000a0c6                PORTE_IRQHandler
 .text.SWI_IRQHandler
                0x0000a0ce        0x8 ./startup/startup_mk22f51212.o
                0x0000a0ce                SWI_IRQHandler
 .text.Reserved81_IRQHandler
                0x0000a0d6        0x8 ./startup/startup_mk22f51212.o
                0x0000a0d6                Reserved81_IRQHandler
 .text.Reserved82_IRQHandler
                0x0000a0de        0x8 ./startup/startup_mk22f51212.o
                0x0000a0de                Reserved82_IRQHandler
 .text.Reserved83_IRQHandler
                0x0000a0e6        0x8 ./startup/startup_mk22f51212.o
                0x0000a0e6                Reserved83_IRQHandler
 .text.Reserved84_IRQHandler
                0x0000a0ee        0x8 ./startup/startup_mk22f51212.o
                0x0000a0ee                Reserved84_IRQHandler
 .text.Reserved85_IRQHandler
                0x0000a0f6        0x8 ./startup/startup_mk22f51212.o
                0x0000a0f6                Reserved85_IRQHandler
 .text.Reserved86_IRQHandler
                0x0000a0fe        0x8 ./startup/startup_mk22f51212.o
                0x0000a0fe                Reserved86_IRQHandler
 .text.FTM3_IRQHandler
                0x0000a106        0x8 ./startup/startup_mk22f51212.o
                0x0000a106                FTM3_IRQHandler
 .text.DAC1_IRQHandler
                0x0000a10e        0x8 ./startup/startup_mk22f51212.o
                0x0000a10e                DAC1_IRQHandler
 .text.ADC1_IRQHandler
                0x0000a116        0x8 ./startup/startup_mk22f51212.o
                0x0000a116                ADC1_IRQHandler
 .text.USB_SendPacketCMD
                0x0000a11e       0x88 ./source/usb/virtual_com.o
                0x0000a11e                USB_SendPacketCMD
 .text._GetAvailWriteSpace
                0x0000a1a6       0x1c ./source/Tracealyzer/streamports/Jlink_RTT/SEGGER_RTT.o
 .text._WriteNoCheck
                0x0000a1c2       0x38 ./source/Tracealyzer/streamports/Jlink_RTT/SEGGER_RTT.o
 .text._WriteBlocking
                0x0000a1fa       0x52 ./source/Tracealyzer/streamports/Jlink_RTT/SEGGER_RTT.o
 .text.SEGGER_RTT_Read
                0x0000a24c       0x1c ./source/Tracealyzer/streamports/Jlink_RTT/SEGGER_RTT.o
                0x0000a24c                SEGGER_RTT_Read
 .text.writeToRTT
                0x0000a268       0x16 ./source/Tracealyzer/streamports/Jlink_RTT/trcStreamingPort.o
                0x0000a268                writeToRTT
 .text.prvTraceGetTaskNumberHigh16
                0x0000a27e        0xa ./source/Tracealyzer/trcKernelPort.o
                0x0000a27e                prvTraceGetTaskNumberHigh16
 .text.prvTraceSetTaskNumberHigh16
                0x0000a288       0x1a ./source/Tracealyzer/trcKernelPort.o
                0x0000a288                prvTraceSetTaskNumberHigh16
 .text.prvTraceGetQueueNumberHigh16
                0x0000a2a2        0xa ./source/Tracealyzer/trcKernelPort.o
                0x0000a2a2                prvTraceGetQueueNumberHigh16
 .text.prvTraceSetQueueNumberHigh16
                0x0000a2ac       0x1a ./source/Tracealyzer/trcKernelPort.o
                0x0000a2ac                prvTraceSetQueueNumberHigh16
 .text.prvTraceGetCurrentTaskHandle
                0x0000a2c6        0x4 ./source/Tracealyzer/trcKernelPort.o
                0x0000a2c6                prvTraceGetCurrentTaskHandle
 .text.prvIsValidCommand
                0x0000a2ca       0x3c ./source/Tracealyzer/trcStreamingRecorder.o
                0x0000a2ca                prvIsValidCommand
 .text.vTraceStop
                0x0000a306        0x6 ./source/Tracealyzer/trcStreamingRecorder.o
                0x0000a306                vTraceStop
 .text.prvTraceStoreStringEvent
                0x0000a30c       0x2c ./source/Tracealyzer/trcStreamingRecorder.o
                0x0000a30c                prvTraceStoreStringEvent
 .text.xTraceRegisterString
                0x0000a338       0x1c ./source/Tracealyzer/trcStreamingRecorder.o
                0x0000a338                xTraceRegisterString
 .text.prvProcessCommand
                0x0000a354        0xe ./source/Tracealyzer/trcStreamingRecorder.o
                0x0000a354                prvProcessCommand
 .text.vTraceVPrintF
                0x0000a362       0x52 ./source/Tracealyzer/trcStreamingRecorder.o
                0x0000a362                vTraceVPrintF
 .text.vTracePrintF
                0x0000a3b4       0x1a ./source/Tracealyzer/trcStreamingRecorder.o
                0x0000a3b4                vTracePrintF
 .text.CommunicationTask
                0x0000a3ce       0x2c ./source/BRDUINO_Nano.o
                0x0000a3ce                CommunicationTask
 .text.SUB_GetSystemInfo
                0x0000a3fa       0x3a ./source/CmdInfo.o
                0x0000a3fa                SUB_GetSystemInfo
 .text.InfoCommandHandler
                0x0000a434       0x1c ./source/CmdInfo.o
                0x0000a434                InfoCommandHandler
 .text.cmd_SUB_SYS_REQUEST_PING
                0x0000a450       0x46 ./source/CmdSystem.o
                0x0000a450                cmd_SUB_SYS_REQUEST_PING
 .text.cmd_SUB_SYS_GET_ADC_VALUE
                0x0000a496       0x4e ./source/CmdSystem.o
                0x0000a496                cmd_SUB_SYS_GET_ADC_VALUE
 .text.cmd_SUB_SYS_GET_ALL_ADC_VALUES
                0x0000a4e4       0x5c ./source/CmdSystem.o
                0x0000a4e4                cmd_SUB_SYS_GET_ALL_ADC_VALUES
 .text.cmd_SUB_SYS_GET_ALL_ADC_VAL_FLOAT
                0x0000a540       0x5a ./source/CmdSystem.o
                0x0000a540                cmd_SUB_SYS_GET_ALL_ADC_VAL_FLOAT
 .text.cmd_SUB_SYS_GET_DEVICE_TYPE
                0x0000a59a       0x36 ./source/CmdSystem.o
                0x0000a59a                cmd_SUB_SYS_GET_DEVICE_TYPE
 .text.cmd_SUB_SYS_SET_DEVICE_OWN_ADDR
                0x0000a5d0       0x3e ./source/CmdSystem.o
                0x0000a5d0                cmd_SUB_SYS_SET_DEVICE_OWN_ADDR
 .text.SystemCommandHandler
                0x0000a60e       0x9e ./source/CmdSystem.o
                0x0000a60e                SystemCommandHandler
 .text.SetVal_16
                0x0000a6ac        0x8 ./source/Misc.o
                0x0000a6ac                SetVal_16
 .text.SetVal_32
                0x0000a6b4       0x10 ./source/Misc.o
                0x0000a6b4                SetVal_32
 .text.SetVal_Float
                0x0000a6c4        0x8 ./source/Misc.o
                0x0000a6c4                SetVal_Float
 .text.MakeCommandHeader
                0x0000a6cc       0x1a ./source/Misc.o
                0x0000a6cc                MakeCommandHeader
 .text.GetSystemDeviceType
                0x0000a6e6        0x4 ./source/System.o
                0x0000a6e6                GetSystemDeviceType
 .text.HardFault_Handler
                0x0000a6ea       0x2a ./source/semihost_hardfault.o
                0x0000a6ea                HardFault_Handler
 .text.UART0_RX_TX_DriverIRQHandler
                0x0000a714        0x6 ./source/uart.o
                0x0000a714                UART0_RX_TX_DriverIRQHandler
 .text.UART1_RX_TX_DriverIRQHandler
                0x0000a71a        0x6 ./source/uart.o
                0x0000a71a                UART1_RX_TX_DriverIRQHandler
 .text.set_rs485_data_enable
                0x0000a720       0x20 ./source/uart.o
                0x0000a720                set_rs485_data_enable
 .text.clr_rs485_data_enable
                0x0000a740       0x22 ./source/uart.o
                0x0000a740                clr_rs485_data_enable
 .text.wait_rs485_tx_done
                0x0000a762        0xc ./source/uart.o
                0x0000a762                wait_rs485_tx_done
 .text.vListInitialise
                0x0000a76e       0x16 ./freertos/freertos_kernel/list.o
                0x0000a76e                vListInitialise
 .text.vListInitialiseItem
                0x0000a784        0x6 ./freertos/freertos_kernel/list.o
                0x0000a784                vListInitialiseItem
 .text.vListInsertEnd
                0x0000a78a       0x18 ./freertos/freertos_kernel/list.o
                0x0000a78a                vListInsertEnd
 .text.vListInsert
                0x0000a7a2       0x2e ./freertos/freertos_kernel/list.o
                0x0000a7a2                vListInsert
 .text.uxListRemove
                0x0000a7d0       0x20 ./freertos/freertos_kernel/list.o
                0x0000a7d0                uxListRemove
 .text.prvIsQueueEmpty
                0x0000a7f0       0x16 ./freertos/freertos_kernel/queue.o
 .text.prvCopyDataToQueue
                0x0000a806       0x6a ./freertos/freertos_kernel/queue.o
 .text.prvCopyDataFromQueue
                0x0000a870       0x2c ./freertos/freertos_kernel/queue.o
 .text.prvUnlockQueue
                0x0000a89c       0x70 ./freertos/freertos_kernel/queue.o
 .text.xQueueCreateMutex
                0x0000a90c       0x24 ./freertos/freertos_kernel/queue.o
                0x0000a90c                xQueueCreateMutex
 .text.uxQueueGetQueueNumber
                0x0000a930        0x4 ./freertos/freertos_kernel/queue.o
                0x0000a930                uxQueueGetQueueNumber
 .text.vQueueSetQueueNumber
                0x0000a934        0x4 ./freertos/freertos_kernel/queue.o
                0x0000a934                vQueueSetQueueNumber
 .text.vQueueWaitForMessageRestricted
                0x0000a938       0x46 ./freertos/freertos_kernel/queue.o
                0x0000a938                vQueueWaitForMessageRestricted
 .text.uxTaskGetTaskNumber
                0x0000a97e        0x6 ./freertos/freertos_kernel/tasks.o
                0x0000a97e                uxTaskGetTaskNumber
 .text.vTaskSetTaskNumber
                0x0000a984        0x6 ./freertos/freertos_kernel/tasks.o
                0x0000a984                vTaskSetTaskNumber
 .text.ADC16_SetChannelMuxMode
                0x0000a98a       0x12 ./drivers/fsl_adc16.o
                0x0000a98a                ADC16_SetChannelMuxMode
 .text.ADC16_GetStatusFlags
                0x0000a99c       0x14 ./drivers/fsl_adc16.o
                0x0000a99c                ADC16_GetStatusFlags
 .text.ADC16_DoAutoCalibration
                0x0000a9b0       0x92 ./drivers/fsl_adc16.o
                0x0000a9b0                ADC16_DoAutoCalibration
 .text.ADC16_SetChannelConfig
                0x0000aa42       0x1e ./drivers/fsl_adc16.o
                0x0000aa42                ADC16_SetChannelConfig
 .text.CLOCK_BootToFeeMode
                0x0000aa60       0x22 ./drivers/fsl_clock.o
                0x0000aa60                CLOCK_BootToFeeMode
 .text.FTM_GetDefaultConfig
                0x0000aa82       0x26 ./drivers/fsl_ftm.o
                0x0000aa82                FTM_GetDefaultConfig
 .text.FTM_UpdateChnlEdgeLevelSelect
                0x0000aaa8       0x16 ./drivers/fsl_ftm.o
                0x0000aaa8                FTM_UpdateChnlEdgeLevelSelect
 .text.GPIO_PinInit
                0x0000aabe       0x24 ./drivers/fsl_gpio.o
                0x0000aabe                GPIO_PinInit
 .text.UART_EnableInterrupts
                0x0000aae2       0x36 ./drivers/fsl_uart.o
                0x0000aae2                UART_EnableInterrupts
 .text.UART2_RX_TX_DriverIRQHandler
                0x0000ab18        0xc ./drivers/fsl_uart.o
                0x0000ab18                UART2_RX_TX_DriverIRQHandler
 .text.SystemInitHook
                0x0000ab24        0x2 ./device/system_MK22F51212.o
                0x0000ab24                SystemInitHook
 .text.OSA_EnterCritical
                0x0000ab26       0x22 ./component/osa/fsl_os_abstraction_free_rtos.o
                0x0000ab26                OSA_EnterCritical
 .text.OSA_ExitCritical
                0x0000ab48       0x10 ./component/osa/fsl_os_abstraction_free_rtos.o
                0x0000ab48                OSA_ExitCritical
 .text.OSA_MutexCreate
                0x0000ab58       0x18 ./component/osa/fsl_os_abstraction_free_rtos.o
                0x0000ab58                OSA_MutexCreate
 .text.OSA_MutexDestroy
                0x0000ab70        0xc ./component/osa/fsl_os_abstraction_free_rtos.o
                0x0000ab70                OSA_MutexDestroy
 .text.CLOCK_EnableClock
                0x0000ab7c       0x1a ./board/board.o
 .text.CLOCK_CONFIG_FllStableDelay
                0x0000ab96        0xe ./board/clock_config.o
 .text.BOARD_InitBootClocks
                0x0000aba4        0x4 ./board/clock_config.o
                0x0000aba4                BOARD_InitBootClocks
 .text.BOARD_InitBootPeripherals
                0x0000aba8        0x2 ./board/peripherals.o
                0x0000aba8                BOARD_InitBootPeripherals
 .text.BOARD_InitBootPins
                0x0000abaa        0x2 ./board/pin_mux.o
                0x0000abaa                BOARD_InitBootPins
 .text.__main   0x0000abac        0xe c:/nxp/mcuxpressoide_11.2.1_4149/ide/plugins/com.nxp.mcuxpresso.tools.win32_11.2.0.202008311134/tools/bin/../lib/gcc/arm-none-eabi/9.2.1/../../../../arm-none-eabi/lib/thumb/v7e-m+fp/hard\libcr_semihost_nf.a(_cr__main.o)
                0x0000abac                __CR_SEMIHOST
                0x0000abac                __main
 .text.memcpy   0x0000abba        0x4 c:/nxp/mcuxpressoide_11.2.1_4149/ide/plugins/com.nxp.mcuxpresso.tools.win32_11.2.0.202008311134/tools/bin/../lib/gcc/arm-none-eabi/9.2.1/../../../../arm-none-eabi/lib/thumb/v7e-m+fp/hard\libcr_c.a(memcpy.o)
                0x0000abba                memcpy
 .text.memset   0x0000abbe        0x4 c:/nxp/mcuxpressoide_11.2.1_4149/ide/plugins/com.nxp.mcuxpresso.tools.win32_11.2.0.202008311134/tools/bin/../lib/gcc/arm-none-eabi/9.2.1/../../../../arm-none-eabi/lib/thumb/v7e-m+fp/hard\libcr_c.a(memset.o)
                0x0000abbe                memset
 .text.free     0x0000abc2       0x30 c:/nxp/mcuxpressoide_11.2.1_4149/ide/plugins/com.nxp.mcuxpresso.tools.win32_11.2.0.202008311134/tools/bin/../lib/gcc/arm-none-eabi/9.2.1/../../../../arm-none-eabi/lib/thumb/v7e-m+fp/hard\libcr_c.a(alloc.o)
                0x0000abc2                free
 .text.no_fp_display
                0x0000abf2        0x4 c:/nxp/mcuxpressoide_11.2.1_4149/ide/plugins/com.nxp.mcuxpresso.tools.win32_11.2.0.202008311134/tools/bin/../lib/gcc/arm-none-eabi/9.2.1/../../../../arm-none-eabi/lib/thumb/v7e-m+fp/hard\libcr_c.a(printf.o)
 .text.setvbuf  0x0000abf6       0x3e c:/nxp/mcuxpressoide_11.2.1_4149/ide/plugins/com.nxp.mcuxpresso.tools.win32_11.2.0.202008311134/tools/bin/../lib/gcc/arm-none-eabi/9.2.1/../../../../arm-none-eabi/lib/thumb/v7e-m+fp/hard\libcr_c.a(setvbuf.o)
                0x0000abf6                setvbuf
 .text.strcpy   0x0000ac34       0x42 c:/nxp/mcuxpressoide_11.2.1_4149/ide/plugins/com.nxp.mcuxpresso.tools.win32_11.2.0.202008311134/tools/bin/../lib/gcc/arm-none-eabi/9.2.1/../../../../arm-none-eabi/lib/thumb/v7e-m+fp/hard\libcr_c.a(strcpy.o)
                0x0000ac34                strcpy
 .text.strlen   0x0000ac76       0x4c c:/nxp/mcuxpressoide_11.2.1_4149/ide/plugins/com.nxp.mcuxpresso.tools.win32_11.2.0.202008311134/tools/bin/../lib/gcc/arm-none-eabi/9.2.1/../../../../arm-none-eabi/lib/thumb/v7e-m+fp/hard\libcr_c.a(strlen.o)
                0x0000ac76                strlen
 .text._deferredlazyseek
                0x0000acc2       0x40 c:/nxp/mcuxpressoide_11.2.1_4149/ide/plugins/com.nxp.mcuxpresso.tools.win32_11.2.0.202008311134/tools/bin/../lib/gcc/arm-none-eabi/9.2.1/../../../../arm-none-eabi/lib/thumb/v7e-m+fp/hard\libcr_c.a(_deferredlazyseek.o)
                0x0000acc2                _deferredlazyseek
 .text.__flsbuf
                0x0000ad02      0x140 c:/nxp/mcuxpressoide_11.2.1_4149/ide/plugins/com.nxp.mcuxpresso.tools.win32_11.2.0.202008311134/tools/bin/../lib/gcc/arm-none-eabi/9.2.1/../../../../arm-none-eabi/lib/thumb/v7e-m+fp/hard\libcr_c.a(_deferredlazyseek.o)
                0x0000ad02                __flsbuf
 .text._fdopen  0x0000ae42       0x68 c:/nxp/mcuxpressoide_11.2.1_4149/ide/plugins/com.nxp.mcuxpresso.tools.win32_11.2.0.202008311134/tools/bin/../lib/gcc/arm-none-eabi/9.2.1/../../../../arm-none-eabi/lib/thumb/v7e-m+fp/hard\libcr_c.a(_fdopen.o)
                0x0000ae42                _fdopen
 .text._fflush  0x0000aeaa       0x52 c:/nxp/mcuxpressoide_11.2.1_4149/ide/plugins/com.nxp.mcuxpresso.tools.win32_11.2.0.202008311134/tools/bin/../lib/gcc/arm-none-eabi/9.2.1/../../../../arm-none-eabi/lib/thumb/v7e-m+fp/hard\libcr_c.a(_fflush.o)
                0x0000aeaa                _fflush
 .text.fclose   0x0000aefc       0x58 c:/nxp/mcuxpressoide_11.2.1_4149/ide/plugins/com.nxp.mcuxpresso.tools.win32_11.2.0.202008311134/tools/bin/../lib/gcc/arm-none-eabi/9.2.1/../../../../arm-none-eabi/lib/thumb/v7e-m+fp/hard\libcr_c.a(fclose.o)
                0x0000aefc                fclose
 .text.remove   0x0000af54       0x14 c:/nxp/mcuxpressoide_11.2.1_4149/ide/plugins/com.nxp.mcuxpresso.tools.win32_11.2.0.202008311134/tools/bin/../lib/gcc/arm-none-eabi/9.2.1/../../../../arm-none-eabi/lib/thumb/v7e-m+fp/hard\libcr_c.a(remove.o)
                0x0000af54                remove
 .text._do_fflush
                0x0000af68       0x40 c:/nxp/mcuxpressoide_11.2.1_4149/ide/plugins/com.nxp.mcuxpresso.tools.win32_11.2.0.202008311134/tools/bin/../lib/gcc/arm-none-eabi/9.2.1/../../../../arm-none-eabi/lib/thumb/v7e-m+fp/hard\libcr_c.a(_do_fflush.o)
                0x0000af68                _do_fflush
 .text.__aeabi_division_uldivmod
                0x0000afa8      0x174 c:/nxp/mcuxpressoide_11.2.1_4149/ide/plugins/com.nxp.mcuxpresso.tools.win32_11.2.0.202008311134/tools/bin/../lib/gcc/arm-none-eabi/9.2.1/thumb/v7e-m+fp/hard\libcr_eabihelpers.a(division_64.o)
                0x0000afa8                __aeabi_uldivmod
                0x0000afac                __bhs_ldivmod1
 .text.__aeabi_division_idiv0
                0x0000b11c        0x2 c:/nxp/mcuxpressoide_11.2.1_4149/ide/plugins/com.nxp.mcuxpresso.tools.win32_11.2.0.202008311134/tools/bin/../lib/gcc/arm-none-eabi/9.2.1/thumb/v7e-m+fp/hard\libcr_eabihelpers.a(division_idiv0.o)
                0x0000b11c                __aeabi_idiv0
 .text.__aeabi_d2iz
                0x0000b11e       0x40 c:/nxp/mcuxpressoide_11.2.1_4149/ide/plugins/com.nxp.mcuxpresso.tools.win32_11.2.0.202008311134/tools/bin/../lib/gcc/arm-none-eabi/9.2.1/thumb/v7e-m+fp/hard\libcr_eabihelpers.a(double.o)
                0x0000b11e                __aeabi_d2iz
 .text.__aeabi_memcpy
                0x0000b15e       0x34 c:/nxp/mcuxpressoide_11.2.1_4149/ide/plugins/com.nxp.mcuxpresso.tools.win32_11.2.0.202008311134/tools/bin/../lib/gcc/arm-none-eabi/9.2.1/thumb/v7e-m+fp/hard\libcr_eabihelpers.a(memcpy.o)
                0x0000b15e                __aeabi_memcpy
                0x0000b168                __aeabi_memcpy8
                0x0000b168                __aeabi_memcpy4
 .text.__aeabi_memset_lowlevel
                0x0000b192       0x32 c:/nxp/mcuxpressoide_11.2.1_4149/ide/plugins/com.nxp.mcuxpresso.tools.win32_11.2.0.202008311134/tools/bin/../lib/gcc/arm-none-eabi/9.2.1/thumb/v7e-m+fp/hard\libcr_eabihelpers.a(memcpy.o)
                0x0000b192                __aeabi_lowlevel_memset
 .text.__sys_close
                0x0000b1c4        0xc c:/nxp/mcuxpressoide_11.2.1_4149/ide/plugins/com.nxp.mcuxpresso.tools.win32_11.2.0.202008311134/tools/bin/../lib/gcc/arm-none-eabi/9.2.1/../../../../arm-none-eabi/lib/thumb/v7e-m+fp/hard\libcr_semihost_nf.a(__sys_close.o)
                0x0000b1c4                __sys_close
 .text.__sys_flen
                0x0000b1d0        0xc c:/nxp/mcuxpressoide_11.2.1_4149/ide/plugins/com.nxp.mcuxpresso.tools.win32_11.2.0.202008311134/tools/bin/../lib/gcc/arm-none-eabi/9.2.1/../../../../arm-none-eabi/lib/thumb/v7e-m+fp/hard\libcr_semihost_nf.a(__sys_flen.o)
                0x0000b1d0                __sys_flen
 .text.__sys_istty
                0x0000b1dc        0xc c:/nxp/mcuxpressoide_11.2.1_4149/ide/plugins/com.nxp.mcuxpresso.tools.win32_11.2.0.202008311134/tools/bin/../lib/gcc/arm-none-eabi/9.2.1/../../../../arm-none-eabi/lib/thumb/v7e-m+fp/hard\libcr_semihost_nf.a(__sys_istty.o)
                0x0000b1dc                __sys_istty
 .text.__sys_remove
                0x0000b1e8        0xc c:/nxp/mcuxpressoide_11.2.1_4149/ide/plugins/com.nxp.mcuxpresso.tools.win32_11.2.0.202008311134/tools/bin/../lib/gcc/arm-none-eabi/9.2.1/../../../../arm-none-eabi/lib/thumb/v7e-m+fp/hard\libcr_semihost_nf.a(__sys_remove.o)
                0x0000b1e8                __sys_remove
 .text.__sys_seek
                0x0000b1f4        0xc c:/nxp/mcuxpressoide_11.2.1_4149/ide/plugins/com.nxp.mcuxpresso.tools.win32_11.2.0.202008311134/tools/bin/../lib/gcc/arm-none-eabi/9.2.1/../../../../arm-none-eabi/lib/thumb/v7e-m+fp/hard\libcr_semihost_nf.a(__sys_seek.o)
                0x0000b1f4                __sys_seek
 .text.__sys_tmpnam
                0x0000b200        0xc c:/nxp/mcuxpressoide_11.2.1_4149/ide/plugins/com.nxp.mcuxpresso.tools.win32_11.2.0.202008311134/tools/bin/../lib/gcc/arm-none-eabi/9.2.1/../../../../arm-none-eabi/lib/thumb/v7e-m+fp/hard\libcr_semihost_nf.a(__sys_tmpnam.o)
                0x0000b200                __sys_tmpnam
 .text.__sys_write
                0x0000b20c        0xc c:/nxp/mcuxpressoide_11.2.1_4149/ide/plugins/com.nxp.mcuxpresso.tools.win32_11.2.0.202008311134/tools/bin/../lib/gcc/arm-none-eabi/9.2.1/../../../../arm-none-eabi/lib/thumb/v7e-m+fp/hard\libcr_semihost_nf.a(__sys_write.o)
                0x0000b20c                __sys_write
 *freertos*/tasks.o(SORT_BY_ALIGNMENT(.rodata*))
 .rodata.vTaskStartScheduler.str1.1
                0x0000b218        0x5 ./freertos/freertos_kernel/tasks.o
 *(SORT_BY_ALIGNMENT(.rodata) SORT_BY_ALIGNMENT(.rodata.*) SORT_BY_ALIGNMENT(.constdata) SORT_BY_ALIGNMENT(.constdata.*))
 *fill*         0x0000b21d        0x3 ff
 .rodata.s_UsbDeviceStandardRequest
                0x0000b220       0x34 ./usb/device/source/usb_device_ch9.o
 .rodata.s_UsbDeviceKhciInterface
                0x0000b254       0x18 ./usb/device/source/usb_device_dci.o
 .rodata.s_UsbDeviceClassInterfaceMap
                0x0000b26c       0x20 ./usb/device/class/usb_device_class.o
 .rodata.CSWTCH.151
                0x0000b28c       0x34 ./source/Tracealyzer/trcStreamingRecorder.o
 .rodata.s_adc16Clocks
                0x0000b2c0        0x8 ./drivers/fsl_adc16.o
 .rodata.s_ftmClocks
                0x0000b2c8       0x10 ./drivers/fsl_ftm.o
 .rodata.s_uartClock
                0x0000b2d8        0xc ./drivers/fsl_uart.o
 .rodata.sGPIOconfig
                0x0000b2e4       0xe0 ./board/board.o
                0x0000b2e4                sGPIOconfig
 .rodata.simConfig_BOARD_BootClockRUN
                0x0000b3c4        0x8 ./board/clock_config.o
                0x0000b3c4                simConfig_BOARD_BootClockRUN
 .rodata.__num_Ciob_streams
                0x0000b3cc        0x4 c:/nxp/mcuxpressoide_11.2.1_4149/ide/plugins/com.nxp.mcuxpresso.tools.win32_11.2.0.202008311134/tools/bin/../lib/gcc/arm-none-eabi/9.2.1/../../../../arm-none-eabi/lib/thumb/v7e-m+fp/hard\libcr_semihost_nf.a(__ciob.o)
                0x0000b3cc                __num_Ciob_streams
 .rodata.fllFactorTable.7685
                0x0000b3d0       0x10 ./drivers/fsl_clock.o
 .rodata.USB_DeviceCdcVcomCallback.str1.1
                0x0000b3e0       0x2e ./source/usb/virtual_com.o
 .rodata.USB_DeviceApplicationInit.str1.1
                0x0000b40e       0x9c ./source/usb/virtual_com.o
 .rodata.usb_main_init.str1.1
                0x0000b4aa       0x23 ./source/usb/virtual_com.o
 .rodata._DoInit.str1.1
                0x0000b4cd       0x14 ./source/Tracealyzer/streamports/Jlink_RTT/SEGGER_RTT.o
 .rodata.vTraceEnable.str1.1
                0x0000b4e1       0x13 ./source/Tracealyzer/trcKernelPort.o
 .rodata.prvTraceError.str1.1
                0x0000b4f4       0x24 ./source/Tracealyzer/trcStreamingRecorder.o
 .rodata.str1.1
                0x0000b518      0x253 ./source/Tracealyzer/trcStreamingRecorder.o
 .rodata.main.str1.1
                0x0000b76b      0x17c ./source/BRDUINO_Nano.o
 .rodata.SysInfoStruct
                0x0000b8e7       0x26 ./source/System.o
 .rodata.prvCheckForValidListAndQueue.str1.1
                0x0000b90d        0x5 ./freertos/freertos_kernel/timers.o
 .rodata.xTimerCreateTimerTask.str1.1
                0x0000b912        0x8 ./freertos/freertos_kernel/timers.o
 .rodata.ADC0_IRQHandler.str1.1
                0x0000b91a       0x29 ./board/board.o
 .rodata.BOARD_Init.str1.1
                0x0000b943        0x4 ./board/board.o
 .rodata.VrefConfigStruct
                0x0000b947        0x1 ./board/board.o
 .rodata.adc16ConfigStruct
                0x0000b948        0x9 ./board/board.o
 .rodata.pitConfig
                0x0000b951        0x1 ./board/board.o
 .rodata._Csys_alloc.str1.1
                0x0000b952       0x18 c:/nxp/mcuxpressoide_11.2.1_4149/ide/plugins/com.nxp.mcuxpresso.tools.win32_11.2.0.202008311134/tools/bin/../lib/gcc/arm-none-eabi/9.2.1/../../../../arm-none-eabi/lib/thumb/v7e-m+fp/hard\libcr_c.a(alloc.o)
 .rodata._initio.str1.1
                0x0000b96a        0x4 c:/nxp/mcuxpressoide_11.2.1_4149/ide/plugins/com.nxp.mcuxpresso.tools.win32_11.2.0.202008311134/tools/bin/../lib/gcc/arm-none-eabi/9.2.1/../../../../arm-none-eabi/lib/thumb/v7e-m+fp/hard\libcr_c.a(initio.o)
 .rodata.__vfprintf.str1.1
                0x0000b96e       0x35 c:/nxp/mcuxpressoide_11.2.1_4149/ide/plugins/com.nxp.mcuxpresso.tools.win32_11.2.0.202008311134/tools/bin/../lib/gcc/arm-none-eabi/9.2.1/../../../../arm-none-eabi/lib/thumb/v7e-m+fp/hard\libcr_c.a(printf.o)
                                 0x38 (size before relaxing)
                0x0000b9a4                . = ALIGN (0x4)
 *fill*         0x0000b9a3        0x1 ff

.glue_7         0x0000b9a4        0x0
 .glue_7        0x0000b9a4        0x0 linker stubs

.glue_7t        0x0000b9a4        0x0
 .glue_7t       0x0000b9a4        0x0 linker stubs

.vfp11_veneer   0x0000b9a4        0x0
 .vfp11_veneer  0x0000b9a4        0x0 linker stubs

.v4_bx          0x0000b9a4        0x0
 .v4_bx         0x0000b9a4        0x0 linker stubs

.iplt           0x0000b9a4        0x0
 .iplt          0x0000b9a4        0x0 ./usb/device/source/khci/usb_device_khci.o

.rel.dyn        0x0000b9a4        0x0
 .rel.iplt      0x0000b9a4        0x0 ./usb/device/source/khci/usb_device_khci.o

.ARM.extab
 *(SORT_BY_ALIGNMENT(.ARM.extab*) SORT_BY_ALIGNMENT(.gnu.linkonce.armextab.*))

.ARM.exidx      0x0000b9a4        0x0
                0x0000b9a4                __exidx_start = .
 *(SORT_BY_ALIGNMENT(.ARM.exidx*) SORT_BY_ALIGNMENT(.gnu.linkonce.armexidx.*))
                0x0000b9a4                __exidx_end = .
                0x0000b9a4                _etext = .

.m_usb_data
 *(SORT_BY_ALIGNMENT(m_usb_bdt))

.data_RAM2      0x1fff0000        0x0 load address 0x0000b9a4
 FILL mask 0xff
                [!provide]                PROVIDE (__start_data_RAM2 = .)
                [!provide]                PROVIDE (__start_data_SRAM_LOWER = .)
 *(SORT_BY_ALIGNMENT(.ramfunc.$RAM2))
 *(SORT_BY_ALIGNMENT(.ramfunc.$SRAM_LOWER))
 *(SORT_BY_ALIGNMENT(.data.$RAM2))
 *(SORT_BY_ALIGNMENT(.data.$SRAM_LOWER))
 *(SORT_BY_ALIGNMENT(.data.$RAM2.*))
 *(SORT_BY_ALIGNMENT(.data.$SRAM_LOWER.*))
                0x1fff0000                . = ALIGN (0x4)
                [!provide]                PROVIDE (__end_data_RAM2 = .)
                [!provide]                PROVIDE (__end_data_SRAM_LOWER = .)

.uninit_RESERVED
                0x20000000        0x0
                0x20000000                _start_uninit_RESERVED = .
 *(SORT_BY_ALIGNMENT(.bss.$RESERVED*))
                0x20000000                . = ALIGN (0x4)
                0x20000000                _end_uninit_RESERVED = .

.data           0x20000000      0x250 load address 0x0000b9a4
 FILL mask 0xff
                0x20000000                _data = .
                [!provide]                PROVIDE (__start_data_RAM = .)
                [!provide]                PROVIDE (__start_data_SRAM_UPPER = .)
 *(SORT_BY_ALIGNMENT(vtable))
 *(SORT_BY_ALIGNMENT(.ramfunc*))
 *(SORT_BY_ALIGNMENT(CodeQuickAccess))
 *(SORT_BY_ALIGNMENT(DataQuickAccess))
 *(SORT_BY_ALIGNMENT(RamFunction))
 *(SORT_BY_ALIGNMENT(.data*))
 .data.g_UsbDeviceCdcVcomCommunicationInterface
                0x20000000       0x10 ./source/usb/usb_device_descriptor.o
                0x20000000                g_UsbDeviceCdcVcomCommunicationInterface
 .data.g_UsbDeviceCdcVcomConfig
                0x20000010        0x8 ./source/usb/usb_device_descriptor.o
                0x20000010                g_UsbDeviceCdcVcomConfig
 .data.g_UsbDeviceCdcVcomDataInterface
                0x20000018       0x10 ./source/usb/usb_device_descriptor.o
                0x20000018                g_UsbDeviceCdcVcomDataInterface
 .data.g_UsbDeviceCdcVcomInterfaceList
                0x20000028        0x8 ./source/usb/usb_device_descriptor.o
                0x20000028                g_UsbDeviceCdcVcomInterfaceList
 .data.g_UsbDeviceCdcVcomInterfaces
                0x20000030       0x18 ./source/usb/usb_device_descriptor.o
                0x20000030                g_UsbDeviceCdcVcomInterfaces
 .data.g_UsbDeviceConfigurationDescriptor
                0x20000048       0x43 ./source/usb/usb_device_descriptor.o
                0x20000048                g_UsbDeviceConfigurationDescriptor
 *fill*         0x2000008b        0x1 ff
 .data.g_UsbDeviceDescriptor
                0x2000008c       0x12 ./source/usb/usb_device_descriptor.o
                0x2000008c                g_UsbDeviceDescriptor
 *fill*         0x2000009e        0x2 ff
 .data.g_UsbDeviceLanguage
                0x200000a0        0xc ./source/usb/usb_device_descriptor.o
                0x200000a0                g_UsbDeviceLanguage
 .data.g_UsbDeviceLanguageList
                0x200000ac       0x10 ./source/usb/usb_device_descriptor.o
                0x200000ac                g_UsbDeviceLanguageList
 .data.g_UsbDeviceString0
                0x200000bc        0x4 ./source/usb/usb_device_descriptor.o
                0x200000bc                g_UsbDeviceString0
 .data.g_UsbDeviceString1
                0x200000c0       0x26 ./source/usb/usb_device_descriptor.o
                0x200000c0                g_UsbDeviceString1
 *fill*         0x200000e6        0x2 ff
 .data.g_UsbDeviceString2
                0x200000e8       0x2a ./source/usb/usb_device_descriptor.o
                0x200000e8                g_UsbDeviceString2
 *fill*         0x20000112        0x2 ff
 .data.g_UsbDeviceStringDescriptorArray
                0x20000114        0xc ./source/usb/usb_device_descriptor.o
                0x20000114                g_UsbDeviceStringDescriptorArray
 .data.g_UsbDeviceStringDescriptorLength
                0x20000120        0xc ./source/usb/usb_device_descriptor.o
                0x20000120                g_UsbDeviceStringDescriptorLength
 .data.s_cdcAcmConfig
                0x2000012c        0xc ./source/usb/virtual_com.o
 .data.s_cdcAcmConfigList
                0x20000138        0xc ./source/usb/virtual_com.o
 .data.s_lineCoding
                0x20000144        0x7 ./source/usb/virtual_com.o
 *fill*         0x2000014b        0x1 ff
 .data.uxCriticalNesting
                0x2000014c        0x4 ./freertos/freertos_kernel/portable/GCC/ARM_CM4F/port.o
 .data.s_fastIrcFreq
                0x20000150        0x4 ./drivers/fsl_clock.o
 .data.s_slowIrcFreq
                0x20000154        0x4 ./drivers/fsl_clock.o
 .data.SystemCoreClock
                0x20000158        0x4 ./device/system_MK22F51212.o
                0x20000158                SystemCoreClock
 .data.ADC_Conversion_ADC0_Ptr
                0x2000015c       0x30 ./board/board.o
 .data.adc16BoardChannel
                0x2000018c       0xa8 ./board/board.o
 .data.g_UsbDeviceCdcVcomCicEndpoints
                0x20000234        0x6 ./source/usb/usb_device_descriptor.o
                0x20000234                g_UsbDeviceCdcVcomCicEndpoints
 .data.g_UsbDeviceCdcVcomDicEndpoints
                0x2000023a        0xc ./source/usb/usb_device_descriptor.o
                0x2000023a                g_UsbDeviceCdcVcomDicEndpoints
 .data.CurrentFilterGroup
                0x20000246        0x2 ./source/Tracealyzer/trcStreamingRecorder.o
                0x20000246                CurrentFilterGroup
 .data.CurrentFilterMask
                0x20000248        0x2 ./source/Tracealyzer/trcStreamingRecorder.o
                0x20000248                CurrentFilterMask
 .data.PSFExtensionInfo
                0x2000024a        0x4 ./source/Tracealyzer/trcStreamingRecorder.o
                0x2000024a                PSFExtensionInfo
 .data.ISR_stack_index
                0x2000024e        0x1 ./source/Tracealyzer/trcStreamingRecorder.o
 .data.lastReceiveSource
                0x2000024f        0x1 ./source/CommandHandler.o
                0x20000250                . = ALIGN (0x4)
                0x20000250                _edata = .
                [!provide]                PROVIDE (__end_data_RAM = .)
                [!provide]                PROVIDE (__end_data_SRAM_UPPER = .)

.igot.plt       0x20000250        0x0 load address 0x0000bbf4
 .igot.plt      0x20000250        0x0 ./usb/device/source/khci/usb_device_khci.o

.bss_RAM2       0x1fff0000        0x0
                [!provide]                PROVIDE (__start_bss_RAM2 = .)
                [!provide]                PROVIDE (__start_bss_SRAM_LOWER = .)
 *(SORT_BY_ALIGNMENT(.bss.$RAM2))
 *(SORT_BY_ALIGNMENT(.bss.$SRAM_LOWER))
 *(SORT_BY_ALIGNMENT(.bss.$RAM2.*))
 *(SORT_BY_ALIGNMENT(.bss.$SRAM_LOWER.*))
                0x1fff0000                . = ALIGN ((. != 0x0)?0x4:0x1)
                [!provide]                PROVIDE (__end_bss_RAM2 = .)
                [!provide]                PROVIDE (__end_bss_SRAM_LOWER = .)

.bss            0x20000400     0x73d0
                0x20000400                _bss = .
                [!provide]                PROVIDE (__start_bss_RAM = .)
                [!provide]                PROVIDE (__start_bss_SRAM_UPPER = .)
 *(SORT_BY_ALIGNMENT(.bss*))
 .bss.s_UsbDeviceKhciBdtBuffer
                0x20000400      0x200 ./usb/device/source/khci/usb_device_khci.o
 .bss.JiffyCntr
                0x20000600        0x8 ./board/board.o
 .bss.s_UsbDeviceKhciDmaAlignBuffer
                0x20000608       0x40 ./usb/device/source/khci/usb_device_khci.o
 .bss.s_UsbDeviceKhciState
                0x20000648       0xa4 ./usb/device/source/khci/usb_device_khci.o
 .bss.s_UsbDevice
                0x200006ec       0x70 ./usb/device/source/usb_device_dci.o
 .bss.g_cdcAcmHandle
                0x2000075c       0x50 ./usb/device/class/cdc/usb_device_cdc_acm.o
 .bss.s_UsbDeviceCommonClassStruct
                0x200007ac       0x10 ./usb/device/class/usb_device_class.o
 .bss.s_UsbDeviceSetupBuffer
                0x200007bc        0x8 ./usb/device/class/usb_device_class.o
 .bss.iPtr.10607
                0x200007c4        0x4 ./source/usb/virtual_com.o
 .bss.s_abstractState
                0x200007c8        0x2 ./source/usb/virtual_com.o
 *fill*         0x200007ca        0x2 
 .bss.s_cdcVcom
                0x200007cc       0x1c ./source/usb/virtual_com.o
                0x200007cc                s_cdcVcom
 .bss.s_countryCode
                0x200007e8        0x2 ./source/usb/virtual_com.o
 *fill*         0x200007ea        0x2 
 .bss.s_currRecvBuf
                0x200007ec       0x40 ./source/usb/virtual_com.o
 .bss.s_currSendBuf
                0x2000082c       0x40 ./source/usb/virtual_com.o
 .bss.s_recvSize
                0x2000086c        0x4 ./source/usb/virtual_com.o
 .bss.s_sendSize
                0x20000870        0x4 ./source/usb/virtual_com.o
 .bss.s_usbCdcAcmInfo
                0x20000874       0x12 ./source/usb/virtual_com.o
 *fill*         0x20000886        0x2 
 .bss._SEGGER_RTT
                0x20000888       0xa8 ./source/Tracealyzer/streamports/Jlink_RTT/SEGGER_RTT.o
                0x20000888                _SEGGER_RTT
 .bss.HandleTzCtrl
                0x20000930        0x4 ./source/Tracealyzer/trcKernelPort.o
 .bss.i.7811    0x20000934        0x4 ./source/Tracealyzer/trcKernelPort.o
 .bss.pCurrentTCB
                0x20000938        0x4 ./source/Tracealyzer/trcKernelPort.o
 .bss.tasksInStackMonitor
                0x2000093c       0x50 ./source/Tracealyzer/trcKernelPort.o
                0x2000093c                tasksInStackMonitor
 .bss.tasksNotIncluded
                0x2000098c        0x4 ./source/Tracealyzer/trcKernelPort.o
                0x2000098c                tasksNotIncluded
 .bss.trcWarningChannel
                0x20000990        0x4 ./source/Tracealyzer/trcKernelPort.o
                0x20000990                trcWarningChannel
 .bss.ErrorAndWarningFlags
                0x20000994        0x4 ./source/Tracealyzer/trcStreamingRecorder.o
 .bss.LongestSymbolName
                0x20000998        0x4 ./source/Tracealyzer/trcStreamingRecorder.o
                0x20000998                LongestSymbolName
 .bss.MaxBytesTruncated
                0x2000099c        0x4 ./source/Tracealyzer/trcStreamingRecorder.o
                0x2000099c                MaxBytesTruncated
 .bss.NoRoomForObjectData
                0x200009a0        0x4 ./source/Tracealyzer/trcStreamingRecorder.o
                0x200009a0                NoRoomForObjectData
 .bss.NoRoomForSymbol
                0x200009a4        0x4 ./source/Tracealyzer/trcStreamingRecorder.o
                0x200009a4                NoRoomForSymbol
 .bss.RecorderEnabled
                0x200009a8        0x4 ./source/Tracealyzer/trcStreamingRecorder.o
                0x200009a8                RecorderEnabled
 .bss.SessionCounter
                0x200009ac        0x4 ./source/Tracealyzer/trcStreamingRecorder.o
 .bss.errorCode