Misc.c:19:6:SetVal_16	0	static
Misc.c:30:6:SetVal_32	0	static
Misc.c:43:6:SetVal_Float	0	static
Misc.c:56:6:SetVal_16B	0	static
Misc.c:67:6:SetVal_32B	0	static
Misc.c:80:6:SetVal_FloatB	0	static
Misc.c:93:7:GetVal_Float	0	static
Misc.c:111:7:GetVal_FloatB	0	static
Misc.c:133:6:MakeCommandHeader	8	static
Misc.c:149:6:SwapEndianessVector	8	static
Misc.c:169:5:GetBitNumber	0	static
Misc.c:185:5:GetSysclkTimerHandle	0	static
Misc.c:204:6:ReleaseSysclkTimerHandle	0	static
Misc.c:214:6:ReleaseAllSysclkTimerHandles	0	static
Misc.c:226:6:SetSysclkTimer	0	static
Misc.c:239:10:GetSysclkTimer	0	static
Misc.c:253:6:Sleep	0	static
Misc.c:266:5:GetBitPositionInArray	12	static
