Archive member included to satisfy reference by file (symbol)

c:/nxp/mcuxpressoide_11.2.1_4149/ide/plugins/com.nxp.mcuxpresso.tools.win32_11.2.0.202008311134/tools/bin/../lib/gcc/arm-none-eabi/9.2.1/../../../../arm-none-eabi/lib/thumb/v7e-m+fp/hard\libcr_semihost_nf.a(_cr__main.o)
                              ./startup/startup_mk22f51212.o (__main)
c:/nxp/mcuxpressoide_11.2.1_4149/ide/plugins/com.nxp.mcuxpresso.tools.win32_11.2.0.202008311134/tools/bin/../lib/gcc/arm-none-eabi/9.2.1/../../../../arm-none-eabi/lib/thumb/v7e-m+fp/hard\libcr_semihost_nf.a(_cr_assert.o)
                              ./drivers/fsl_adc16.o (__assertion_failed)
c:/nxp/mcuxpressoide_11.2.1_4149/ide/plugins/com.nxp.mcuxpresso.tools.win32_11.2.0.202008311134/tools/bin/../lib/gcc/arm-none-eabi/9.2.1/../../../../arm-none-eabi/lib/thumb/v7e-m+fp/hard\libcr_semihost_nf.a(__ciob.o)
                              c:/nxp/mcuxpressoide_11.2.1_4149/ide/plugins/com.nxp.mcuxpresso.tools.win32_11.2.0.202008311134/tools/bin/../lib/gcc/arm-none-eabi/9.2.1/../../../../arm-none-eabi/lib/thumb/v7e-m+fp/hard\libcr_semihost_nf.a(_cr_assert.o) (__Ciob)
c:/nxp/mcuxpressoide_11.2.1_4149/ide/plugins/com.nxp.mcuxpresso.tools.win32_11.2.0.202008311134/tools/bin/../lib/gcc/arm-none-eabi/9.2.1/../../../../arm-none-eabi/lib/thumb/v7e-m+fp/hard\libcr_semihost_nf.a(__sys_appexit.o)
                              c:/nxp/mcuxpressoide_11.2.1_4149/ide/plugins/com.nxp.mcuxpresso.tools.win32_11.2.0.202008311134/tools/bin/../lib/gcc/arm-none-eabi/9.2.1/../../../../arm-none-eabi/lib/thumb/v7e-m+fp/hard\libcr_semihost_nf.a(_cr_assert.o) (__sys_appexit)
c:/nxp/mcuxpressoide_11.2.1_4149/ide/plugins/com.nxp.mcuxpresso.tools.win32_11.2.0.202008311134/tools/bin/../lib/gcc/arm-none-eabi/9.2.1/../../../../arm-none-eabi/lib/thumb/v7e-m+fp/hard\libcr_c.a(memcpy.o)
                              ./usb/device/source/khci/usb_device_khci.o (memcpy)
c:/nxp/mcuxpressoide_11.2.1_4149/ide/plugins/com.nxp.mcuxpresso.tools.win32_11.2.0.202008311134/tools/bin/../lib/gcc/arm-none-eabi/9.2.1/../../../../arm-none-eabi/lib/thumb/v7e-m+fp/hard\libcr_c.a(memset.o)
                              ./freertos/freertos_kernel/stream_buffer.o (memset)
c:/nxp/mcuxpressoide_11.2.1_4149/ide/plugins/com.nxp.mcuxpresso.tools.win32_11.2.0.202008311134/tools/bin/../lib/gcc/arm-none-eabi/9.2.1/../../../../arm-none-eabi/lib/thumb/v7e-m+fp/hard\libcr_c.a(_deferredlazyseek.o)
                              c:/nxp/mcuxpressoide_11.2.1_4149/ide/plugins/com.nxp.mcuxpresso.tools.win32_11.2.0.202008311134/tools/bin/../lib/gcc/arm-none-eabi/9.2.1/../../../../arm-none-eabi/lib/thumb/v7e-m+fp/hard\libcr_semihost_nf.a(_cr_assert.o) (__flsbuf)
c:/nxp/mcuxpressoide_11.2.1_4149/ide/plugins/com.nxp.mcuxpresso.tools.win32_11.2.0.202008311134/tools/bin/../lib/gcc/arm-none-eabi/9.2.1/../../../../arm-none-eabi/lib/thumb/v7e-m+fp/hard\libcr_c.a(_fflush.o)
                              c:/nxp/mcuxpressoide_11.2.1_4149/ide/plugins/com.nxp.mcuxpresso.tools.win32_11.2.0.202008311134/tools/bin/../lib/gcc/arm-none-eabi/9.2.1/../../../../arm-none-eabi/lib/thumb/v7e-m+fp/hard\libcr_c.a(_deferredlazyseek.o) (_fflush)
c:/nxp/mcuxpressoide_11.2.1_4149/ide/plugins/com.nxp.mcuxpresso.tools.win32_11.2.0.202008311134/tools/bin/../lib/gcc/arm-none-eabi/9.2.1/../../../../arm-none-eabi/lib/thumb/v7e-m+fp/hard\libcr_c.a(_writebuf.o)
                              c:/nxp/mcuxpressoide_11.2.1_4149/ide/plugins/com.nxp.mcuxpresso.tools.win32_11.2.0.202008311134/tools/bin/../lib/gcc/arm-none-eabi/9.2.1/../../../../arm-none-eabi/lib/thumb/v7e-m+fp/hard\libcr_c.a(_deferredlazyseek.o) (_Cwritebuf)
c:/nxp/mcuxpressoide_11.2.1_4149/ide/plugins/com.nxp.mcuxpresso.tools.win32_11.2.0.202008311134/tools/bin/../lib/gcc/arm-none-eabi/9.2.1/../../../../arm-none-eabi/lib/thumb/v7e-m+fp/hard\libcr_c.a(alloc.o)
                              ./drivers/fsl_common.o (malloc)
c:/nxp/mcuxpressoide_11.2.1_4149/ide/plugins/com.nxp.mcuxpresso.tools.win32_11.2.0.202008311134/tools/bin/../lib/gcc/arm-none-eabi/9.2.1/../../../../arm-none-eabi/lib/thumb/v7e-m+fp/hard\libcr_c.a(fputs.o)
                              c:/nxp/mcuxpressoide_11.2.1_4149/ide/plugins/com.nxp.mcuxpresso.tools.win32_11.2.0.202008311134/tools/bin/../lib/gcc/arm-none-eabi/9.2.1/../../../../arm-none-eabi/lib/thumb/v7e-m+fp/hard\libcr_semihost_nf.a(_cr_assert.o) (fputs)
c:/nxp/mcuxpressoide_11.2.1_4149/ide/plugins/com.nxp.mcuxpresso.tools.win32_11.2.0.202008311134/tools/bin/../lib/gcc/arm-none-eabi/9.2.1/../../../../arm-none-eabi/lib/thumb/v7e-m+fp/hard\libcr_c.a(fseek.o)
                              c:/nxp/mcuxpressoide_11.2.1_4149/ide/plugins/com.nxp.mcuxpresso.tools.win32_11.2.0.202008311134/tools/bin/../lib/gcc/arm-none-eabi/9.2.1/../../../../arm-none-eabi/lib/thumb/v7e-m+fp/hard\libcr_c.a(_deferredlazyseek.o) (fseek)
[...]
Memory Configuration

Name             Origin             Length             Attributes
PROGRAM_FLASH    0x00000000         0x00080000         xr
SRAM_UPPER       0x20000000         0x00010000         xrw
SRAM_LOWER       0x1fff0000         0x00010000         xrw
*default*        0x00000000         0xffffffff

Linker script and memory map

LOAD ./usb/device/source/khci/usb_device_khci.o
LOAD ./usb/device/source/usb_device_ch9.o
LOAD ./usb/device/source/usb_device_dci.o
LOAD ./usb/device/class/cdc/usb_device_cdc_acm.o
LOAD ./usb/device/class/usb_device_class.o
LOAD ./startup/startup_mk22f51212.o
LOAD ./source/usb/usb_device_descriptor.o
LOAD ./source/usb/virtual_com.o
LOAD ./source/Tracealyzer/streamports/Jlink_RTT/SEGGER_RTT.o
LOAD ./source/Tracealyzer/streamports/Jlink_RTT/trcStreamingPort.o
LOAD ./source/Tracealyzer/trcKernelPort.o
LOAD ./source/Tracealyzer/trcSnapshotRecorder.o
LOAD ./source/Tracealyzer/trcStreamingRecorder.o
LOAD ./source/BRDUINO_Nano.o
LOAD ./source/CmdInfo.o
LOAD ./source/CmdSystem.o
LOAD ./source/CommandHandler.o
LOAD ./source/CommandMeasure.o
LOAD ./source/Misc.o
LOAD ./source/System.o
LOAD ./source/crc.o
LOAD ./source/semihost_hardfault.o
LOAD ./source/uart.o
LOAD ./freertos/freertos_kernel/portable/MemMang/heap_4.o
LOAD ./freertos/freertos_kernel/portable/GCC/ARM_CM4F/port.o
LOAD ./freertos/freertos_kernel/croutine.o
LOAD ./freertos/freertos_kernel/event_groups.o
LOAD ./freertos/freertos_kernel/list.o
LOAD ./freertos/freertos_kernel/queue.o
LOAD ./freertos/freertos_kernel/stream_buffer.o
LOAD ./freertos/freertos_kernel/tasks.o
LOAD ./freertos/freertos_kernel/timers.o
LOAD ./drivers/fsl_adc16.o
LOAD ./drivers/fsl_clock.o
LOAD ./drivers/fsl_common.o
LOAD ./drivers/fsl_crc.o
LOAD ./drivers/fsl_dac.o
LOAD ./drivers/fsl_dspi.o
LOAD ./drivers/fsl_ftfx_cache.o
LOAD ./drivers/fsl_ftfx_controller.o
LOAD ./drivers/fsl_ftfx_flash.o
LOAD ./drivers/fsl_ftfx_flexnvm.o
LOAD ./drivers/fsl_ftm.o
LOAD ./drivers/fsl_gpio.o
LOAD ./drivers/fsl_i2c.o
LOAD ./drivers/fsl_pit.o
LOAD ./drivers/fsl_rnga.o
LOAD ./drivers/fsl_rtc.o
LOAD ./drivers/fsl_sim.o
LOAD ./drivers/fsl_smc.o
LOAD ./drivers/fsl_uart.o
LOAD ./drivers/fsl_vref.o
LOAD ./drivers/fsl_wdog.o
LOAD ./device/system_MK22F51212.o
LOAD ./component/osa/fsl_os_abstraction_free_rtos.o
LOAD ./component/lists/generic_list.o
LOAD ./board/board.o
LOAD ./board/clock_config.o
LOAD ./board/peripherals.o
LOAD ./board/pin_mux.o
START GROUP
LOAD c:/nxp/mcuxpressoide_11.2.1_4149/ide/plugins/com.nxp.mcuxpresso.tools.win32_11.2.0.202008311134/tools/bin/../lib/gcc/arm-none-eabi/9.2.1/../../../../arm-none-eabi/lib/thumb/v7e-m+fp/hard\libcr_semihost_nf.a
LOAD c:/nxp/mcuxpressoide_11.2.1_4149/ide/plugins/com.nxp.mcuxpresso.tools.win32_11.2.0.202008311134/tools/bin/../lib/gcc/arm-none-eabi/9.2.1/../../../../arm-none-eabi/lib/thumb/v7e-m+fp/hard\libcr_c.a
LOAD c:/nxp/mcuxpressoide_11.2.1_4149/ide/plugins/com.nxp.mcuxpresso.tools.win32_11.2.0.202008311134/tools/bin/../lib/gcc/arm-none-eabi/9.2.1/thumb/v7e-m+fp/hard\libcr_eabihelpers.a
LOAD c:/nxp/mcuxpressoide_11.2.1_4149/ide/plugins/com.nxp.mcuxpresso.tools.win32_11.2.0.202008311134/tools/bin/../lib/gcc/arm-none-eabi/9.2.1/thumb/v7e-m+fp/hard\libgcc.a
END GROUP
                0x00000000                __base_PROGRAM_FLASH = 0x0
                0x00000000                __base_Flash = 0x0
                0x00080000                __top_PROGRAM_FLASH = 0x80000
                0x00080000                __top_Flash = 0x80000
                0x20000000                __base_SRAM_UPPER = 0x20000000
                0x20000000                __base_RAM = 0x20000000
                0x20010000                __top_SRAM_UPPER = 0x20010000
                0x20010000                __top_RAM = 0x20010000
                0x1fff0000                __base_SRAM_LOWER = 0x1fff0000
                0x1fff0000                __base_RAM2 = 0x1fff0000
                0x20000000                __top_SRAM_LOWER = 0x20000000
                0x20000000                __top_RAM2 = 0x20000000

.text           0x00000000    0x11878
 FILL mask 0xff
                0x00000000                __vectors_start__ = ABSOLUTE (.)
 *(SORT_BY_ALIGNMENT(.isr_vector))
 .isr_vector    0x00000000      0x168 ./startup/startup_mk22f51212.o
                0x00000000                g_pfnVectors
                0x00000000                __Vectors
                0x00000168                . = ALIGN (0x4)
                0x00000168                __section_table_start = .
                0x00000168                __data_section_table = .
                0x00000168        0x4 LONG 0x11878 LOADADDR (.data)
                0x0000016c        0x4 LONG 0x20000000 ADDR (.data)
                0x00000170        0x4 LONG 0x260 SIZEOF (.data)
                0x00000174        0x4 LONG 0x11878 LOADADDR (.data_RAM2)
                0x00000178        0x4 LONG 0x1fff0000 ADDR (.data_RAM2)
                0x0000017c        0x4 LONG 0x0 SIZEOF (.data_RAM2)
                0x00000180                __data_section_table_end = .
                0x00000180                __bss_section_table = .
                0x00000180        0x4 LONG 0x20000400 ADDR (.bss)
                0x00000184        0x4 LONG 0x7468 SIZEOF (.bss)
                0x00000188        0x4 LONG 0x1fff0000 ADDR (.bss_RAM2)
                0x0000018c        0x4 LONG 0x0 SIZEOF (.bss_RAM2)
                0x00000190                __bss_section_table_end = .
                0x00000190                __section_table_end = .
 *(SORT_BY_ALIGNMENT(.after_vectors*))
 .after_vectors.reset
                0x00000190       0x4c ./startup/startup_mk22f51212.o
                0x00000190                ResetISR
 .after_vectors.init_data
                0x000001dc       0x1e ./startup/startup_mk22f51212.o
                0x000001dc                data_init
 .after_vectors.init_bss
                0x000001fa       0x12 ./startup/startup_mk22f51212.o
                0x000001fa                bss_init
 .after_vectors
                0x0000020c       0x14 ./startup/startup_mk22f51212.o
                0x0000020c                NMI_Handler
                0x00000210                MemManage_Handler
                0x00000212                BusFault_Handler
                0x00000214                UsageFault_Handler
                0x00000218                DebugMon_Handler
                0x0000021e                DMA_Error_DriverIRQHandler
                0x0000021e                LPTMR0_DriverIRQHandler
                0x0000021e                FTM1_DriverIRQHandler
                0x0000021e                FTM2_DriverIRQHandler
                0x0000021e                PIT2_DriverIRQHandler
                0x0000021e                Reserved82_DriverIRQHandler
                0x0000021e                I2S0_Tx_DriverIRQHandler
                0x0000021e                RTC_Seconds_DriverIRQHandler
                0x0000021e                FTF_DriverIRQHandler
                0x0000021e                DMA6_DriverIRQHandler
                0x0000021e                LLWU_DriverIRQHandler
                0x0000021e                MCM_DriverIRQHandler
                0x0000021e                MCG_DriverIRQHandler
                0x0000021e                DAC1_DriverIRQHandler
                0x0000021e                DMA12_DriverIRQHandler
                0x0000021e                CMP1_DriverIRQHandler
                0x0000021e                FTM0_DriverIRQHandler
                0x0000021e                IntDefaultHandler
                0x0000021e                USB0_DriverIRQHandler
                0x0000021e                PORTC_DriverIRQHandler
                0x0000021e                DMA11_DriverIRQHandler
                0x0000021e                DAC0_DriverIRQHandler
                0x0000021e                DMA10_DriverIRQHandler
                0x0000021e                UART2_ERR_DriverIRQHandler
                0x0000021e                LVD_LVW_DriverIRQHandler
                0x0000021e                Reserved84_DriverIRQHandler
                0x0000021e                PIT0_DriverIRQHandler
                0x0000021e                RNG_DriverIRQHandler
                0x0000021e                PORTB_DriverIRQHandler
                0x0000021e                DMA4_DriverIRQHandler
                0x0000021e                DMA3_DriverIRQHandler
                0x0000021e                Reserved53_DriverIRQHandler
                0x0000021e                DMA8_DriverIRQHandler
                0x0000021e                DMA9_DriverIRQHandler
                0x0000021e                UART0_ERR_DriverIRQHandler
                0x0000021e                Reserved71_DriverIRQHandler
                0x0000021e                ADC1_DriverIRQHandler
                0x0000021e                PORTA_DriverIRQHandler
                0x0000021e                DMA14_DriverIRQHandler
                0x0000021e                PIT3_DriverIRQHandler
                0x0000021e                PIT1_DriverIRQHandler
                0x0000021e                WDOG_EWM_DriverIRQHandler
                0x0000021e                PDB0_DriverIRQHandler
                0x0000021e                Reserved83_DriverIRQHandler
                0x0000021e                Reserved61_DriverIRQHandler
                0x0000021e                RTC_DriverIRQHandler
                0x0000021e                I2S0_Rx_DriverIRQHandler
                0x0000021e                Read_Collision_DriverIRQHandler
                0x0000021e                Reserved54_DriverIRQHandler
                0x0000021e                SWI_DriverIRQHandler
                0x0000021e                DMA0_DriverIRQHandler
                0x0000021e                DMA1_DriverIRQHandler
                0x0000021e                DMA13_DriverIRQHandler
                0x0000021e                DMA15_DriverIRQHandler
                0x0000021e                LPUART0_DriverIRQHandler
                0x0000021e                Reserved85_DriverIRQHandler
                0x0000021e                Reserved81_DriverIRQHandler
                0x0000021e                ADC0_DriverIRQHandler
                0x0000021e                CMP0_DriverIRQHandler
                0x0000021e                FTM3_DriverIRQHandler
                0x0000021e                DMA5_DriverIRQHandler
                0x0000021e                UART1_ERR_DriverIRQHandler
                0x0000021e                DMA2_DriverIRQHandler
                0x0000021e                PORTD_DriverIRQHandler
                0x0000021e                Reserved70_DriverIRQHandler
                0x0000021e                Reserved86_DriverIRQHandler
                0x0000021e                PORTE_DriverIRQHandler
                0x0000021e                DMA7_DriverIRQHandler
                0x00000400                . = 0x400
 *fill*         0x00000220      0x1e0 ff
                0x00000400                PROVIDE (__FLASH_CONFIG_START__ = .)
 *(SORT_BY_ALIGNMENT(.FlashConfig))
 .FlashConfig   0x00000400       0x10 ./startup/startup_mk22f51212.o
                0x00000400                Flash_Config
                0x00000410                PROVIDE (__FLASH_CONFIG_END__ = .)
                0x00000001                ASSERT (! ((__FLASH_CONFIG_START__ == __FLASH_CONFIG_END__)), Linker Flash Config Support Enabled, but no .FlashConfig section provided within application)
 *(SORT_BY_ALIGNMENT(.text*))
 .text.SVC_Handler
                0x00000410       0x28 ./freertos/freertos_kernel/portable/GCC/ARM_CM4F/port.o
                0x00000410                SVC_Handler
 *fill*         0x00000438        0x8 ff
 .text.PendSV_Handler
                0x00000440       0x68 ./freertos/freertos_kernel/portable/GCC/ARM_CM4F/port.o
                0x00000440                PendSV_Handler
 .text.BOARD_InitFTM1
                0x000004a8      0x188 ./board/board.o
                0x000004a8                BOARD_InitFTM1
 .text.USB_DeviceKhciEndpointTransfer
                0x00000630      0x104 ./usb/device/source/khci/usb_device_khci.o
 .text.USB_DeviceKhciInit
                0x00000734       0xd4 ./usb/device/source/khci/usb_device_khci.o
                0x00000734                USB_DeviceKhciInit
 .text.USB_DeviceKhciControl
                0x00000808      0x2b0 ./usb/device/source/khci/usb_device_khci.o
                0x00000808                USB_DeviceKhciControl
 .text.USB_DeviceControlCallback
                0x00000ab8      0x384 ./usb/device/source/usb_device_ch9.o
 .text.USB_DeviceControlPipeInit
                0x00000e3c       0x7c ./usb/device/source/usb_device_ch9.o
                0x00000e3c                USB_DeviceControlPipeInit
 .text.USB_DeviceAllocateHandle
                0x00000eb8       0xd0 ./usb/device/source/usb_device_dci.o
 .text.USB_DeviceGetControllerInterface
                0x00000f88       0x3c ./usb/device/source/usb_device_dci.o
 .text.USB_DeviceGetStatus
                0x00000fc4       0xcc ./usb/device/source/usb_device_dci.o
                0x00000fc4                USB_DeviceGetStatus
 .text.USB_DeviceSetStatus
                0x00001090      0x118 ./usb/device/source/usb_device_dci.o
                0x00001090                USB_DeviceSetStatus
 .text.USB_DeviceCdcAcmAllocateHandle
                0x000011a8       0x58 ./usb/device/class/cdc/usb_device_cdc_acm.o
 .text.USB_DeviceCdcAcmEndpointsInit
                0x00001200      0x3c0 ./usb/device/class/cdc/usb_device_cdc_acm.o
 .text.USB_DeviceCdcAcmEvent
                0x000015c0      0x64c ./usb/device/class/cdc/usb_device_cdc_acm.o
                0x000015c0                USB_DeviceCdcAcmEvent
 .text.USB_DeviceCdcAcmInit
                0x00001c0c       0xd4 ./usb/device/class/cdc/usb_device_cdc_acm.o
                0x00001c0c                USB_DeviceCdcAcmInit
 .text.USB_DeviceCdcAcmDeinit
                0x00001ce0       0x78 ./usb/device/class/cdc/usb_device_cdc_acm.o
                0x00001ce0                USB_DeviceCdcAcmDeinit
 .text.USB_DeviceClassAllocateHandle
                0x00001d58       0xc8 ./usb/device/class/usb_device_class.o
 .text.USB_DeviceClassFreeHandle
                0x00001e20       0x90 ./usb/device/class/usb_device_class.o
 .text.USB_DeviceClassGetHandleByDeviceHandle
                0x00001eb0       0x64 ./usb/device/class/usb_device_class.o
 .text.USB_DeviceClassGetDeviceHandle
                0x00001f14       0x78 ./usb/device/class/usb_device_class.o
                0x00001f14                USB_DeviceClassGetDeviceHandle
 .text.USB_DeviceClassEvent
                0x00001f8c       0xdc ./usb/device/class/usb_device_class.o
                0x00001f8c                USB_DeviceClassEvent
 .text.USB_DeviceClassInit
                0x00002068      0x118 ./usb/device/class/usb_device_class.o
                0x00002068                USB_DeviceClassInit
 .text.USB_DeviceGetDeviceDescriptor
                0x00002180       0x28 ./source/usb/usb_device_descriptor.o
                0x00002180                USB_DeviceGetDeviceDescriptor
 .text.USB_DeviceGetConfigurationDescriptor
                0x000021a8       0x34 ./source/usb/usb_device_descriptor.o
                0x000021a8                USB_DeviceGetConfigurationDescriptor
 .text.USB_DeviceGetStringDescriptor
                0x000021dc       0xc0 ./source/usb/usb_device_descriptor.o
                0x000021dc                USB_DeviceGetStringDescriptor
 .text.__NVIC_EnableIRQ
                0x0000229c       0x3c ./source/usb/virtual_com.o
 .text.__NVIC_SetPriority
                0x000022d8       0x54 ./source/usb/virtual_com.o
 .text.USB0_IRQHandler
                0x0000232c       0x1c ./source/usb/virtual_com.o
                0x0000232c                USB0_IRQHandler
 .text.USB_DeviceClockInit
                0x00002348       0x1c ./source/usb/virtual_com.o
                0x00002348                USB_DeviceClockInit
 .text.USB_DeviceCdcVcomCallback
                0x00002364      0x368 ./source/usb/virtual_com.o
                0x00002364                USB_DeviceCdcVcomCallback
 .text.USB_DeviceCallback
                0x000026cc      0x164 ./source/usb/virtual_com.o
                0x000026cc                USB_DeviceCallback
 .text.USB_DeviceApplicationInit
                0x00002830       0x8c ./source/usb/virtual_com.o
                0x00002830                USB_DeviceApplicationInit
 .text.USB_Putchar
                0x000028bc       0x74 ./source/usb/virtual_com.o
                0x000028bc                USB_Putchar
 .text.APPTask  0x00002930       0x94 ./source/usb/virtual_com.o
                0x00002930                APPTask
 .text.usb_main_init
                0x000029c4       0x4c ./source/usb/virtual_com.o
                0x000029c4                usb_main_init
 .text._DoInit  0x00002a10       0x9c ./source/Tracealyzer/streamports/Jlink_RTT/SEGGER_RTT.o
 .text.SEGGER_RTT_ReadNoLock
                0x00002aac      0x104 ./source/Tracealyzer/streamports/Jlink_RTT/SEGGER_RTT.o
                0x00002aac                SEGGER_RTT_ReadNoLock
 .text.SEGGER_RTT_WriteNoLock
                0x00002bb0       0xa0 ./source/Tracealyzer/streamports/Jlink_RTT/SEGGER_RTT.o
                0x00002bb0                SEGGER_RTT_WriteNoLock
 .text.SEGGER_RTT_Write
                0x00002c50       0x48 ./source/Tracealyzer/streamports/Jlink_RTT/SEGGER_RTT.o
                0x00002c50                SEGGER_RTT_Write
 .text.SEGGER_RTT_ConfigUpBuffer
                0x00002c98       0xd4 ./source/Tracealyzer/streamports/Jlink_RTT/SEGGER_RTT.o
                0x00002c98                SEGGER_RTT_ConfigUpBuffer
 .text.SEGGER_RTT_ConfigDownBuffer
                0x00002d6c       0xd4 ./source/Tracealyzer/streamports/Jlink_RTT/SEGGER_RTT.o
                0x00002d6c                SEGGER_RTT_ConfigDownBuffer
 .text.readFromRTT
                0x00002e40       0x48 ./source/Tracealyzer/streamports/Jlink_RTT/trcStreamingPort.o
                0x00002e40                readFromRTT
 .text.prvAddTaskToStackMonitor
                0x00002e88       0x6c ./source/Tracealyzer/trcKernelPort.o
                0x00002e88                prvAddTaskToStackMonitor
 .text.prvReportStackUsage
                0x00002ef4       0xbc ./source/Tracealyzer/trcKernelPort.o
                0x00002ef4                prvReportStackUsage
 .text.vTraceEnable
                0x00002fb0      0x11c ./source/Tracealyzer/trcKernelPort.o
                0x00002fb0                vTraceEnable
 .text.prvIsNewTCB
                0x000030cc       0x30 ./source/Tracealyzer/trcKernelPort.o
                0x000030cc                prvIsNewTCB
 .text.prvCheckRecorderStatus
                0x000030fc       0x80 ./source/Tracealyzer/trcKernelPort.o
 .text.xTraceIsRecordingEnabled
                0x0000317c       0x18 ./source/Tracealyzer/trcStreamingRecorder.o
                0x0000317c                xTraceIsRecordingEnabled
 .text.prvSetRecorderEnabled
                0x00003194       0xb0 ./source/Tracealyzer/trcStreamingRecorder.o
 .text.prvTraceStoreSymbolTable
                0x00003244       0xb8 ./source/Tracealyzer/trcStreamingRecorder.o
 .text.prvTraceStoreObjectDataTable
                0x000032fc       0xb8 ./source/Tracealyzer/trcStreamingRecorder.o
 .text.prvTraceStoreHeader
                0x000033b4       0xc4 ./source/Tracealyzer/trcStreamingRecorder.o
 .text.prvTraceStoreExtensionInfo
                0x00003478       0x7c ./source/Tracealyzer/trcStreamingRecorder.o
 .text.prvTraceGetError
                0x000034f4       0xc4 ./source/Tracealyzer/trcStreamingRecorder.o
 .text.prvTraceStoreEvent1
                0x000035b8       0xac ./source/Tracealyzer/trcStreamingRecorder.o
                0x000035b8                prvTraceStoreEvent1
 .text.prvTraceStoreEvent2
                0x00003664       0xb4 ./source/Tracealyzer/trcStreamingRecorder.o
                0x00003664                prvTraceStoreEvent2
 .text.prvTraceStoreEvent3
                0x00003718       0xbc ./source/Tracealyzer/trcStreamingRecorder.o
                0x00003718                prvTraceStoreEvent3
 .text.prvTraceStoreEvent
                0x000037d4       0xf0 ./source/Tracealyzer/trcStreamingRecorder.o
                0x000037d4                prvTraceStoreEvent
 .text.prvTraceStoreStringEventHelper
                0x000038c4      0x1c8 ./source/Tracealyzer/trcStreamingRecorder.o
 .text.prvTraceStoreSimpleStringEventHelper
                0x00003a8c      0x1d0 ./source/Tracealyzer/trcStreamingRecorder.o
                0x00003a8c                prvTraceStoreSimpleStringEventHelper
 .text.prvTraceSaveSymbol
                0x00003c5c       0x5c ./source/Tracealyzer/trcStreamingRecorder.o
                0x00003c5c                prvTraceSaveSymbol
 .text.prvTraceSaveObjectSymbol
                0x00003cb8       0xe0 ./source/Tracealyzer/trcStreamingRecorder.o
                0x00003cb8                prvTraceSaveObjectSymbol
 .text.prvTraceDeleteSymbol
                0x00003d98       0xd0 ./source/Tracealyzer/trcStreamingRecorder.o
                0x00003d98                prvTraceDeleteSymbol
 .text.prvTraceSaveObjectData
                0x00003e68       0xc0 ./source/Tracealyzer/trcStreamingRecorder.o
                0x00003e68                prvTraceSaveObjectData
 .text.prvTraceWarning
                0x00003f28       0x5c ./source/Tracealyzer/trcStreamingRecorder.o
                0x00003f28                prvTraceWarning
 .text.prvTraceError
                0x00003f84       0x74 ./source/Tracealyzer/trcStreamingRecorder.o
                0x00003f84                prvTraceError
 .text.prvTraceInitCortexM
                0x00003ff8       0x68 ./source/Tracealyzer/trcStreamingRecorder.o
                0x00003ff8                prvTraceInitCortexM
 .text.prvGetTimestamp32
                0x00004060       0x18 ./source/Tracealyzer/trcStreamingRecorder.o
 .text.prvTraceStoreTSConfig
                0x00004078       0x3c ./source/Tracealyzer/trcStreamingRecorder.o
 .text.main     0x000040b4      0x138 ./source/BRDUINO_Nano.o
                0x000040b4                main
 .text.cmd_SUB_SYS_GET_CLOCKS
                0x000041ec       0x98 ./source/CmdSystem.o
                0x000041ec                cmd_SUB_SYS_GET_CLOCKS
 .text.SystemCommandHandler
                0x00004284      0x134 ./source/CmdSystem.o
                0x00004284                SystemCommandHandler
 .text.SendPacketCMD
                0x000043b8       0x30 ./source/CommandHandler.o
                0x000043b8                SendPacketCMD
 .text.SendCommandType
                0x000043e8       0x20 ./source/CommandHandler.o
                0x000043e8                SendCommandType
 .text.SendNAK  0x00004408       0x58 ./source/CommandHandler.o
                0x00004408                SendNAK
 .text.InitCommandHandler
                0x00004460       0x54 ./source/CommandHandler.o
                0x00004460                InitCommandHandler
 .text.GetPacketCmdIF
                0x000044b4       0xd4 ./source/CommandHandler.o
 .text.CommandHandler
                0x00004588      0x1b8 ./source/CommandHandler.o
                0x00004588                CommandHandler
 .text.UART_CmdIF_HandleUSB
                0x00004740      0x198 ./source/CommandHandler.o
                0x00004740                UART_CmdIF_HandleUSB
 .text.UART_CmdIF_IRQHandler
                0x000048d8      0x198 ./source/CommandHandler.o
                0x000048d8                UART_CmdIF_IRQHandler
 .text.MeasureCommandHandler
                0x00004a70      0x284 ./source/CommandMeasure.o
                0x00004a70                MeasureCommandHandler
 .text.GetSystemInfoStructPtr
                0x00004cf4       0x14 ./source/System.o
                0x00004cf4                GetSystemInfoStructPtr
 .text.CRC_init
                0x00004d08       0x2c ./source/crc.o
                0x00004d08                CRC_init
 .text.CRC_Config
                0x00004d34       0x84 ./source/crc.o
                0x00004d34                CRC_Config
 .text.CRC_Cal_16
                0x00004db8       0x74 ./source/crc.o
                0x00004db8                CRC_Cal_16
 .text.__NVIC_EnableIRQ
                0x00004e2c       0x3c ./source/uart.o
 .text.__NVIC_DisableIRQ
                0x00004e68       0x48 ./source/uart.o
 .text.__NVIC_SetPriority
                0x00004eb0       0x54 ./source/uart.o
 .text.GetUARTdescriptorFromPtr
                0x00004f04       0x54 ./source/uart.o
                0x00004f04                GetUARTdescriptorFromPtr
 .text.UART_CmdIF_IRQDispatcher
                0x00004f58       0x78 ./source/uart.o
 .text.UART_SendPacketCMD
                0x00004fd0      0x100 ./source/uart.o
                0x00004fd0                UART_SendPacketCMD
 .text.pvPortMalloc
                0x000050d0      0x1ec ./freertos/freertos_kernel/portable/MemMang/heap_4.o
                0x000050d0                pvPortMalloc
 .text.vPortFree
                0x000052bc      0x104 ./freertos/freertos_kernel/portable/MemMang/heap_4.o
                0x000052bc                vPortFree
 .text.prvHeapInit
                0x000053c0       0xc4 ./freertos/freertos_kernel/portable/MemMang/heap_4.o
 .text.prvInsertBlockIntoFreeList
                0x00005484       0xb4 ./freertos/freertos_kernel/portable/MemMang/heap_4.o
 .text.pxPortInitialiseStack
                0x00005538       0x68 ./freertos/freertos_kernel/portable/GCC/ARM_CM4F/port.o
                0x00005538                pxPortInitialiseStack
 .text.prvTaskExitError
                0x000055a0       0x58 ./freertos/freertos_kernel/portable/GCC/ARM_CM4F/port.o
 .text.prvPortStartFirstTask
                0x000055f8       0x28 ./freertos/freertos_kernel/portable/GCC/ARM_CM4F/port.o
 .text.xPortStartScheduler
                0x00005620      0x164 ./freertos/freertos_kernel/portable/GCC/ARM_CM4F/port.o
                0x00005620                xPortStartScheduler
 .text.vPortEnterCritical
                0x00005784       0x60 ./freertos/freertos_kernel/portable/GCC/ARM_CM4F/port.o
                0x00005784                vPortEnterCritical
 .text.vPortExitCritical
                0x000057e4       0x54 ./freertos/freertos_kernel/portable/GCC/ARM_CM4F/port.o
                0x000057e4                vPortExitCritical
 .text.SysTick_Handler
                0x00005838       0x44 ./freertos/freertos_kernel/portable/GCC/ARM_CM4F/port.o
                0x00005838                SysTick_Handler
 .text.vPortSetupTimerInterrupt
                0x0000587c       0x48 ./freertos/freertos_kernel/portable/GCC/ARM_CM4F/port.o
                0x0000587c                vPortSetupTimerInterrupt
 .text.vPortEnableVFP
                0x000058c4       0x14 ./freertos/freertos_kernel/portable/GCC/ARM_CM4F/port.o
 .text.vPortValidateInterruptPriority
                0x000058d8       0x80 ./freertos/freertos_kernel/portable/GCC/ARM_CM4F/port.o
                0x000058d8                vPortValidateInterruptPriority
 .text.xQueueGenericReset
                0x00005958       0xd0 ./freertos/freertos_kernel/queue.o
                0x00005958                xQueueGenericReset
 .text.xQueueGenericCreate
                0x00005a28       0xdc ./freertos/freertos_kernel/queue.o
                0x00005a28                xQueueGenericCreate
 .text.prvInitialiseNewQueue
                0x00005b04       0xe4 ./freertos/freertos_kernel/queue.o
 .text.xQueueGenericSend
                0x00005be8      0x448 ./freertos/freertos_kernel/queue.o
                0x00005be8                xQueueGenericSend
 .text.xQueueGenericSendFromISR
                0x00006030      0x1f0 ./freertos/freertos_kernel/queue.o
                0x00006030                xQueueGenericSendFromISR
 .text.xQueueReceive
                0x00006220      0x3e4 ./freertos/freertos_kernel/queue.o
                0x00006220                xQueueReceive
 .text.vQueueDelete
                0x00006604       0xf0 ./freertos/freertos_kernel/queue.o
                0x00006604                vQueueDelete
 .text.vQueueAddToRegistry
                0x000066f4       0x64 ./freertos/freertos_kernel/queue.o
                0x000066f4                vQueueAddToRegistry
 .text.vQueueUnregisterQueue
                0x00006758       0x54 ./freertos/freertos_kernel/queue.o
                0x00006758                vQueueUnregisterQueue
 .text.prvAddNewTaskToReadyList
                0x000067ac      0x184 ./freertos/freertos_kernel/tasks.o
 .text.vTaskDelay
                0x00006930       0x90 ./freertos/freertos_kernel/tasks.o
                0x00006930                vTaskDelay
 .text.vTaskStartScheduler
                0x000069c0       0xf4 ./freertos/freertos_kernel/tasks.o
                0x000069c0                vTaskStartScheduler
 .text.vTaskSuspendAll
                0x00006ab4       0x1c ./freertos/freertos_kernel/tasks.o
                0x00006ab4                vTaskSuspendAll
 .text.xTaskResumeAll
                0x00006ad0      0x15c ./freertos/freertos_kernel/tasks.o
                0x00006ad0                xTaskResumeAll
 .text.xTaskGetTickCount
                0x00006c2c       0x20 ./freertos/freertos_kernel/tasks.o
                0x00006c2c                xTaskGetTickCount
 .text.xTaskIncrementTick
                0x00006c4c      0x1ac ./freertos/freertos_kernel/tasks.o
                0x00006c4c                xTaskIncrementTick
 .text.vTaskSwitchContext
                0x00006df8      0x108 ./freertos/freertos_kernel/tasks.o
                0x00006df8                vTaskSwitchContext
 .text.vTaskPlaceOnEventList
                0x00006f00       0x48 ./freertos/freertos_kernel/tasks.o
                0x00006f00                vTaskPlaceOnEventList
 .text.vTaskPlaceOnEventListRestricted
                0x00006f48       0x8c ./freertos/freertos_kernel/tasks.o
                0x00006f48                vTaskPlaceOnEventListRestricted
 .text.xTaskRemoveFromEventList
                0x00006fd4       0xe8 ./freertos/freertos_kernel/tasks.o
                0x00006fd4                xTaskRemoveFromEventList
 .text.vTaskInternalSetTimeOutState
                0x000070bc       0x2c ./freertos/freertos_kernel/tasks.o
                0x000070bc                vTaskInternalSetTimeOutState
 .text.xTaskCheckForTimeOut
                0x000070e8       0xc4 ./freertos/freertos_kernel/tasks.o
                0x000070e8                xTaskCheckForTimeOut
 .text.vTaskMissedYield
                0x000071ac       0x18 ./freertos/freertos_kernel/tasks.o
                0x000071ac                vTaskMissedYield
 .text.prvIdleTask
                0x000071c4       0x30 ./freertos/freertos_kernel/tasks.o
 .text.prvInitialiseTaskLists
                0x000071f4       0x80 ./freertos/freertos_kernel/tasks.o
 .text.prvCheckTasksWaitingTermination
                0x00007274       0x5c ./freertos/freertos_kernel/tasks.o
 .text.uxTaskGetStackHighWaterMark
                0x000072d0       0x38 ./freertos/freertos_kernel/tasks.o
                0x000072d0                uxTaskGetStackHighWaterMark
 .text.prvResetNextTaskUnblockTime
                0x00007308       0x40 ./freertos/freertos_kernel/tasks.o
 .text.xTaskGetCurrentTaskHandle
                0x00007348       0x20 ./freertos/freertos_kernel/tasks.o
                0x00007348                xTaskGetCurrentTaskHandle
 .text.xTaskGetSchedulerState
                0x00007368       0x3c ./freertos/freertos_kernel/tasks.o
                0x00007368                xTaskGetSchedulerState
 .text.xTaskPriorityDisinherit
                0x000073a4      0x170 ./freertos/freertos_kernel/tasks.o
                0x000073a4                xTaskPriorityDisinherit
 .text.xTaskNotifyWait
                0x00007514      0x12c ./freertos/freertos_kernel/tasks.o
                0x00007514                xTaskNotifyWait
 .text.xTaskGenericNotifyFromISR
                0x00007640      0x1f8 ./freertos/freertos_kernel/tasks.o
                0x00007640                xTaskGenericNotifyFromISR
 .text.prvAddCurrentTaskToDelayedList
                0x00007838       0xcc ./freertos/freertos_kernel/tasks.o
 .text.xTimerCreateTimerTask
                0x00007904       0x64 ./freertos/freertos_kernel/timers.o
                0x00007904                xTimerCreateTimerTask
 .text.xTimerGenericCommand
                0x00007968       0x9c ./freertos/freertos_kernel/timers.o
                0x00007968                xTimerGenericCommand
 .text.prvProcessExpiredTimer
                0x00007a04       0x98 ./freertos/freertos_kernel/timers.o
 .text.prvProcessTimerOrBlockTask
                0x00007a9c       0x9c ./freertos/freertos_kernel/timers.o
 .text.prvGetNextExpireTime
                0x00007b38       0x48 ./freertos/freertos_kernel/timers.o
 .text.prvSampleTimeNow
                0x00007b80       0x40 ./freertos/freertos_kernel/timers.o
 .text.prvInsertTimerInActiveList
                0x00007bc0       0x84 ./freertos/freertos_kernel/timers.o
 .text.prvProcessReceivedCommands
                0x00007c44      0x1c4 ./freertos/freertos_kernel/timers.o
 .text.prvSwitchTimerLists
                0x00007e08       0xc8 ./freertos/freertos_kernel/timers.o
 .text.prvCheckForValidListAndQueue
                0x00007ed0       0x6c ./freertos/freertos_kernel/timers.o
 .text.ADC16_GetInstance
                0x00007f3c       0x4c ./drivers/fsl_adc16.o
 .text.ADC16_Init
                0x00007f88      0x10c ./drivers/fsl_adc16.o
                0x00007f88                ADC16_Init
 .text.ADC16_SetChannelConfig
                0x00008094       0x68 ./drivers/fsl_adc16.o
                0x00008094                ADC16_SetChannelConfig
 .text.ADC16_GetChannelStatusFlags
                0x000080fc       0x40 ./drivers/fsl_adc16.o
                0x000080fc                ADC16_GetChannelStatusFlags
 .text.CLOCK_SetEr32kClock
                0x0000813c       0x30 ./drivers/fsl_clock.o
 .text.CLOCK_SetPllFllSelClock
                0x0000816c       0x3c ./drivers/fsl_clock.o
 .text.CLOCK_GetMcgExtClkFreq
                0x000081a8       0x7c ./drivers/fsl_clock.o
 .text.CLOCK_GetFllExtRefClkFreq
                0x00008224       0xb0 ./drivers/fsl_clock.o
 .text.CLOCK_GetInternalRefClkSelectFreq
                0x000082d4       0x4c ./drivers/fsl_clock.o
 .text.CLOCK_GetFllRefClkFreq
                0x00008320       0x34 ./drivers/fsl_clock.o
 .text.CLOCK_GetOsc0ErClkUndivFreq
                0x00008354       0x38 ./drivers/fsl_clock.o
                0x00008354                CLOCK_GetOsc0ErClkUndivFreq
 .text.CLOCK_GetOsc0ErClkDivFreq
                0x0000838c       0x58 ./drivers/fsl_clock.o
                0x0000838c                CLOCK_GetOsc0ErClkDivFreq
 .text.CLOCK_GetEr32kClkFreq
                0x000083e4       0x74 ./drivers/fsl_clock.o
                0x000083e4                CLOCK_GetEr32kClkFreq
 .text.CLOCK_GetPllFllSelClkFreq
                0x00008458       0x58 ./drivers/fsl_clock.o
                0x00008458                CLOCK_GetPllFllSelClkFreq
 .text.CLOCK_GetBusClkFreq
                0x000084b0       0x28 ./drivers/fsl_clock.o
                0x000084b0                CLOCK_GetBusClkFreq
 .text.CLOCK_GetCoreSysClkFreq
                0x000084d8       0x28 ./drivers/fsl_clock.o
                0x000084d8                CLOCK_GetCoreSysClkFreq
 .text.CLOCK_GetFreq
                0x00008500      0x150 ./drivers/fsl_clock.o
                0x00008500                CLOCK_GetFreq
 .text.CLOCK_SetSimConfig
                0x00008650       0x38 ./drivers/fsl_clock.o
                0x00008650                CLOCK_SetSimConfig
 .text.CLOCK_EnableUsbfs0Clock
                0x00008688      0x110 ./drivers/fsl_clock.o
                0x00008688                CLOCK_EnableUsbfs0Clock
 .text.CLOCK_GetOutClkFreq
                0x00008798       0x64 ./drivers/fsl_clock.o
                0x00008798                CLOCK_GetOutClkFreq
 .text.CLOCK_GetFllFreq
                0x000087fc       0x84 ./drivers/fsl_clock.o
                0x000087fc                CLOCK_GetFllFreq
 .text.CLOCK_GetInternalRefClkFreq
                0x00008880       0x30 ./drivers/fsl_clock.o
                0x00008880                CLOCK_GetInternalRefClkFreq
 .text.CLOCK_GetPll0Freq
                0x000088b0       0x78 ./drivers/fsl_clock.o
                0x000088b0                CLOCK_GetPll0Freq
 .text.CLOCK_SetExternalRefClkConfig
                0x00008928       0x6c ./drivers/fsl_clock.o
                0x00008928                CLOCK_SetExternalRefClkConfig
 .text.CLOCK_SetFeeMode
                0x00008994      0x10c ./drivers/fsl_clock.o
                0x00008994                CLOCK_SetFeeMode
 .text.SDK_DelayAtLeastUs
                0x00008aa0       0x90 ./drivers/fsl_common.o
                0x00008aa0                SDK_DelayAtLeastUs
 .text.DSPI_CommonIRQHandler
                0x00008b30       0x44 ./drivers/fsl_dspi.o
 .text.SPI0_DriverIRQHandler
                0x00008b74       0x30 ./drivers/fsl_dspi.o
                0x00008b74                SPI0_DriverIRQHandler
 .text.SPI1_DriverIRQHandler
                0x00008ba4       0x30 ./drivers/fsl_dspi.o
                0x00008ba4                SPI1_DriverIRQHandler
 .text.FTM_GetInstance
                0x00008bd4       0x54 ./drivers/fsl_ftm.o
 .text.FTM_SetPwmSync
                0x00008c28      0x140 ./drivers/fsl_ftm.o
 .text.FTM_SetReloadPoints
                0x00008d68      0x138 ./drivers/fsl_ftm.o
 .text.FTM_Init
                0x00008ea0       0xf4 ./drivers/fsl_ftm.o
                0x00008ea0                FTM_Init
 .text.FTM_GetDefaultConfig
                0x00008f94       0x74 ./drivers/fsl_ftm.o
                0x00008f94                FTM_GetDefaultConfig
 .text.FTM_SetupPwm
                0x00009008      0x330 ./drivers/fsl_ftm.o
                0x00009008                FTM_SetupPwm
 .text.GPIO_PinInit
                0x00009338       0x68 ./drivers/fsl_gpio.o
                0x00009338                GPIO_PinInit
 .text.I2C_TransferCommonIRQHandler
                0x000093a0       0x58 ./drivers/fsl_i2c.o
 .text.I2C0_DriverIRQHandler
                0x000093f8       0x1c ./drivers/fsl_i2c.o
                0x000093f8                I2C0_DriverIRQHandler
 .text.I2C1_DriverIRQHandler
                0x00009414       0x1c ./drivers/fsl_i2c.o
                0x00009414                I2C1_DriverIRQHandler
 .text.PIT_GetInstance
                0x00009430       0x44 ./drivers/fsl_pit.o
 .text.PIT_Init
                0x00009474       0x94 ./drivers/fsl_pit.o
                0x00009474                PIT_Init
 .text.UART_GetInstance
                0x00009508       0x54 ./drivers/fsl_uart.o
                0x00009508                UART_GetInstance
 .text.UART_Init
                0x0000955c      0x294 ./drivers/fsl_uart.o
                0x0000955c                UART_Init
 .text.UART_EnableInterrupts
                0x000097f0       0x70 ./drivers/fsl_uart.o
                0x000097f0                UART_EnableInterrupts
 .text.UART2_DriverIRQHandler
                0x00009860       0x28 ./drivers/fsl_uart.o
                0x00009860                UART2_DriverIRQHandler
 .text.VREF_GetInstance
                0x00009888       0x44 ./drivers/fsl_vref.o
 .text.VREF_Init
                0x000098cc       0x94 ./drivers/fsl_vref.o
                0x000098cc                VREF_Init
 .text.SystemInit
                0x00009960       0x3c ./device/system_MK22F51212.o
                0x00009960                SystemInit
 .text.SystemCoreClockUpdate
                0x0000999c      0x298 ./device/system_MK22F51212.o
                0x0000999c                SystemCoreClockUpdate
 .text.OSA_MutexCreate
                0x00009c34       0x40 ./component/osa/fsl_os_abstraction_free_rtos.o
                0x00009c34                OSA_MutexCreate
 .text.OSA_MutexDestroy
                0x00009c74       0x30 ./component/osa/fsl_os_abstraction_free_rtos.o
                0x00009c74                OSA_MutexDestroy
 .text.__NVIC_EnableIRQ
                0x00009ca4       0x3c ./board/board.o
 .text.__NVIC_SetPriority
                0x00009ce0       0x54 ./board/board.o
 .text.PORT_SetPinConfig
                0x00009d34       0x38 ./board/board.o
 .text.BOARD_setPinAttributes
                0x00009d6c       0x7c ./board/board.o
 .text.BOARD_setClockAttributes
                0x00009de8       0xc8 ./board/board.o
 .text.BOARD_UART_InitUart1
                0x00009eb0       0x3c ./board/board.o
 .text.ADC0_IRQHandler
                0x00009eec       0xc4 ./board/board.o
                0x00009eec                ADC0_IRQHandler
 .text.BOARD_InitADC
                0x00009fb0       0xf8 ./board/board.o
 .text.BOARD_InitDAC
                0x0000a0a8       0x4c ./board/board.o
 .text.BOARD_get_ADC
                0x0000a0f4       0xac ./board/board.o
                0x0000a0f4                BOARD_get_ADC
 .text.BOARD_get_ADC_float
                0x0000a1a0       0x74 ./board/board.o
                0x0000a1a0                BOARD_get_ADC_float
 .text.BOARD_InitFTM0
                0x0000a214       0x88 ./board/board.o
                0x0000a214                BOARD_InitFTM0
 .text.BOARD_SetOwnAddress
                0x0000a29c       0x20 ./board/board.o
                0x0000a29c                BOARD_SetOwnAddress
 .text.BOARD_GetOwnAddress
                0x0000a2bc       0x18 ./board/board.o
                0x0000a2bc                BOARD_GetOwnAddress
 .text.FTM0_IRQHandler
                0x0000a2d4       0x24 ./board/board.o
                0x0000a2d4                FTM0_IRQHandler
 .text.FTM1_IRQHandler
                0x0000a2f8       0x20 ./board/board.o
                0x0000a2f8                FTM1_IRQHandler
 .text.FTM2_IRQHandler
                0x0000a318       0x20 ./board/board.o
                0x0000a318                FTM2_IRQHandler
 .text.PIT0_IRQHandler
                0x0000a338       0xc8 ./board/board.o
                0x0000a338                PIT0_IRQHandler
 .text.PIT1_IRQHandler
                0x0000a400       0x24 ./board/board.o
                0x0000a400                PIT1_IRQHandler
 .text.BOARD_InitPIT
                0x0000a424       0xec ./board/board.o
                0x0000a424                BOARD_InitPIT
 .text.BOARD_InitVREF
                0x0000a510       0x18 ./board/board.o
                0x0000a510                BOARD_InitVREF
 .text.BOARD_Init
                0x0000a528       0x48 ./board/board.o
                0x0000a528                BOARD_Init
 .text.BOARD_SetGPIOpin
                0x0000a570       0x50 ./board/board.o
                0x0000a570                BOARD_SetGPIOpin
 .text.CLOCK_SetSimSafeDivs
                0x0000a5c0       0x24 ./board/clock_config.o
 .text.CLOCK_SetXtal32Freq
                0x0000a5e4       0x20 ./board/clock_config.o
 .text.CLOCK_CONFIG_SetRtcClock
                0x0000a604       0x84 ./board/clock_config.o
 .text.BOARD_BootClockRUN
                0x0000a688       0x58 ./board/clock_config.o
                0x0000a688                BOARD_BootClockRUN
 .text.__assertion_failed
                0x0000a6e0       0x4c c:/nxp/mcuxpressoide_11.2.1_4149/ide/plugins/com.nxp.mcuxpresso.tools.win32_11.2.0.202008311134/tools/bin/../lib/gcc/arm-none-eabi/9.2.1/../../../../arm-none-eabi/lib/thumb/v7e-m+fp/hard\libcr_semihost_nf.a(_cr_assert.o)
                0x0000a6e0                __assertion_failed
 .text.__sys_appexit
                0x0000a72c        0xc c:/nxp/mcuxpressoide_11.2.1_4149/ide/plugins/com.nxp.mcuxpresso.tools.win32_11.2.0.202008311134/tools/bin/../lib/gcc/arm-none-eabi/9.2.1/../../../../arm-none-eabi/lib/thumb/v7e-m+fp/hard\libcr_semihost_nf.a(__sys_appexit.o)
                0x0000a72c                __sys_appexit
                0x0000a72c                __exit
 .text._Cwritebuf
                0x0000a738       0x6c c:/nxp/mcuxpressoide_11.2.1_4149/ide/plugins/com.nxp.mcuxpresso.tools.win32_11.2.0.202008311134/tools/bin/../lib/gcc/arm-none-eabi/9.2.1/../../../../arm-none-eabi/lib/thumb/v7e-m+fp/hard\libcr_c.a(_writebuf.o)
                0x0000a738                _Cwritebuf
 .text.malloc   0x0000a7a4       0xc8 c:/nxp/mcuxpressoide_11.2.1_4149/ide/plugins/com.nxp.mcuxpresso.tools.win32_11.2.0.202008311134/tools/bin/../lib/gcc/arm-none-eabi/9.2.1/../../../../arm-none-eabi/lib/thumb/v7e-m+fp/hard\libcr_c.a(alloc.o)
                0x0000a7a4                malloc
 .text._Csys_alloc
                0x0000a86c       0x20 c:/nxp/mcuxpressoide_11.2.1_4149/ide/plugins/com.nxp.mcuxpresso.tools.win32_11.2.0.202008311134/tools/bin/../lib/gcc/arm-none-eabi/9.2.1/../../../../arm-none-eabi/lib/thumb/v7e-m+fp/hard\libcr_c.a(alloc.o)
                0x0000a86c                _Csys_alloc
 .text.fseek    0x0000a88c      0x100 c:/nxp/mcuxpressoide_11.2.1_4149/ide/plugins/com.nxp.mcuxpresso.tools.win32_11.2.0.202008311134/tools/bin/../lib/gcc/arm-none-eabi/9.2.1/../../../../arm-none-eabi/lib/thumb/v7e-m+fp/hard\libcr_c.a(fseek.o)
                0x0000a88c                fseek
 .text.ftell    0x0000a98c       0x44 c:/nxp/mcuxpressoide_11.2.1_4149/ide/plugins/com.nxp.mcuxpresso.tools.win32_11.2.0.202008311134/tools/bin/../lib/gcc/arm-none-eabi/9.2.1/../../../../arm-none-eabi/lib/thumb/v7e-m+fp/hard\libcr_c.a(ftell.o)
                0x0000a98c                ftell
 .text._initio  0x0000a9d0       0x78 c:/nxp/mcuxpressoide_11.2.1_4149/ide/plugins/com.nxp.mcuxpresso.tools.win32_11.2.0.202008311134/tools/bin/../lib/gcc/arm-none-eabi/9.2.1/../../../../arm-none-eabi/lib/thumb/v7e-m+fp/hard\libcr_c.a(initio.o)
                0x0000a9d0                _initio
 .text.__vfprintf
                0x0000aa48      0xce8 c:/nxp/mcuxpressoide_11.2.1_4149/ide/plugins/com.nxp.mcuxpresso.tools.win32_11.2.0.202008311134/tools/bin/../lib/gcc/arm-none-eabi/9.2.1/../../../../arm-none-eabi/lib/thumb/v7e-m+fp/hard\libcr_c.a(printf.o)
                0x0000aa48                __vfprintf
 .text._vsnprintf
                0x0000b730       0x68 c:/nxp/mcuxpressoide_11.2.1_4149/ide/plugins/com.nxp.mcuxpresso.tools.win32_11.2.0.202008311134/tools/bin/../lib/gcc/arm-none-eabi/9.2.1/../../../../arm-none-eabi/lib/thumb/v7e-m+fp/hard\libcr_c.a(printf.o)
                0x0000b730                _vsnprintf
 .text._printf  0x0000b798       0x54 c:/nxp/mcuxpressoide_11.2.1_4149/ide/plugins/com.nxp.mcuxpresso.tools.win32_11.2.0.202008311134/tools/bin/../lib/gcc/arm-none-eabi/9.2.1/../../../../arm-none-eabi/lib/thumb/v7e-m+fp/hard\libcr_c.a(printf.o)
                0x0000b798                _printf
 .text._sbrk    0x0000b7ec       0x3c c:/nxp/mcuxpressoide_11.2.1_4149/ide/plugins/com.nxp.mcuxpresso.tools.win32_11.2.0.202008311134/tools/bin/../lib/gcc/arm-none-eabi/9.2.1/../../../../arm-none-eabi/lib/thumb/v7e-m+fp/hard\libcr_c.a(_cr_sbrk.o)
                0x0000b7ec                _sbrk
 .text.fflush   0x0000b828       0x44 c:/nxp/mcuxpressoide_11.2.1_4149/ide/plugins/com.nxp.mcuxpresso.tools.win32_11.2.0.202008311134/tools/bin/../lib/gcc/arm-none-eabi/9.2.1/../../../../arm-none-eabi/lib/thumb/v7e-m+fp/hard\libcr_c.a(fflush.o)
                0x0000b828                fflush
 .text.__check_heap_overflow
                0x0000b86c       0x18 c:/nxp/mcuxpressoide_11.2.1_4149/ide/plugins/com.nxp.mcuxpresso.tools.win32_11.2.0.202008311134/tools/bin/../lib/gcc/arm-none-eabi/9.2.1/../../../../arm-none-eabi/lib/thumb/v7e-m+fp/hard\libcr_c.a(_cr_check_heap.o)
                0x0000b86c                __check_heap_overflow
 .text.__aeabi_dsub
                0x0000b884      0x1b0 c:/nxp/mcuxpressoide_11.2.1_4149/ide/plugins/com.nxp.mcuxpresso.tools.win32_11.2.0.202008311134/tools/bin/../lib/gcc/arm-none-eabi/9.2.1/thumb/v7e-m+fp/hard\libcr_eabihelpers.a(double.o)
                0x0000b884                __aeabi_dsub
 .text.__aeabi_dadd
                0x0000ba34      0x114 c:/nxp/mcuxpressoide_11.2.1_4149/ide/plugins/com.nxp.mcuxpresso.tools.win32_11.2.0.202008311134/tools/bin/../lib/gcc/arm-none-eabi/9.2.1/thumb/v7e-m+fp/hard\libcr_eabihelpers.a(double.o)
                0x0000ba34                __aeabi_dadd
 .text.__aeabi_f2d
                0x0000bb48       0x38 c:/nxp/mcuxpressoide_11.2.1_4149/ide/plugins/com.nxp.mcuxpresso.tools.win32_11.2.0.202008311134/tools/bin/../lib/gcc/arm-none-eabi/9.2.1/thumb/v7e-m+fp/hard\libcr_eabihelpers.a(float.o)
                0x0000bb48                __aeabi_f2d
 .text.USB_DeviceKhciPrimeNextSetup
                0x0000bb80       0x64 ./usb/device/source/khci/usb_device_khci.o
 .text.USB_DeviceKhciSetDefaultState
                0x0000bbe4      0x158 ./usb/device/source/khci/usb_device_khci.o
 .text.USB_DeviceKhciEndpointInit
                0x0000bd3c      0x12c ./usb/device/source/khci/usb_device_khci.o
 .text.USB_DeviceKhciEndpointDeinit
                0x0000be68       0x5c ./usb/device/source/khci/usb_device_khci.o
 .text.USB_DeviceKhciEndpointStall
                0x0000bec4       0xb8 ./usb/device/source/khci/usb_device_khci.o
 .text.USB_DeviceKhciEndpointUnstall
                0x0000bf7c      0x10a ./usb/device/source/khci/usb_device_khci.o
 .text.USB_DeviceKhciInterruptTokenDone
                0x0000c086      0x538 ./usb/device/source/khci/usb_device_khci.o
 .text.USB_DeviceKhciInterruptReset
                0x0000c5be       0x42 ./usb/device/source/khci/usb_device_khci.o
 .text.USB_DeviceKhciInterruptStall
                0x0000c600       0x5c ./usb/device/source/khci/usb_device_khci.o
 .text.USB_DeviceKhciDeinit
                0x0000c65c       0x64 ./usb/device/source/khci/usb_device_khci.o
                0x0000c65c                USB_DeviceKhciDeinit
 .text.USB_DeviceKhciSend
                0x0000c6c0      0x11c ./usb/device/source/khci/usb_device_khci.o
                0x0000c6c0                USB_DeviceKhciSend
 .text.USB_DeviceKhciRecv
                0x0000c7dc      0x160 ./usb/device/source/khci/usb_device_khci.o
                0x0000c7dc                USB_DeviceKhciRecv
 .text.USB_DeviceKhciCancel
                0x0000c93c       0x86 ./usb/device/source/khci/usb_device_khci.o
                0x0000c93c                USB_DeviceKhciCancel
 .text.USB_DeviceKhciIsrFunction
                0x0000c9c2       0x84 ./usb/device/source/khci/usb_device_khci.o
                0x0000c9c2                USB_DeviceKhciIsrFunction
 .text.USB_DeviceCh9GetStatus
                0x0000ca46       0xec ./usb/device/source/usb_device_ch9.o
 .text.USB_DeviceCh9SetClearFeature
                0x0000cb32       0xf6 ./usb/device/source/usb_device_ch9.o
 .text.USB_DeviceCh9SetAddress
                0x0000cc28       0xa0 ./usb/device/source/usb_device_ch9.o
 .text.USB_DeviceCh9GetDescriptor
                0x0000ccc8       0xe6 ./usb/device/source/usb_device_ch9.o
 .text.USB_DeviceCh9GetConfiguration
                0x0000cdae       0x5c ./usb/device/source/usb_device_ch9.o
 .text.USB_DeviceCh9SetConfiguration
                0x0000ce0a       0x8c ./usb/device/source/usb_device_ch9.o
 .text.USB_DeviceCh9GetInterface
                0x0000ce96       0x72 ./usb/device/source/usb_device_ch9.o
 .text.USB_DeviceCh9SetInterface
                0x0000cf08       0x6e ./usb/device/source/usb_device_ch9.o
 .text.USB_DeviceCh9SynchFrame
                0x0000cf76       0x66 ./usb/device/source/usb_device_ch9.o
 .text.USB_DeviceControlCallbackFeedback
                0x0000cfdc       0xb0 ./usb/device/source/usb_device_ch9.o
 .text.USB_DeviceFreeHandle
                0x0000d08c       0x32 ./usb/device/source/usb_device_dci.o
 .text.USB_DeviceTransfer
                0x0000d0be      0x10a ./usb/device/source/usb_device_dci.o
 .text.USB_DeviceControl
                0x0000d1c8       0x48 ./usb/device/source/usb_device_dci.o
 .text.USB_DeviceResetNotification
                0x0000d210       0x98 ./usb/device/source/usb_device_dci.o
 .text.USB_DeviceNotification
                0x0000d2a8      0x102 ./usb/device/source/usb_device_dci.o
 .text.USB_DeviceNotificationTrigger
                0x0000d3aa       0x40 ./usb/device/source/usb_device_dci.o
                0x0000d3aa                USB_DeviceNotificationTrigger
 .text.USB_DeviceInit
                0x0000d3ea      0x166 ./usb/device/source/usb_device_dci.o
                0x0000d3ea                USB_DeviceInit
 .text.USB_DeviceRun
                0x0000d550       0x1c ./usb/device/source/usb_device_dci.o
                0x0000d550                USB_DeviceRun
 .text.USB_DeviceDeinit
                0x0000d56c       0x42 ./usb/device/source/usb_device_dci.o
                0x0000d56c                USB_DeviceDeinit
 .text.USB_DeviceSendRequest
                0x0000d5ae       0x32 ./usb/device/source/usb_device_dci.o
                0x0000d5ae                USB_DeviceSendRequest
 .text.USB_DeviceRecvRequest
                0x0000d5e0       0x2c ./usb/device/source/usb_device_dci.o
                0x0000d5e0                USB_DeviceRecvRequest
 .text.USB_DeviceInitEndpoint
                0x0000d60c       0xbe ./usb/device/source/usb_device_dci.o
                0x0000d60c                USB_DeviceInitEndpoint
 .text.USB_DeviceDeinitEndpoint
                0x0000d6ca       0xac ./usb/device/source/usb_device_dci.o
                0x0000d6ca                USB_DeviceDeinitEndpoint
 .text.USB_DeviceStallEndpoint
                0x0000d776       0x30 ./usb/device/source/usb_device_dci.o
                0x0000d776                USB_DeviceStallEndpoint
 .text.USB_DeviceUnstallEndpoint
                0x0000d7a6       0x30 ./usb/device/source/usb_device_dci.o
                0x0000d7a6                USB_DeviceUnstallEndpoint
 .text.USB_DeviceCdcAcmFreeHandle
                0x0000d7d6       0x32 ./usb/device/class/cdc/usb_device_cdc_acm.o
 .text.USB_DeviceCdcAcmInterruptIn
                0x0000d808       0x54 ./usb/device/class/cdc/usb_device_cdc_acm.o
 .text.USB_DeviceCdcAcmBulkIn
                0x0000d85c       0x54 ./usb/device/class/cdc/usb_device_cdc_acm.o
 .text.USB_DeviceCdcAcmBulkOut
                0x0000d8b0       0x54 ./usb/device/class/cdc/usb_device_cdc_acm.o
 .text.USB_DeviceCdcAcmEndpointsDeinit
                0x0000d904       0xae ./usb/device/class/cdc/usb_device_cdc_acm.o
 .text.USB_DeviceCdcAcmSend
                0x0000d9b2       0xa4 ./usb/device/class/cdc/usb_device_cdc_acm.o
                0x0000d9b2                USB_DeviceCdcAcmSend
 .text.USB_DeviceCdcAcmRecv
                0x0000da56       0x78 ./usb/device/class/cdc/usb_device_cdc_acm.o
                0x0000da56                USB_DeviceCdcAcmRecv
 .text.USB_DeviceClassCallback
                0x0000dace       0x5e ./usb/device/class/usb_device_class.o
                0x0000dace                USB_DeviceClassCallback
 .text.DMA0_IRQHandler
                0x0000db2c        0x8 ./startup/startup_mk22f51212.o
                0x0000db2c                DMA0_IRQHandler
 .text.DMA1_IRQHandler
                0x0000db34        0x8 ./startup/startup_mk22f51212.o
                0x0000db34                DMA1_IRQHandler
 .text.DMA2_IRQHandler
                0x0000db3c        0x8 ./startup/startup_mk22f51212.o
                0x0000db3c                DMA2_IRQHandler
 .text.DMA3_IRQHandler
                0x0000db44        0x8 ./startup/startup_mk22f51212.o
                0x0000db44                DMA3_IRQHandler
 .text.DMA4_IRQHandler
                0x0000db4c        0x8 ./startup/startup_mk22f51212.o
                0x0000db4c                DMA4_IRQHandler
 .text.DMA5_IRQHandler
                0x0000db54        0x8 ./startup/startup_mk22f51212.o
                0x0000db54                DMA5_IRQHandler
 .text.DMA6_IRQHandler
                0x0000db5c        0x8 ./startup/startup_mk22f51212.o
                0x0000db5c                DMA6_IRQHandler
 .text.DMA7_IRQHandler
                0x0000db64        0x8 ./startup/startup_mk22f51212.o
                0x0000db64                DMA7_IRQHandler
 .text.DMA8_IRQHandler
                0x0000db6c        0x8 ./startup/startup_mk22f51212.o
                0x0000db6c                DMA8_IRQHandler
 .text.DMA9_IRQHandler
                0x0000db74        0x8 ./startup/startup_mk22f51212.o
                0x0000db74                DMA9_IRQHandler
 .text.DMA10_IRQHandler
                0x0000db7c        0x8 ./startup/startup_mk22f51212.o
                0x0000db7c                DMA10_IRQHandler
 .text.DMA11_IRQHandler
                0x0000db84        0x8 ./startup/startup_mk22f51212.o
                0x0000db84                DMA11_IRQHandler
 .text.DMA12_IRQHandler
                0x0000db8c        0x8 ./startup/startup_mk22f51212.o
                0x0000db8c                DMA12_IRQHandler
 .text.DMA13_IRQHandler
                0x0000db94        0x8 ./startup/startup_mk22f51212.o
                0x0000db94                DMA13_IRQHandler
 .text.DMA14_IRQHandler
                0x0000db9c        0x8 ./startup/startup_mk22f51212.o
                0x0000db9c                DMA14_IRQHandler
 .text.DMA15_IRQHandler
                0x0000dba4        0x8 ./startup/startup_mk22f51212.o
                0x0000dba4                DMA15_IRQHandler
 .text.DMA_Error_IRQHandler
                0x0000dbac        0x8 ./startup/startup_mk22f51212.o
                0x0000dbac                DMA_Error_IRQHandler
 .text.MCM_IRQHandler
                0x0000dbb4        0x8 ./startup/startup_mk22f51212.o
                0x0000dbb4                MCM_IRQHandler
 .text.FTF_IRQHandler
                0x0000dbbc        0x8 ./startup/startup_mk22f51212.o
                0x0000dbbc                FTF_IRQHandler
 .text.Read_Collision_IRQHandler
                0x0000dbc4        0x8 ./startup/startup_mk22f51212.o
                0x0000dbc4                Read_Collision_IRQHandler
 .text.LVD_LVW_IRQHandler
                0x0000dbcc        0x8 ./startup/startup_mk22f51212.o
                0x0000dbcc                LVD_LVW_IRQHandler
 .text.LLWU_IRQHandler
                0x0000dbd4        0x8 ./startup/startup_mk22f51212.o
                0x0000dbd4                LLWU_IRQHandler
 .text.WDOG_EWM_IRQHandler
                0x0000dbdc        0x8 ./startup/startup_mk22f51212.o
                0x0000dbdc                WDOG_EWM_IRQHandler
 .text.RNG_IRQHandler
                0x0000dbe4        0x8 ./startup/startup_mk22f51212.o
                0x0000dbe4                RNG_IRQHandler
 .text.I2C0_IRQHandler
                0x0000dbec        0x8 ./startup/startup_mk22f51212.o
                0x0000dbec                I2C0_IRQHandler
 .text.I2C1_IRQHandler
                0x0000dbf4        0x8 ./startup/startup_mk22f51212.o
                0x0000dbf4                I2C1_IRQHandler
 .text.SPI0_IRQHandler
                0x0000dbfc        0x8 ./startup/startup_mk22f51212.o
                0x0000dbfc                SPI0_IRQHandler
 .text.SPI1_IRQHandler
                0x0000dc04        0x8 ./startup/startup_mk22f51212.o
                0x0000dc04                SPI1_IRQHandler
 .text.I2S0_Tx_IRQHandler
                0x0000dc0c        0x8 ./startup/startup_mk22f51212.o
                0x0000dc0c                I2S0_Tx_IRQHandler
 .text.I2S0_Rx_IRQHandler
                0x0000dc14        0x8 ./startup/startup_mk22f51212.o
                0x0000dc14                I2S0_Rx_IRQHandler
 .text.LPUART0_IRQHandler
                0x0000dc1c        0x8 ./startup/startup_mk22f51212.o
                0x0000dc1c                LPUART0_IRQHandler
 .text.UART0_RX_TX_IRQHandler
                0x0000dc24        0x8 ./startup/startup_mk22f51212.o
                0x0000dc24                UART0_RX_TX_IRQHandler
 .text.UART0_ERR_IRQHandler
                0x0000dc2c        0x8 ./startup/startup_mk22f51212.o
                0x0000dc2c                UART0_ERR_IRQHandler
 .text.UART1_RX_TX_IRQHandler
                0x0000dc34        0x8 ./startup/startup_mk22f51212.o
                0x0000dc34                UART1_RX_TX_IRQHandler
 .text.UART1_ERR_IRQHandler
                0x0000dc3c        0x8 ./startup/startup_mk22f51212.o
                0x0000dc3c                UART1_ERR_IRQHandler
 .text.UART2_RX_TX_IRQHandler
                0x0000dc44        0x8 ./startup/startup_mk22f51212.o
                0x0000dc44                UART2_RX_TX_IRQHandler
 .text.UART2_ERR_IRQHandler
                0x0000dc4c        0x8 ./startup/startup_mk22f51212.o
                0x0000dc4c                UART2_ERR_IRQHandler
 .text.Reserved53_IRQHandler
                0x0000dc54        0x8 ./startup/startup_mk22f51212.o
                0x0000dc54                Reserved53_IRQHandler
 .text.Reserved54_IRQHandler
                0x0000dc5c        0x8 ./startup/startup_mk22f51212.o
                0x0000dc5c                Reserved54_IRQHandler
 .text.CMP0_IRQHandler
                0x0000dc64        0x8 ./startup/startup_mk22f51212.o
                0x0000dc64                CMP0_IRQHandler
 .text.CMP1_IRQHandler
                0x0000dc6c        0x8 ./startup/startup_mk22f51212.o
                0x0000dc6c                CMP1_IRQHandler
 .text.Reserved61_IRQHandler
                0x0000dc74        0x8 ./startup/startup_mk22f51212.o
                0x0000dc74                Reserved61_IRQHandler
 .text.RTC_IRQHandler
                0x0000dc7c        0x8 ./startup/startup_mk22f51212.o
                0x0000dc7c                RTC_IRQHandler
 .text.RTC_Seconds_IRQHandler
                0x0000dc84        0x8 ./startup/startup_mk22f51212.o
                0x0000dc84                RTC_Seconds_IRQHandler
 .text.PIT2_IRQHandler
                0x0000dc8c        0x8 ./startup/startup_mk22f51212.o
                0x0000dc8c                PIT2_IRQHandler
 .text.PIT3_IRQHandler
                0x0000dc94        0x8 ./startup/startup_mk22f51212.o
                0x0000dc94                PIT3_IRQHandler
 .text.PDB0_IRQHandler
                0x0000dc9c        0x8 ./startup/startup_mk22f51212.o
                0x0000dc9c                PDB0_IRQHandler
 .text.Reserved70_IRQHandler
                0x0000dca4        0x8 ./startup/startup_mk22f51212.o
                0x0000dca4                Reserved70_IRQHandler
 .text.Reserved71_IRQHandler
                0x0000dcac        0x8 ./startup/startup_mk22f51212.o
                0x0000dcac                Reserved71_IRQHandler
 .text.DAC0_IRQHandler
                0x0000dcb4        0x8 ./startup/startup_mk22f51212.o
                0x0000dcb4                DAC0_IRQHandler
 .text.MCG_IRQHandler
                0x0000dcbc        0x8 ./startup/startup_mk22f51212.o
                0x0000dcbc                MCG_IRQHandler
 .text.LPTMR0_IRQHandler
                0x0000dcc4        0x8 ./startup/startup_mk22f51212.o
                0x0000dcc4                LPTMR0_IRQHandler
 .text.PORTA_IRQHandler
                0x0000dccc        0x8 ./startup/startup_mk22f51212.o
                0x0000dccc                PORTA_IRQHandler
 .text.PORTB_IRQHandler
                0x0000dcd4        0x8 ./startup/startup_mk22f51212.o
                0x0000dcd4                PORTB_IRQHandler
 .text.PORTC_IRQHandler
                0x0000dcdc        0x8 ./startup/startup_mk22f51212.o
                0x0000dcdc                PORTC_IRQHandler
 .text.PORTD_IRQHandler
                0x0000dce4        0x8 ./startup/startup_mk22f51212.o
                0x0000dce4                PORTD_IRQHandler
 .text.PORTE_IRQHandler
                0x0000dcec        0x8 ./startup/startup_mk22f51212.o
                0x0000dcec                PORTE_IRQHandler
 .text.SWI_IRQHandler
                0x0000dcf4        0x8 ./startup/startup_mk22f51212.o
                0x0000dcf4                SWI_IRQHandler
 .text.Reserved81_IRQHandler
                0x0000dcfc        0x8 ./startup/startup_mk22f51212.o
                0x0000dcfc                Reserved81_IRQHandler
 .text.Reserved82_IRQHandler
                0x0000dd04        0x8 ./startup/startup_mk22f51212.o
                0x0000dd04                Reserved82_IRQHandler
 .text.Reserved83_IRQHandler
                0x0000dd0c        0x8 ./startup/startup_mk22f51212.o
                0x0000dd0c                Reserved83_IRQHandler
 .text.Reserved84_IRQHandler
                0x0000dd14        0x8 ./startup/startup_mk22f51212.o
                0x0000dd14                Reserved84_IRQHandler
 .text.Reserved85_IRQHandler
                0x0000dd1c        0x8 ./startup/startup_mk22f51212.o
                0x0000dd1c                Reserved85_IRQHandler
 .text.Reserved86_IRQHandler
                0x0000dd24        0x8 ./startup/startup_mk22f51212.o
                0x0000dd24                Reserved86_IRQHandler
 .text.FTM3_IRQHandler
                0x0000dd2c        0x8 ./startup/startup_mk22f51212.o
                0x0000dd2c                FTM3_IRQHandler
 .text.DAC1_IRQHandler
                0x0000dd34        0x8 ./startup/startup_mk22f51212.o
                0x0000dd34                DAC1_IRQHandler
 .text.ADC1_IRQHandler
                0x0000dd3c        0x8 ./startup/startup_mk22f51212.o
                0x0000dd3c                ADC1_IRQHandler
 .text.EnableIRQ
                0x0000dd44       0x2c ./source/usb/virtual_com.o
 .text.USB_DeviceIsrEnable
                0x0000dd70       0x2c ./source/usb/virtual_com.o
                0x0000dd70                USB_DeviceIsrEnable
 .text.USB_SendPacketCMD
                0x0000dd9c       0xc2 ./source/usb/virtual_com.o
                0x0000dd9c                USB_SendPacketCMD
 .text._WriteBlocking
                0x0000de5e       0xb4 ./source/Tracealyzer/streamports/Jlink_RTT/SEGGER_RTT.o
 .text._WriteNoCheck
                0x0000df12       0x80 ./source/Tracealyzer/streamports/Jlink_RTT/SEGGER_RTT.o
 .text._GetAvailWriteSpace
                0x0000df92       0x46 ./source/Tracealyzer/streamports/Jlink_RTT/SEGGER_RTT.o
 .text.SEGGER_RTT_Read
                0x0000dfd8       0x36 ./source/Tracealyzer/streamports/Jlink_RTT/SEGGER_RTT.o
                0x0000dfd8                SEGGER_RTT_Read
 .text.writeToRTT
                0x0000e00e       0x2e ./source/Tracealyzer/streamports/Jlink_RTT/trcStreamingPort.o
                0x0000e00e                writeToRTT
 .text.prvTraceGetQueueNumber
                0x0000e03c       0x18 ./source/Tracealyzer/trcKernelPort.o
                0x0000e03c                prvTraceGetQueueNumber
 .text.prvTraceGetTaskNumberHigh16
                0x0000e054       0x1c ./source/Tracealyzer/trcKernelPort.o
                0x0000e054                prvTraceGetTaskNumberHigh16
 .text.prvTraceSetTaskNumberHigh16
                0x0000e070       0x2c ./source/Tracealyzer/trcKernelPort.o
                0x0000e070                prvTraceSetTaskNumberHigh16
 .text.prvTraceGetQueueNumberHigh16
                0x0000e09c       0x1c ./source/Tracealyzer/trcKernelPort.o
                0x0000e09c                prvTraceGetQueueNumberHigh16
 .text.prvTraceSetQueueNumberHigh16
                0x0000e0b8       0x2c ./source/Tracealyzer/trcKernelPort.o
                0x0000e0b8                prvTraceSetQueueNumberHigh16
 .text.prvTraceGetCurrentTaskHandle
                0x0000e0e4        0xe ./source/Tracealyzer/trcKernelPort.o
                0x0000e0e4                prvTraceGetCurrentTaskHandle
 .text.TzCtrl   0x0000e0f2       0x76 ./source/Tracealyzer/trcKernelPort.o
 .text.xTraceRegisterString
                0x0000e168       0x3c ./source/Tracealyzer/trcStreamingRecorder.o
                0x0000e168                xTraceRegisterString
 .text.vTracePrintF
                0x0000e1a4       0x28 ./source/Tracealyzer/trcStreamingRecorder.o
                0x0000e1a4                vTracePrintF
 .text.vTraceVPrintF
                0x0000e1cc       0xae ./source/Tracealyzer/trcStreamingRecorder.o
                0x0000e1cc                vTraceVPrintF
 .text.vTraceStop
                0x0000e27a        0xe ./source/Tracealyzer/trcStreamingRecorder.o
                0x0000e27a                vTraceStop
 .text.prvTraceStoreStringEvent
                0x0000e288       0x54 ./source/Tracealyzer/trcStreamingRecorder.o
                0x0000e288                prvTraceStoreStringEvent
 .text.prvIsValidCommand
                0x0000e2dc       0x82 ./source/Tracealyzer/trcStreamingRecorder.o
                0x0000e2dc                prvIsValidCommand
 .text.prvProcessCommand
                0x0000e35e       0x26 ./source/Tracealyzer/trcStreamingRecorder.o
                0x0000e35e                prvProcessCommand
 .text.CommunicationTask
                0x0000e384       0x3e ./source/BRDUINO_Nano.o
                0x0000e384                CommunicationTask
 .text.InitInfoCommandHandler
                0x0000e3c2       0x10 ./source/CmdInfo.o
                0x0000e3c2                InitInfoCommandHandler
 .text.SUB_GetSystemInfo
                0x0000e3d2       0x46 ./source/CmdInfo.o
                0x0000e3d2                SUB_GetSystemInfo
 .text.InfoCommandHandler
                0x0000e418       0x30 ./source/CmdInfo.o
                0x0000e418                InfoCommandHandler
 .text.InitSystemCommandHandler
                0x0000e448       0x10 ./source/CmdSystem.o
                0x0000e448                InitSystemCommandHandler
 .text.cmd_SUB_SYS_REQUEST_PING
                0x0000e458       0x72 ./source/CmdSystem.o
                0x0000e458                cmd_SUB_SYS_REQUEST_PING
 .text.cmd_SUB_SYS_GET_ADC_VALUE
                0x0000e4ca       0x78 ./source/CmdSystem.o
                0x0000e4ca                cmd_SUB_SYS_GET_ADC_VALUE
 .text.cmd_SUB_SYS_GET_ALL_ADC_VALUES
                0x0000e542       0x92 ./source/CmdSystem.o
                0x0000e542                cmd_SUB_SYS_GET_ALL_ADC_VALUES
 .text.cmd_SUB_SYS_GET_ALL_ADC_VAL_FLOAT
                0x0000e5d4       0x96 ./source/CmdSystem.o
                0x0000e5d4                cmd_SUB_SYS_GET_ALL_ADC_VAL_FLOAT
 .text.cmd_SUB_SYS_GET_DEVICE_TYPE
                0x0000e66a       0x44 ./source/CmdSystem.o
                0x0000e66a                cmd_SUB_SYS_GET_DEVICE_TYPE
 .text.cmd_SUB_SYS_SET_DEVICE_OWN_ADDR
                0x0000e6ae       0x64 ./source/CmdSystem.o
                0x0000e6ae                cmd_SUB_SYS_SET_DEVICE_OWN_ADDR
 .text.InitMeasureCommandHandler
                0x0000e712       0x10 ./source/CommandMeasure.o
                0x0000e712                InitMeasureCommandHandler
 .text.cmd_SUB_MEA_GET_MEASUREMENT
                0x0000e722       0x6c ./source/CommandMeasure.o
                0x0000e722                cmd_SUB_MEA_GET_MEASUREMENT
 .text.cmd_SUB_MEA_GET_BOOT_STAGE
                0x0000e78e       0x6c ./source/CommandMeasure.o
                0x0000e78e                cmd_SUB_MEA_GET_BOOT_STAGE
 .text.cmd_SUB_MEA_GET_BOOT_SEQUENCE
                0x0000e7fa       0x6c ./source/CommandMeasure.o
                0x0000e7fa                cmd_SUB_MEA_GET_BOOT_SEQUENCE
 .text.cmd_SUB_MEA_GET_RAIL_STATUS
                0x0000e866       0x6c ./source/CommandMeasure.o
                0x0000e866                cmd_SUB_MEA_GET_RAIL_STATUS
 .text.cmd_SUB_MEA_GET_VOLT_GAINS
                0x0000e8d2       0x6c ./source/CommandMeasure.o
                0x0000e8d2                cmd_SUB_MEA_GET_VOLT_GAINS
 .text.cmd_SUB_MEA_GET_CURR_GAINS
                0x0000e93e       0x6c ./source/CommandMeasure.o
                0x0000e93e                cmd_SUB_MEA_GET_CURR_GAINS
 .text.cmd_SUB_MEA_GET_VOLT_OFFSETS
                0x0000e9aa       0x6c ./source/CommandMeasure.o
                0x0000e9aa                cmd_SUB_MEA_GET_VOLT_OFFSETS
 .text.cmd_SUB_MEA_GET_CURR_OFFSETS
                0x0000ea16       0x6c ./source/CommandMeasure.o
                0x0000ea16                cmd_SUB_MEA_GET_CURR_OFFSETS
 .text.cmd_SUB_MEA_GET_VOLT_WINDOWS
                0x0000ea82       0x6c ./source/CommandMeasure.o
                0x0000ea82                cmd_SUB_MEA_GET_VOLT_WINDOWS
 .text.cmd_SUB_MEA_GET_CURR_WINDOWS
                0x0000eaee       0x6c ./source/CommandMeasure.o
                0x0000eaee                cmd_SUB_MEA_GET_CURR_WINDOWS
 .text.cmd_SUB_MEA_GET_NOTIFICATION
                0x0000eb5a       0x6c ./source/CommandMeasure.o
                0x0000eb5a                cmd_SUB_MEA_GET_NOTIFICATION
 .text.cmd_SUB_MEA_SET_BOOT_STAGE
                0x0000ebc6       0x64 ./source/CommandMeasure.o
                0x0000ebc6                cmd_SUB_MEA_SET_BOOT_STAGE
 .text.cmd_SUB_MEA_SET_BOOT_SEQUENCE
                0x0000ec2a       0x64 ./source/CommandMeasure.o
                0x0000ec2a                cmd_SUB_MEA_SET_BOOT_SEQUENCE
 .text.cmd_SUB_MEA_SET_RAIL_STATUS
                0x0000ec8e       0x64 ./source/CommandMeasure.o
                0x0000ec8e                cmd_SUB_MEA_SET_RAIL_STATUS
 .text.cmd_SUB_MEA_SET_VOLT_GAINS
                0x0000ecf2       0x64 ./source/CommandMeasure.o
                0x0000ecf2                cmd_SUB_MEA_SET_VOLT_GAINS
 .text.cmd_SUB_MEA_SET_CURR_GAINS
                0x0000ed56       0x64 ./source/CommandMeasure.o
                0x0000ed56                cmd_SUB_MEA_SET_CURR_GAINS
 .text.cmd_SUB_MEA_SET_VOLT_OFFSETS
                0x0000edba       0x64 ./source/CommandMeasure.o
                0x0000edba                cmd_SUB_MEA_SET_VOLT_OFFSETS
 .text.cmd_SUB_MEA_SET_CURR_OFFSETS
                0x0000ee1e       0x64 ./source/CommandMeasure.o
                0x0000ee1e                cmd_SUB_MEA_SET_CURR_OFFSETS
 .text.cmd_SUB_MEA_SET_VOLT_WINDOWS
                0x0000ee82       0x64 ./source/CommandMeasure.o
                0x0000ee82                cmd_SUB_MEA_SET_VOLT_WINDOWS
 .text.cmd_SUB_MEA_SET_CURR_WINDOWS
                0x0000eee6       0x64 ./source/CommandMeasure.o
                0x0000eee6                cmd_SUB_MEA_SET_CURR_WINDOWS
 .text.SetVal_16
                0x0000ef4a       0x2e ./source/Misc.o
                0x0000ef4a                SetVal_16
 .text.SetVal_32
                0x0000ef78       0x42 ./source/Misc.o
                0x0000ef78                SetVal_32
 .text.SetVal_Float
                0x0000efba       0x22 ./source/Misc.o
                0x0000efba                SetVal_Float
 .text.MakeCommandHeader
                0x0000efdc       0x4c ./source/Misc.o
                0x0000efdc                MakeCommandHeader
 .text.GetSystemDeviceType
                0x0000f028       0x10 ./source/System.o
                0x0000f028                GetSystemDeviceType
 .text.HardFault_Handler
                0x0000f038       0x2c ./source/semihost_hardfault.o
                0x0000f038                HardFault_Handler
 .text.UART_CheckAndHandleError
                0x0000f064       0xc8 ./source/uart.o
 .text.UART0_RX_TX_DriverIRQHandler
                0x0000f12c        0xe ./source/uart.o
                0x0000f12c                UART0_RX_TX_DriverIRQHandler
 .text.UART1_RX_TX_DriverIRQHandler
                0x0000f13a        0xe ./source/uart.o
                0x0000f13a                UART1_RX_TX_DriverIRQHandler
 .text.UART_InitIRQ
                0x0000f148       0x58 ./source/uart.o
                0x0000f148                UART_InitIRQ
 .text.UART_InitUart
                0x0000f1a0       0x8c ./source/uart.o
                0x0000f1a0                UART_InitUart
 .text.set_rs485_data_enable
                0x0000f22c       0x30 ./source/uart.o
                0x0000f22c                set_rs485_data_enable
 .text.clr_rs485_data_enable
                0x0000f25c       0x36 ./source/uart.o
                0x0000f25c                clr_rs485_data_enable
 .text.wait_rs485_tx_done
                0x0000f292       0x2e ./source/uart.o
                0x0000f292                wait_rs485_tx_done
 .text.UART_SendChar
                0x0000f2c0       0x2c ./source/uart.o
 .text.vListInitialise
                0x0000f2ec       0x40 ./freertos/freertos_kernel/list.o
                0x0000f2ec                vListInitialise
 .text.vListInitialiseItem
                0x0000f32c       0x1a ./freertos/freertos_kernel/list.o
                0x0000f32c                vListInitialiseItem
 .text.vListInsertEnd
                0x0000f346       0x48 ./freertos/freertos_kernel/list.o
                0x0000f346                vListInsertEnd
 .text.vListInsert
                0x0000f38e       0x72 ./freertos/freertos_kernel/list.o
                0x0000f38e                vListInsert
 .text.uxListRemove
                0x0000f400       0x54 ./freertos/freertos_kernel/list.o
                0x0000f400                uxListRemove
 .text.prvInitialiseMutex
                0x0000f454       0x34 ./freertos/freertos_kernel/queue.o
 .text.xQueueCreateMutex
                0x0000f488       0x30 ./freertos/freertos_kernel/queue.o
                0x0000f488                xQueueCreateMutex
 .text.uxQueueGetQueueNumber
                0x0000f4b8       0x18 ./freertos/freertos_kernel/queue.o
                0x0000f4b8                uxQueueGetQueueNumber
 .text.vQueueSetQueueNumber
                0x0000f4d0       0x1c ./freertos/freertos_kernel/queue.o
                0x0000f4d0                vQueueSetQueueNumber
 .text.prvCopyDataToQueue
                0x0000f4ec       0xd4 ./freertos/freertos_kernel/queue.o
 .text.prvCopyDataFromQueue
                0x0000f5c0       0x4c ./freertos/freertos_kernel/queue.o
 .text.prvUnlockQueue
                0x0000f60c       0xa4 ./freertos/freertos_kernel/queue.o
 .text.prvIsQueueEmpty
                0x0000f6b0       0x2c ./freertos/freertos_kernel/queue.o
 .text.prvIsQueueFull
                0x0000f6dc       0x30 ./freertos/freertos_kernel/queue.o
 .text.vQueueWaitForMessageRestricted
                0x0000f70c       0x68 ./freertos/freertos_kernel/queue.o
                0x0000f70c                vQueueWaitForMessageRestricted
 .text.xTaskCreate
                0x0000f774       0x82 ./freertos/freertos_kernel/tasks.o
                0x0000f774                xTaskCreate
 .text.prvInitialiseNewTask
                0x0000f7f6      0x13c ./freertos/freertos_kernel/tasks.o
 .text.uxTaskGetTaskNumber
                0x0000f932       0x2c ./freertos/freertos_kernel/tasks.o
                0x0000f932                uxTaskGetTaskNumber
 .text.vTaskSetTaskNumber
                0x0000f95e       0x26 ./freertos/freertos_kernel/tasks.o
                0x0000f95e                vTaskSetTaskNumber
 .text.prvTaskCheckFreeStackSpace
                0x0000f984       0x38 ./freertos/freertos_kernel/tasks.o
 .text.prvDeleteTCB
                0x0000f9bc       0x20 ./freertos/freertos_kernel/tasks.o
 .text.prvTimerTask
                0x0000f9dc       0x24 ./freertos/freertos_kernel/timers.o
 .text.CLOCK_EnableClock
                0x0000fa00       0x34 ./drivers/fsl_adc16.o
 .text.ADC16_DoAutoCalibration
                0x0000fa34      0x130 ./drivers/fsl_adc16.o
                0x0000fa34                ADC16_DoAutoCalibration
 .text.ADC16_SetChannelMuxMode
                0x0000fb64       0x38 ./drivers/fsl_adc16.o
                0x0000fb64                ADC16_SetChannelMuxMode
 .text.ADC16_GetStatusFlags
                0x0000fb9c       0x42 ./drivers/fsl_adc16.o
                0x0000fb9c                ADC16_GetStatusFlags
 .text.CLOCK_EnableClock
                0x0000fbde       0x34 ./drivers/fsl_clock.o
 .text.CLOCK_DisableClock
                0x0000fc12       0x38 ./drivers/fsl_clock.o
 .text.CLOCK_GetPll0RefFreq
                0x0000fc4a        0xe ./drivers/fsl_clock.o
 .text.CLOCK_GetFixedFreqClkFreq
                0x0000fc58       0x34 ./drivers/fsl_clock.o
                0x0000fc58                CLOCK_GetFixedFreqClkFreq
 .text.CLOCK_BootToFeeMode
                0x0000fc8c       0x3c ./drivers/fsl_clock.o
                0x0000fc8c                CLOCK_BootToFeeMode
 .text.DelayLoop
                0x0000fcc8       0x20 ./drivers/fsl_common.o
 .text.DSPI_IsMaster
                0x0000fce8       0x26 ./drivers/fsl_dspi.o
 .text.CLOCK_EnableClock
                0x0000fd0e       0x34 ./drivers/fsl_ftm.o
 .text.FTM_SetDeadTimeEnable
                0x0000fd42       0x52 ./drivers/fsl_ftm.o
 .text.FTM_SetComplementaryEnable
                0x0000fd94       0x52 ./drivers/fsl_ftm.o
 .text.FTM_UpdateChnlEdgeLevelSelect
                0x0000fde6       0x4e ./drivers/fsl_ftm.o
                0x0000fde6                FTM_UpdateChnlEdgeLevelSelect
 .text.GPIO_PinWrite
                0x0000fe34       0x3a ./drivers/fsl_gpio.o
 .text.CLOCK_EnableClock
                0x0000fe6e       0x34 ./drivers/fsl_pit.o
 .text.CLOCK_EnableClock
                0x0000fea2       0x34 ./drivers/fsl_uart.o
 .text.UART2_RX_TX_DriverIRQHandler
                0x0000fed6       0x12 ./drivers/fsl_uart.o
                0x0000fed6                UART2_RX_TX_DriverIRQHandler
 .text.CLOCK_EnableClock
                0x0000fee8       0x34 ./drivers/fsl_vref.o
 .text.SystemInitHook
                0x0000ff1c        0xe ./device/system_MK22F51212.o
                0x0000ff1c                SystemInitHook
 .text.OSA_EnterCritical
                0x0000ff2a       0x40 ./component/osa/fsl_os_abstraction_free_rtos.o
                0x0000ff2a                OSA_EnterCritical
 .text.OSA_ExitCritical
                0x0000ff6a       0x2e ./component/osa/fsl_os_abstraction_free_rtos.o
                0x0000ff6a                OSA_ExitCritical
 .text.CLOCK_EnableClock
                0x0000ff98       0x34 ./board/board.o
 .text.EnableIRQ
                0x0000ffcc       0x2c ./board/board.o
 .text.PORT_SetPinMux
                0x0000fff8       0x3a ./board/board.o
 .text.GPIO_PinWrite
                0x00010032       0x3a ./board/board.o
 .text.PIT_EnableInterrupts
                0x0001006c       0x3a ./board/board.o
 .text.PIT_SetTimerPeriod
                0x000100a6       0x28 ./board/board.o
 .text.PIT_StartTimer
                0x000100ce       0x38 ./board/board.o
 .text.FTM_StartTimer
                0x00010106       0x3a ./board/board.o
 .text.ADC16_EnableHardwareTrigger
                0x00010140       0x38 ./board/board.o
 .text.InitPin  0x00010178       0x30 ./board/board.o
 .text.BOARD_InitFTM2
                0x000101a8       0x10 ./board/board.o
                0x000101a8                BOARD_InitFTM2
 .text.CLOCK_EnableClock
                0x000101b8       0x34 ./board/clock_config.o
 .text.CLOCK_DisableClock
                0x000101ec       0x38 ./board/clock_config.o
 .text.RTC_SetOscCapLoad
                0x00010224       0x32 ./board/clock_config.o
 .text.CLOCK_CONFIG_FllStableDelay
                0x00010256       0x28 ./board/clock_config.o
 .text.BOARD_InitBootClocks
                0x0001027e        0xc ./board/clock_config.o
                0x0001027e                BOARD_InitBootClocks
 .text.BOARD_InitPeripherals
                0x0001028a        0xe ./board/peripherals.o
                0x0001028a                BOARD_InitPeripherals
 .text.BOARD_InitBootPeripherals
                0x00010298        0xc ./board/peripherals.o
                0x00010298                BOARD_InitBootPeripherals
 .text.BOARD_InitBootPins
                0x000102a4        0xc ./board/pin_mux.o
                0x000102a4                BOARD_InitBootPins
 .text.BOARD_InitPins
                0x000102b0        0xe ./board/pin_mux.o
                0x000102b0                BOARD_InitPins
 .text.__main   0x000102be        0xe c:/nxp/mcuxpressoide_11.2.1_4149/ide/plugins/com.nxp.mcuxpresso.tools.win32_11.2.0.202008311134/tools/bin/../lib/gcc/arm-none-eabi/9.2.1/../../../../arm-none-eabi/lib/thumb/v7e-m+fp/hard\libcr_semihost_nf.a(_cr__main.o)
                0x000102be                __CR_SEMIHOST
                0x000102be                __main
 .text.memcpy   0x000102cc        0x4 c:/nxp/mcuxpressoide_11.2.1_4149/ide/plugins/com.nxp.mcuxpresso.tools.win32_11.2.0.202008311134/tools/bin/../lib/gcc/arm-none-eabi/9.2.1/../../../../arm-none-eabi/lib/thumb/v7e-m+fp/hard\libcr_c.a(memcpy.o)
                0x000102cc                memcpy
 .text.memset   0x000102d0        0x4 c:/nxp/mcuxpressoide_11.2.1_4149/ide/plugins/com.nxp.mcuxpresso.tools.win32_11.2.0.202008311134/tools/bin/../lib/gcc/arm-none-eabi/9.2.1/../../../../arm-none-eabi/lib/thumb/v7e-m+fp/hard\libcr_c.a(memset.o)
                0x000102d0                memset
 .text._deferredlazyseek
                0x000102d4       0x40 c:/nxp/mcuxpressoide_11.2.1_4149/ide/plugins/com.nxp.mcuxpresso.tools.win32_11.2.0.202008311134/tools/bin/../lib/gcc/arm-none-eabi/9.2.1/../../../../arm-none-eabi/lib/thumb/v7e-m+fp/hard\libcr_c.a(_deferredlazyseek.o)
                0x000102d4                _deferredlazyseek
 .text.__flsbuf
                0x00010314      0x140 c:/nxp/mcuxpressoide_11.2.1_4149/ide/plugins/com.nxp.mcuxpresso.tools.win32_11.2.0.202008311134/tools/bin/../lib/gcc/arm-none-eabi/9.2.1/../../../../arm-none-eabi/lib/thumb/v7e-m+fp/hard\libcr_c.a(_deferredlazyseek.o)
                0x00010314                __flsbuf
 .text._fflush  0x00010454       0x52 c:/nxp/mcuxpressoide_11.2.1_4149/ide/plugins/com.nxp.mcuxpresso.tools.win32_11.2.0.202008311134/tools/bin/../lib/gcc/arm-none-eabi/9.2.1/../../../../arm-none-eabi/lib/thumb/v7e-m+fp/hard\libcr_c.a(_fflush.o)
                0x00010454                _fflush
 .text.free     0x000104a6       0x30 c:/nxp/mcuxpressoide_11.2.1_4149/ide/plugins/com.nxp.mcuxpresso.tools.win32_11.2.0.202008311134/tools/bin/../lib/gcc/arm-none-eabi/9.2.1/../../../../arm-none-eabi/lib/thumb/v7e-m+fp/hard\libcr_c.a(alloc.o)
                0x000104a6                free
 .text.fputs    0x000104d6       0x2c c:/nxp/mcuxpressoide_11.2.1_4149/ide/plugins/com.nxp.mcuxpresso.tools.win32_11.2.0.202008311134/tools/bin/../lib/gcc/arm-none-eabi/9.2.1/../../../../arm-none-eabi/lib/thumb/v7e-m+fp/hard\libcr_c.a(fputs.o)
                0x000104d6                fputs
 .text.no_fp_display
                0x00010502        0x4 c:/nxp/mcuxpressoide_11.2.1_4149/ide/plugins/com.nxp.mcuxpresso.tools.win32_11.2.0.202008311134/tools/bin/../lib/gcc/arm-none-eabi/9.2.1/../../../../arm-none-eabi/lib/thumb/v7e-m+fp/hard\libcr_c.a(printf.o)
 .text.setvbuf  0x00010506       0x3e c:/nxp/mcuxpressoide_11.2.1_4149/ide/plugins/com.nxp.mcuxpresso.tools.win32_11.2.0.202008311134/tools/bin/../lib/gcc/arm-none-eabi/9.2.1/../../../../arm-none-eabi/lib/thumb/v7e-m+fp/hard\libcr_c.a(setvbuf.o)
                0x00010506                setvbuf
 .text.strcpy   0x00010544       0x42 c:/nxp/mcuxpressoide_11.2.1_4149/ide/plugins/com.nxp.mcuxpresso.tools.win32_11.2.0.202008311134/tools/bin/../lib/gcc/arm-none-eabi/9.2.1/../../../../arm-none-eabi/lib/thumb/v7e-m+fp/hard\libcr_c.a(strcpy.o)
                0x00010544                strcpy
 .text.strlen   0x00010586       0x4c c:/nxp/mcuxpressoide_11.2.1_4149/ide/plugins/com.nxp.mcuxpresso.tools.win32_11.2.0.202008311134/tools/bin/../lib/gcc/arm-none-eabi/9.2.1/../../../../arm-none-eabi/lib/thumb/v7e-m+fp/hard\libcr_c.a(strlen.o)
                0x00010586                strlen
 .text._fdopen  0x000105d2       0x68 c:/nxp/mcuxpressoide_11.2.1_4149/ide/plugins/com.nxp.mcuxpresso.tools.win32_11.2.0.202008311134/tools/bin/../lib/gcc/arm-none-eabi/9.2.1/../../../../arm-none-eabi/lib/thumb/v7e-m+fp/hard\libcr_c.a(_fdopen.o)
                0x000105d2                _fdopen
 .text.fclose   0x0001063a       0x58 c:/nxp/mcuxpressoide_11.2.1_4149/ide/plugins/com.nxp.mcuxpresso.tools.win32_11.2.0.202008311134/tools/bin/../lib/gcc/arm-none-eabi/9.2.1/../../../../arm-none-eabi/lib/thumb/v7e-m+fp/hard\libcr_c.a(fclose.o)
                0x0001063a                fclose
 .text.remove   0x00010692       0x14 c:/nxp/mcuxpressoide_11.2.1_4149/ide/plugins/com.nxp.mcuxpresso.tools.win32_11.2.0.202008311134/tools/bin/../lib/gcc/arm-none-eabi/9.2.1/../../../../arm-none-eabi/lib/thumb/v7e-m+fp/hard\libcr_c.a(remove.o)
                0x00010692                remove
 .text._do_fflush
                0x000106a6       0x40 c:/nxp/mcuxpressoide_11.2.1_4149/ide/plugins/com.nxp.mcuxpresso.tools.win32_11.2.0.202008311134/tools/bin/../lib/gcc/arm-none-eabi/9.2.1/../../../../arm-none-eabi/lib/thumb/v7e-m+fp/hard\libcr_c.a(_do_fflush.o)
                0x000106a6                _do_fflush
 .text.__aeabi_division_uldivmod
                0x000106e6      0x174 c:/nxp/mcuxpressoide_11.2.1_4149/ide/plugins/com.nxp.mcuxpresso.tools.win32_11.2.0.202008311134/tools/bin/../lib/gcc/arm-none-eabi/9.2.1/thumb/v7e-m+fp/hard\libcr_eabihelpers.a(division_64.o)
                0x000106e6                __aeabi_uldivmod
                0x000106ea                __bhs_ldivmod1
 .text.__aeabi_division_idiv0
                0x0001085a        0x2 c:/nxp/mcuxpressoide_11.2.1_4149/ide/plugins/com.nxp.mcuxpresso.tools.win32_11.2.0.202008311134/tools/bin/../lib/gcc/arm-none-eabi/9.2.1/thumb/v7e-m+fp/hard\libcr_eabihelpers.a(division_idiv0.o)
                0x0001085a                __aeabi_idiv0
 .text.__aeabi_d2iz
                0x0001085c       0x40 c:/nxp/mcuxpressoide_11.2.1_4149/ide/plugins/com.nxp.mcuxpresso.tools.win32_11.2.0.202008311134/tools/bin/../lib/gcc/arm-none-eabi/9.2.1/thumb/v7e-m+fp/hard\libcr_eabihelpers.a(double.o)
                0x0001085c                __aeabi_d2iz
 .text.__aeabi_memcpy
                0x0001089c       0x34 c:/nxp/mcuxpressoide_11.2.1_4149/ide/plugins/com.nxp.mcuxpresso.tools.win32_11.2.0.202008311134/tools/bin/../lib/gcc/arm-none-eabi/9.2.1/thumb/v7e-m+fp/hard\libcr_eabihelpers.a(memcpy.o)
                0x0001089c                __aeabi_memcpy
                0x000108a6                __aeabi_memcpy8
                0x000108a6                __aeabi_memcpy4
 .text.__aeabi_memset_lowlevel
                0x000108d0       0x32 c:/nxp/mcuxpressoide_11.2.1_4149/ide/plugins/com.nxp.mcuxpresso.tools.win32_11.2.0.202008311134/tools/bin/../lib/gcc/arm-none-eabi/9.2.1/thumb/v7e-m+fp/hard\libcr_eabihelpers.a(memcpy.o)
                0x000108d0                __aeabi_lowlevel_memset
 .text.__sys_close
                0x00010902        0xc c:/nxp/mcuxpressoide_11.2.1_4149/ide/plugins/com.nxp.mcuxpresso.tools.win32_11.2.0.202008311134/tools/bin/../lib/gcc/arm-none-eabi/9.2.1/../../../../arm-none-eabi/lib/thumb/v7e-m+fp/hard\libcr_semihost_nf.a(__sys_close.o)
                0x00010902                __sys_close
 .text.__sys_flen
                0x0001090e        0xc c:/nxp/mcuxpressoide_11.2.1_4149/ide/plugins/com.nxp.mcuxpresso.tools.win32_11.2.0.202008311134/tools/bin/../lib/gcc/arm-none-eabi/9.2.1/../../../../arm-none-eabi/lib/thumb/v7e-m+fp/hard\libcr_semihost_nf.a(__sys_flen.o)
                0x0001090e                __sys_flen
 .text.__sys_istty
                0x0001091a        0xc c:/nxp/mcuxpressoide_11.2.1_4149/ide/plugins/com.nxp.mcuxpresso.tools.win32_11.2.0.202008311134/tools/bin/../lib/gcc/arm-none-eabi/9.2.1/../../../../arm-none-eabi/lib/thumb/v7e-m+fp/hard\libcr_semihost_nf.a(__sys_istty.o)
                0x0001091a                __sys_istty
 .text.__sys_remove
                0x00010926        0xc c:/nxp/mcuxpressoide_11.2.1_4149/ide/plugins/com.nxp.mcuxpresso.tools.win32_11.2.0.202008311134/tools/bin/../lib/gcc/arm-none-eabi/9.2.1/../../../../arm-none-eabi/lib/thumb/v7e-m+fp/hard\libcr_semihost_nf.a(__sys_remove.o)
                0x00010926                __sys_remove
 .text.__sys_seek
                0x00010932        0xc c:/nxp/mcuxpressoide_11.2.1_4149/ide/plugins/com.nxp.mcuxpresso.tools.win32_11.2.0.202008311134/tools/bin/../lib/gcc/arm-none-eabi/9.2.1/../../../../arm-none-eabi/lib/thumb/v7e-m+fp/hard\libcr_semihost_nf.a(__sys_seek.o)
                0x00010932                __sys_seek
 .text.__sys_tmpnam
                0x0001093e        0xc c:/nxp/mcuxpressoide_11.2.1_4149/ide/plugins/com.nxp.mcuxpresso.tools.win32_11.2.0.202008311134/tools/bin/../lib/gcc/arm-none-eabi/9.2.1/../../../../arm-none-eabi/lib/thumb/v7e-m+fp/hard\libcr_semihost_nf.a(__sys_tmpnam.o)
                0x0001093e                __sys_tmpnam
 .text.__sys_write
                0x0001094a        0xc c:/nxp/mcuxpressoide_11.2.1_4149/ide/plugins/com.nxp.mcuxpresso.tools.win32_11.2.0.202008311134/tools/bin/../lib/gcc/arm-none-eabi/9.2.1/../../../../arm-none-eabi/lib/thumb/v7e-m+fp/hard\libcr_semihost_nf.a(__sys_write.o)
                0x0001094a                __sys_write
 *freertos*/tasks.o(SORT_BY_ALIGNMENT(.rodata*))
 *fill*         0x00010956        0x2 ff
 .rodata.vTaskStartScheduler.str1.4
                0x00010958        0x5 ./freertos/freertos_kernel/tasks.o
 *(SORT_BY_ALIGNMENT(.rodata) SORT_BY_ALIGNMENT(.rodata.*) SORT_BY_ALIGNMENT(.constdata) SORT_BY_ALIGNMENT(.constdata.*))
 *fill*         0x0001095d        0x3 ff
 .rodata.s_UsbDeviceStandardRequest
                0x00010960       0x34 ./usb/device/source/usb_device_ch9.o
 .rodata.s_UsbDeviceKhciInterface
                0x00010994       0x18 ./usb/device/source/usb_device_dci.o
 .rodata.USB_DeviceCdcAcmEvent.str1.4
                0x000109ac       0x89 ./usb/device/class/cdc/usb_device_cdc_acm.o
 *fill*         0x00010a35        0x3 ff
 .rodata.USB_DeviceCdcAcmInit.str1.4
                0x00010a38       0x14 ./usb/device/class/cdc/usb_device_cdc_acm.o
 .rodata.USB_DeviceCdcAcmDeinit.str1.4
                0x00010a4c       0x15 ./usb/device/class/cdc/usb_device_cdc_acm.o
 *fill*         0x00010a61        0x3 ff
 .rodata.s_UsbDeviceClassInterfaceMap
                0x00010a64       0x20 ./usb/device/class/usb_device_class.o
 .rodata.str1.4
                0x00010a84        0x9 ./source/usb/virtual_com.o
 *fill*         0x00010a8d        0x3 ff
 .rodata.USB_DeviceCdcVcomCallback.str1.4
                0x00010a90       0x2e ./source/usb/virtual_com.o
 *fill*         0x00010abe        0x2 ff
 .rodata.USB_DeviceApplicationInit.str1.4
                0x00010ac0       0xa4 ./source/usb/virtual_com.o
 .rodata.usb_main_init.str1.4
                0x00010b64       0x1a ./source/usb/virtual_com.o
 *fill*         0x00010b7e        0x2 ff
 .rodata._DoInit.str1.4
                0x00010b80       0x17 ./source/Tracealyzer/streamports/Jlink_RTT/SEGGER_RTT.o
 *fill*         0x00010b97        0x1 ff
 .rodata.vTraceEnable.str1.4
                0x00010b98       0x15 ./source/Tracealyzer/trcKernelPort.o
 *fill*         0x00010bad        0x3 ff
 .rodata.prvTraceGetError.str1.4
                0x00010bb0      0x267 ./source/Tracealyzer/trcStreamingRecorder.o
 *fill*         0x00010e17        0x1 ff
 .rodata.prvTraceError.str1.4
                0x00010e18       0x24 ./source/Tracealyzer/trcStreamingRecorder.o
 .rodata.main.str1.4
                0x00010e3c      0x18e ./source/BRDUINO_Nano.o
 *fill*         0x00010fca        0x2 ff
 .rodata.SysInfoStruct
                0x00010fcc       0x26 ./source/System.o
 *fill*         0x00010ff2        0x2 ff
 .rodata.xTimerCreateTimerTask.str1.4
                0x00010ff4        0x8 ./freertos/freertos_kernel/timers.o
 .rodata.prvCheckForValidListAndQueue.str1.4