Archive member included to satisfy reference by file (symbol)

c:/nxp/mcuxpressoide_11.2.1_4149/ide/plugins/com.nxp.mcuxpresso.tools.win32_11.2.0.202008311134/tools/bin/../lib/gcc/arm-none-eabi/9.2.1/../../../../arm-none-eabi/lib/thumb/v7e-m+fp/hard\libcr_semihost_nf.a(_cr__main.o)
                              ./startup/startup_mk22f51212.o (__main)
c:/nxp/mcuxpressoide_11.2.1_4149/ide/plugins/com.nxp.mcuxpresso.tools.win32_11.2.0.202008311134/tools/bin/../lib/gcc/arm-none-eabi/9.2.1/../../../../arm-none-eabi/lib/thumb/v7e-m+fp/hard\libcr_semihost_nf.a(_cr_assert.o)
                              ./drivers/fsl_adc16.o (__assertion_failed)
c:/nxp/mcuxpressoide_11.2.1_4149/ide/plugins/com.nxp.mcuxpresso.tools.win32_11.2.0.202008311134/tools/bin/../lib/gcc/arm-none-eabi/9.2.1/../../../../arm-none-eabi/lib/thumb/v7e-m+fp/hard\libcr_semihost_nf.a(__ciob.o)
                              c:/nxp/mcuxpressoide_11.2.1_4149/ide/plugins/com.nxp.mcuxpresso.tools.win32_11.2.0.202008311134/tools/bin/../lib/gcc/arm-none-eabi/9.2.1/../../../../arm-none-eabi/lib/thumb/v7e-m+fp/hard\libcr_semihost_nf.a(_cr_assert.o) (__Ciob)
c:/nxp/mcuxpressoide_11.2.1_4149/ide/plugins/com.nxp.mcuxpresso.tools.win32_11.2.0.202008311134/tools/bin/../lib/gcc/arm-none-eabi/9.2.1/../../../../arm-none-eabi/lib/thumb/v7e-m+fp/hard\libcr_semihost_nf.a(__sys_appexit.o)
                              c:/nxp/mcuxpressoide_11.2.1_4149/ide/plugins/com.nxp.mcuxpresso.tools.win32_11.2.0.202008311134/tools/bin/../lib/gcc/arm-none-eabi/9.2.1/../../../../arm-none-eabi/lib/thumb/v7e-m+fp/hard\libcr_semihost_nf.a(_cr_assert.o) (__sys_appexit)
c:/nxp/mcuxpressoide_11.2.1_4149/ide/plugins/com.nxp.mcuxpresso.tools.win32_11.2.0.202008311134/tools/bin/../lib/gcc/arm-none-eabi/9.2.1/../../../../arm-none-eabi/lib/thumb/v7e-m+fp/hard\libcr_c.a(memcpy.o)
                              ./usb/device/source/khci/usb_device_khci.o (memcpy)
c:/nxp/mcuxpressoide_11.2.1_4149/ide/plugins/com.nxp.mcuxpresso.tools.win32_11.2.0.202008311134/tools/bin/../lib/gcc/arm-none-eabi/9.2.1/../../../../arm-none-eabi/lib/thumb/v7e-m+fp/hard\libcr_c.a(memset.o)
                              ./freertos/freertos_kernel/stream_buffer.o (memset)
c:/nxp/mcuxpressoide_11.2.1_4149/ide/plugins/com.nxp.mcuxpresso.tools.win32_11.2.0.202008311134/tools/bin/../lib/gcc/arm-none-eabi/9.2.1/../../../../arm-none-eabi/lib/thumb/v7e-m+fp/hard\libcr_c.a(_deferredlazyseek.o)
                              c:/nxp/mcuxpressoide_11.2.1_4149/ide/plugins/com.nxp.mcuxpresso.tools.win32_11.2.0.202008311134/tools/bin/../lib/gcc/arm-none-eabi/9.2.1/../../../../arm-none-eabi/lib/thumb/v7e-m+fp/hard\libcr_semihost_nf.a(_cr_assert.o) (__flsbuf)
c:/nxp/mcuxpressoide_11.2.1_4149/ide/plugins/com.nxp.mcuxpresso.tools.win32_11.2.0.202008311134/tools/bin/../lib/gcc/arm-none-eabi/9.2.1/../../../../arm-none-eabi/lib/thumb/v7e-m+fp/hard\libcr_c.a(_fflush.o)
                              c:/nxp/mcuxpressoide_11.2.1_4149/ide/plugins/com.nxp.mcuxpresso.tools.win32_11.2.0.202008311134/tools/bin/../lib/gcc/arm-none-eabi/9.2.1/../../../../arm-none-eabi/lib/thumb/v7e-m+fp/hard\libcr_c.a(_deferredlazyseek.o) (_fflush)
c:/nxp/mcuxpressoide_11.2.1_4149/ide/plugins/com.nxp.mcuxpresso.tools.win32_11.2.0.202008311134/tools/bin/../lib/gcc/arm-none-eabi/9.2.1/../../../../arm-none-eabi/lib/thumb/v7e-m+fp/hard\libcr_c.a(_writebuf.o)
                              c:/nxp/mcuxpressoide_11.2.1_4149/ide/plugins/com.nxp.mcuxpresso.tools.win32_11.2.0.202008311134/tools/bin/../lib/gcc/arm-none-eabi/9.2.1/../../../../arm-none-eabi/lib/thumb/v7e-m+fp/hard\libcr_c.a(_deferredlazyseek.o) (_Cwritebuf)
c:/nxp/mcuxpressoide_11.2.1_4149/ide/plugins/com.nxp.mcuxpresso.tools.win32_11.2.0.202008311134/tools/bin/../lib/gcc/arm-none-eabi/9.2.1/../../../../arm-none-eabi/lib/thumb/v7e-m+fp/hard\libcr_c.a(alloc.o)
                              ./drivers/fsl_common.o (malloc)
c:/nxp/mcuxpressoide_11.2.1_4149/ide/plugins/com.nxp.mcuxpresso.tools.win32_11.2.0.202008311134/tools/bin/../lib/gcc/arm-none-eabi/9.2.1/../../../../arm-none-eabi/lib/thumb/v7e-m+fp/hard\libcr_c.a(fputs.o)
                              c:/nxp/mcuxpressoide_11.2.1_4149/ide/plugins/com.nxp.mcuxpresso.tools.win32_11.2.0.202008311134/tools/bin/../lib/gcc/arm-none-eabi/9.2.1/../../../../arm-none-eabi/lib/thumb/v7e-m+fp/hard\libcr_semihost_nf.a(_cr_assert.o) (fputs)
c:/nxp/mcuxpressoide_11.2.1_4149/ide/plugins/com.nxp.mcuxpresso.tools.win32_11.2.0.202008311134/tools/bin/../lib/gcc/arm-none-eabi/9.2.1/../../../../arm-none-eabi/lib/thumb/v7e-m+fp/hard\libcr_c.a(fseek.o)
                              c:/nxp/mcuxpressoide_11.2.1_4149/ide/plugins/com.nxp.mcuxpresso.tools.win32_11.2.0.202008311134/tools/bin/../lib/gcc/arm-none-eabi/9.2.1/../../../../arm-none-eabi/lib/thumb/v7e-m+fp/hard\libcr_c.a(_deferredlazyseek.o) (fseek)
[...]
Memory Configuration

Name             Origin             Length             Attributes
PROGRAM_FLASH    0x00000000         0x00080000         xr
SRAM_UPPER       0x20000000         0x00010000         xrw
SRAM_LOWER       0x1fff0000         0x00010000         xrw
*default*        0x00000000         0xffffffff

Linker script and memory map

LOAD ./usb/device/source/khci/usb_device_khci.o
LOAD ./usb/device/source/usb_device_ch9.o
LOAD ./usb/device/source/usb_device_dci.o
LOAD ./usb/device/class/cdc/usb_device_cdc_acm.o
LOAD ./usb/device/class/usb_device_class.o
LOAD ./startup/startup_mk22f51212.o
LOAD ./source/usb/usb_device_descriptor.o
LOAD ./source/usb/virtual_com.o
LOAD ./source/Tracealyzer/streamports/Jlink_RTT/SEGGER_RTT.o
LOAD ./source/Tracealyzer/streamports/Jlink_RTT/trcStreamingPort.o
LOAD ./source/Tracealyzer/trcKernelPort.o
LOAD ./source/Tracealyzer/trcSnapshotRecorder.o
LOAD ./source/Tracealyzer/trcStreamingRecorder.o
LOAD ./source/BRDUINO_Nano.o
LOAD ./source/CmdInfo.o
LOAD ./source/CmdSystem.o
LOAD ./source/CommandHandler.o
LOAD ./source/Misc.o
LOAD ./source/System.o
LOAD ./source/crc.o
LOAD ./source/semihost_hardfault.o
LOAD ./source/uart.o
LOAD ./freertos/freertos_kernel/portable/MemMang/heap_4.o
LOAD ./freertos/freertos_kernel/portable/GCC/ARM_CM4F/port.o
LOAD ./freertos/freertos_kernel/croutine.o
LOAD ./freertos/freertos_kernel/event_groups.o
LOAD ./freertos/freertos_kernel/list.o
LOAD ./freertos/freertos_kernel/queue.o
LOAD ./freertos/freertos_kernel/stream_buffer.o
LOAD ./freertos/freertos_kernel/tasks.o
LOAD ./freertos/freertos_kernel/timers.o
LOAD ./drivers/fsl_adc16.o
LOAD ./drivers/fsl_clock.o
LOAD ./drivers/fsl_common.o
LOAD ./drivers/fsl_crc.o
LOAD ./drivers/fsl_dac.o
LOAD ./drivers/fsl_dspi.o
LOAD ./drivers/fsl_ftfx_cache.o
LOAD ./drivers/fsl_ftfx_controller.o
LOAD ./drivers/fsl_ftfx_flash.o
LOAD ./drivers/fsl_ftfx_flexnvm.o
LOAD ./drivers/fsl_ftm.o
LOAD ./drivers/fsl_gpio.o
LOAD ./drivers/fsl_i2c.o
LOAD ./drivers/fsl_pit.o
LOAD ./drivers/fsl_rnga.o
LOAD ./drivers/fsl_rtc.o
LOAD ./drivers/fsl_sim.o
LOAD ./drivers/fsl_smc.o
LOAD ./drivers/fsl_uart.o
LOAD ./drivers/fsl_vref.o
LOAD ./drivers/fsl_wdog.o
LOAD ./device/system_MK22F51212.o
LOAD ./component/osa/fsl_os_abstraction_free_rtos.o
LOAD ./component/lists/generic_list.o
LOAD ./board/board.o
LOAD ./board/clock_config.o
LOAD ./board/peripherals.o
LOAD ./board/pin_mux.o
START GROUP
LOAD c:/nxp/mcuxpressoide_11.2.1_4149/ide/plugins/com.nxp.mcuxpresso.tools.win32_11.2.0.202008311134/tools/bin/../lib/gcc/arm-none-eabi/9.2.1/../../../../arm-none-eabi/lib/thumb/v7e-m+fp/hard\libcr_semihost_nf.a
LOAD c:/nxp/mcuxpressoide_11.2.1_4149/ide/plugins/com.nxp.mcuxpresso.tools.win32_11.2.0.202008311134/tools/bin/../lib/gcc/arm-none-eabi/9.2.1/../../../../arm-none-eabi/lib/thumb/v7e-m+fp/hard\libcr_c.a
LOAD c:/nxp/mcuxpressoide_11.2.1_4149/ide/plugins/com.nxp.mcuxpresso.tools.win32_11.2.0.202008311134/tools/bin/../lib/gcc/arm-none-eabi/9.2.1/thumb/v7e-m+fp/hard\libcr_eabihelpers.a
LOAD c:/nxp/mcuxpressoide_11.2.1_4149/ide/plugins/com.nxp.mcuxpresso.tools.win32_11.2.0.202008311134/tools/bin/../lib/gcc/arm-none-eabi/9.2.1/thumb/v7e-m+fp/hard\libgcc.a
END GROUP
                0x00000000                __base_PROGRAM_FLASH = 0x0
                0x00000000                __base_Flash = 0x0
                0x00080000                __top_PROGRAM_FLASH = 0x80000
                0x00080000                __top_Flash = 0x80000
                0x20000000                __base_SRAM_UPPER = 0x20000000
                0x20000000                __base_RAM = 0x20000000
                0x20010000                __top_SRAM_UPPER = 0x20010000
                0x20010000                __top_RAM = 0x20010000
                0x1fff0000                __base_SRAM_LOWER = 0x1fff0000
                0x1fff0000                __base_RAM2 = 0x1fff0000
                0x20000000                __top_SRAM_LOWER = 0x20000000
                0x20000000                __top_RAM2 = 0x20000000

.text           0x00000000    0x10d28
 FILL mask 0xff
                0x00000000                __vectors_start__ = ABSOLUTE (.)
 *(SORT_BY_ALIGNMENT(.isr_vector))
 .isr_vector    0x00000000      0x168 ./startup/startup_mk22f51212.o
                0x00000000                g_pfnVectors
                0x00000000                __Vectors
                0x00000168                . = ALIGN (0x4)
                0x00000168                __section_table_start = .
                0x00000168                __data_section_table = .
                0x00000168        0x4 LONG 0x10d28 LOADADDR (.data)
                0x0000016c        0x4 LONG 0x20000000 ADDR (.data)
                0x00000170        0x4 LONG 0x260 SIZEOF (.data)
                0x00000174        0x4 LONG 0x10d28 LOADADDR (.data_RAM2)
                0x00000178        0x4 LONG 0x1fff0000 ADDR (.data_RAM2)
                0x0000017c        0x4 LONG 0x0 SIZEOF (.data_RAM2)
                0x00000180                __data_section_table_end = .
                0x00000180                __bss_section_table = .
                0x00000180        0x4 LONG 0x20000400 ADDR (.bss)
                0x00000184        0x4 LONG 0x73e8 SIZEOF (.bss)
                0x00000188        0x4 LONG 0x1fff0000 ADDR (.bss_RAM2)
                0x0000018c        0x4 LONG 0x0 SIZEOF (.bss_RAM2)
                0x00000190                __bss_section_table_end = .
                0x00000190                __section_table_end = .
 *(SORT_BY_ALIGNMENT(.after_vectors*))
 .after_vectors.reset
                0x00000190       0x4c ./startup/startup_mk22f51212.o
                0x00000190                ResetISR
 .after_vectors.init_data
                0x000001dc       0x1e ./startup/startup_mk22f51212.o
                0x000001dc                data_init
 .after_vectors.init_bss
                0x000001fa       0x12 ./startup/startup_mk22f51212.o
                0x000001fa                bss_init
 .after_vectors
                0x0000020c       0x14 ./startup/startup_mk22f51212.o
                0x0000020c                NMI_Handler
                0x00000210                MemManage_Handler
                0x00000212                BusFault_Handler
                0x00000214                UsageFault_Handler
                0x00000218                DebugMon_Handler
                0x0000021e                DMA_Error_DriverIRQHandler
                0x0000021e                LPTMR0_DriverIRQHandler
                0x0000021e                FTM1_DriverIRQHandler
                0x0000021e                FTM2_DriverIRQHandler
                0x0000021e                PIT2_DriverIRQHandler
                0x0000021e                Reserved82_DriverIRQHandler
                0x0000021e                I2S0_Tx_DriverIRQHandler
                0x0000021e                RTC_Seconds_DriverIRQHandler
                0x0000021e                FTF_DriverIRQHandler
                0x0000021e                DMA6_DriverIRQHandler
                0x0000021e                LLWU_DriverIRQHandler
                0x0000021e                MCM_DriverIRQHandler
                0x0000021e                MCG_DriverIRQHandler
                0x0000021e                DAC1_DriverIRQHandler
                0x0000021e                DMA12_DriverIRQHandler
                0x0000021e                CMP1_DriverIRQHandler
                0x0000021e                FTM0_DriverIRQHandler
                0x0000021e                IntDefaultHandler
                0x0000021e                USB0_DriverIRQHandler
                0x0000021e                PORTC_DriverIRQHandler
                0x0000021e                DMA11_DriverIRQHandler
                0x0000021e                DAC0_DriverIRQHandler
                0x0000021e                DMA10_DriverIRQHandler
                0x0000021e                UART2_ERR_DriverIRQHandler
                0x0000021e                LVD_LVW_DriverIRQHandler
                0x0000021e                Reserved84_DriverIRQHandler
                0x0000021e                PIT0_DriverIRQHandler
                0x0000021e                RNG_DriverIRQHandler
                0x0000021e                PORTB_DriverIRQHandler
                0x0000021e                DMA4_DriverIRQHandler
                0x0000021e                DMA3_DriverIRQHandler
                0x0000021e                Reserved53_DriverIRQHandler
                0x0000021e                DMA8_DriverIRQHandler
                0x0000021e                DMA9_DriverIRQHandler
                0x0000021e                UART0_ERR_DriverIRQHandler
                0x0000021e                Reserved71_DriverIRQHandler
                0x0000021e                ADC1_DriverIRQHandler
                0x0000021e                PORTA_DriverIRQHandler
                0x0000021e                DMA14_DriverIRQHandler
                0x0000021e                PIT3_DriverIRQHandler
                0x0000021e                PIT1_DriverIRQHandler
                0x0000021e                WDOG_EWM_DriverIRQHandler
                0x0000021e                PDB0_DriverIRQHandler
                0x0000021e                Reserved83_DriverIRQHandler
                0x0000021e                Reserved61_DriverIRQHandler
                0x0000021e                RTC_DriverIRQHandler
                0x0000021e                I2S0_Rx_DriverIRQHandler
                0x0000021e                Read_Collision_DriverIRQHandler
                0x0000021e                Reserved54_DriverIRQHandler
                0x0000021e                SWI_DriverIRQHandler
                0x0000021e                DMA0_DriverIRQHandler
                0x0000021e                DMA1_DriverIRQHandler
                0x0000021e                DMA13_DriverIRQHandler
                0x0000021e                DMA15_DriverIRQHandler
                0x0000021e                LPUART0_DriverIRQHandler
                0x0000021e                Reserved85_DriverIRQHandler
                0x0000021e                Reserved81_DriverIRQHandler
                0x0000021e                ADC0_DriverIRQHandler
                0x0000021e                CMP0_DriverIRQHandler
                0x0000021e                FTM3_DriverIRQHandler
                0x0000021e                DMA5_DriverIRQHandler
                0x0000021e                UART1_ERR_DriverIRQHandler
                0x0000021e                DMA2_DriverIRQHandler
                0x0000021e                PORTD_DriverIRQHandler
                0x0000021e                Reserved70_DriverIRQHandler
                0x0000021e                Reserved86_DriverIRQHandler
                0x0000021e                PORTE_DriverIRQHandler
                0x0000021e                DMA7_DriverIRQHandler
                0x00000400                . = 0x400
 *fill*         0x00000220      0x1e0 ff
                0x00000400                PROVIDE (__FLASH_CONFIG_START__ = .)
 *(SORT_BY_ALIGNMENT(.FlashConfig))
 .FlashConfig   0x00000400       0x10 ./startup/startup_mk22f51212.o
                0x00000400                Flash_Config
                0x00000410                PROVIDE (__FLASH_CONFIG_END__ = .)
                0x00000001                ASSERT (! ((__FLASH_CONFIG_START__ == __FLASH_CONFIG_END__)), Linker Flash Config Support Enabled, but no .FlashConfig section provided within application)
 *(SORT_BY_ALIGNMENT(.text*))
 .text.SVC_Handler
                0x00000410       0x28 ./freertos/freertos_kernel/portable/GCC/ARM_CM4F/port.o
                0x00000410                SVC_Handler
 *fill*         0x00000438        0x8 ff
 .text.PendSV_Handler
                0x00000440       0x68 ./freertos/freertos_kernel/portable/GCC/ARM_CM4F/port.o
                0x00000440                PendSV_Handler
 .text.BOARD_InitFTM1
                0x000004a8      0x188 ./board/board.o
                0x000004a8                BOARD_InitFTM1
 .text.USB_DeviceKhciEndpointTransfer
                0x00000630      0x104 ./usb/device/source/khci/usb_device_khci.o
 .text.USB_DeviceKhciInit
                0x00000734       0xd4 ./usb/device/source/khci/usb_device_khci.o
                0x00000734                USB_DeviceKhciInit
 .text.USB_DeviceKhciControl
                0x00000808      0x2b0 ./usb/device/source/khci/usb_device_khci.o
                0x00000808                USB_DeviceKhciControl
 .text.USB_DeviceControlCallback
                0x00000ab8      0x384 ./usb/device/source/usb_device_ch9.o
 .text.USB_DeviceControlPipeInit
                0x00000e3c       0x7c ./usb/device/source/usb_device_ch9.o
                0x00000e3c                USB_DeviceControlPipeInit
 .text.USB_DeviceAllocateHandle
                0x00000eb8       0xd0 ./usb/device/source/usb_device_dci.o
 .text.USB_DeviceGetControllerInterface
                0x00000f88       0x3c ./usb/device/source/usb_device_dci.o
 .text.USB_DeviceGetStatus
                0x00000fc4       0xcc ./usb/device/source/usb_device_dci.o
                0x00000fc4                USB_DeviceGetStatus
 .text.USB_DeviceSetStatus
                0x00001090      0x118 ./usb/device/source/usb_device_dci.o
                0x00001090                USB_DeviceSetStatus
 .text.USB_DeviceCdcAcmAllocateHandle
                0x000011a8       0x58 ./usb/device/class/cdc/usb_device_cdc_acm.o
 .text.USB_DeviceCdcAcmEndpointsInit
                0x00001200      0x3c0 ./usb/device/class/cdc/usb_device_cdc_acm.o
 .text.USB_DeviceCdcAcmEvent
                0x000015c0      0x64c ./usb/device/class/cdc/usb_device_cdc_acm.o
                0x000015c0                USB_DeviceCdcAcmEvent
 .text.USB_DeviceCdcAcmInit
                0x00001c0c       0xd4 ./usb/device/class/cdc/usb_device_cdc_acm.o
                0x00001c0c                USB_DeviceCdcAcmInit
 .text.USB_DeviceCdcAcmDeinit
                0x00001ce0       0x78 ./usb/device/class/cdc/usb_device_cdc_acm.o
                0x00001ce0                USB_DeviceCdcAcmDeinit
 .text.USB_DeviceClassAllocateHandle
                0x00001d58       0xc8 ./usb/device/class/usb_device_class.o
 .text.USB_DeviceClassFreeHandle
                0x00001e20       0x90 ./usb/device/class/usb_device_class.o
 .text.USB_DeviceClassGetHandleByDeviceHandle
                0x00001eb0       0x64 ./usb/device/class/usb_device_class.o
 .text.USB_DeviceClassGetDeviceHandle
                0x00001f14       0x78 ./usb/device/class/usb_device_class.o
                0x00001f14                USB_DeviceClassGetDeviceHandle
 .text.USB_DeviceClassEvent
                0x00001f8c       0xdc ./usb/device/class/usb_device_class.o
                0x00001f8c                USB_DeviceClassEvent
 .text.USB_DeviceClassInit
                0x00002068      0x118 ./usb/device/class/usb_device_class.o
                0x00002068                USB_DeviceClassInit
 .text.USB_DeviceGetDeviceDescriptor
                0x00002180       0x28 ./source/usb/usb_device_descriptor.o
                0x00002180                USB_DeviceGetDeviceDescriptor
 .text.USB_DeviceGetConfigurationDescriptor
                0x000021a8       0x34 ./source/usb/usb_device_descriptor.o
                0x000021a8                USB_DeviceGetConfigurationDescriptor
 .text.USB_DeviceGetStringDescriptor
                0x000021dc       0xc0 ./source/usb/usb_device_descriptor.o
                0x000021dc                USB_DeviceGetStringDescriptor
 .text.__NVIC_EnableIRQ
                0x0000229c       0x3c ./source/usb/virtual_com.o
 .text.__NVIC_SetPriority
                0x000022d8       0x54 ./source/usb/virtual_com.o
 .text.USB0_IRQHandler
                0x0000232c       0x1c ./source/usb/virtual_com.o
                0x0000232c                USB0_IRQHandler
 .text.USB_DeviceClockInit
                0x00002348       0x1c ./source/usb/virtual_com.o
                0x00002348                USB_DeviceClockInit
 .text.USB_DeviceCdcVcomCallback
                0x00002364      0x368 ./source/usb/virtual_com.o
                0x00002364                USB_DeviceCdcVcomCallback
 .text.USB_DeviceCallback
                0x000026cc      0x164 ./source/usb/virtual_com.o
                0x000026cc                USB_DeviceCallback
 .text.USB_DeviceApplicationInit
                0x00002830       0x8c ./source/usb/virtual_com.o
                0x00002830                USB_DeviceApplicationInit
 .text.USB_Putchar
                0x000028bc       0x74 ./source/usb/virtual_com.o
                0x000028bc                USB_Putchar
 .text.APPTask  0x00002930       0x94 ./source/usb/virtual_com.o
                0x00002930                APPTask
 .text.usb_main_init
                0x000029c4       0x4c ./source/usb/virtual_com.o
                0x000029c4                usb_main_init
 .text._DoInit  0x00002a10       0x9c ./source/Tracealyzer/streamports/Jlink_RTT/SEGGER_RTT.o
 .text.SEGGER_RTT_ReadNoLock
                0x00002aac      0x104 ./source/Tracealyzer/streamports/Jlink_RTT/SEGGER_RTT.o
                0x00002aac                SEGGER_RTT_ReadNoLock
 .text.SEGGER_RTT_WriteNoLock
                0x00002bb0       0xa0 ./source/Tracealyzer/streamports/Jlink_RTT/SEGGER_RTT.o
                0x00002bb0                SEGGER_RTT_WriteNoLock
 .text.SEGGER_RTT_Write
                0x00002c50       0x48 ./source/Tracealyzer/streamports/Jlink_RTT/SEGGER_RTT.o
                0x00002c50                SEGGER_RTT_Write
 .text.SEGGER_RTT_ConfigUpBuffer
                0x00002c98       0xd4 ./source/Tracealyzer/streamports/Jlink_RTT/SEGGER_RTT.o
                0x00002c98                SEGGER_RTT_ConfigUpBuffer
 .text.SEGGER_RTT_ConfigDownBuffer
                0x00002d6c       0xd4 ./source/Tracealyzer/streamports/Jlink_RTT/SEGGER_RTT.o
                0x00002d6c                SEGGER_RTT_ConfigDownBuffer
 .text.readFromRTT
                0x00002e40       0x48 ./source/Tracealyzer/streamports/Jlink_RTT/trcStreamingPort.o
                0x00002e40                readFromRTT
 .text.prvAddTaskToStackMonitor
                0x00002e88       0x6c ./source/Tracealyzer/trcKernelPort.o
                0x00002e88                prvAddTaskToStackMonitor
 .text.prvReportStackUsage
                0x00002ef4       0xbc ./source/Tracealyzer/trcKernelPort.o
                0x00002ef4                prvReportStackUsage
 .text.vTraceEnable
                0x00002fb0      0x11c ./source/Tracealyzer/trcKernelPort.o
                0x00002fb0                vTraceEnable
 .text.prvIsNewTCB
                0x000030cc       0x30 ./source/Tracealyzer/trcKernelPort.o
                0x000030cc                prvIsNewTCB
 .text.prvCheckRecorderStatus
                0x000030fc       0x80 ./source/Tracealyzer/trcKernelPort.o
 .text.xTraceIsRecordingEnabled
                0x0000317c       0x18 ./source/Tracealyzer/trcStreamingRecorder.o
                0x0000317c                xTraceIsRecordingEnabled
 .text.prvSetRecorderEnabled
                0x00003194       0xb0 ./source/Tracealyzer/trcStreamingRecorder.o
 .text.prvTraceStoreSymbolTable
                0x00003244       0xb8 ./source/Tracealyzer/trcStreamingRecorder.o
 .text.prvTraceStoreObjectDataTable
                0x000032fc       0xb8 ./source/Tracealyzer/trcStreamingRecorder.o
 .text.prvTraceStoreHeader
                0x000033b4       0xc4 ./source/Tracealyzer/trcStreamingRecorder.o
 .text.prvTraceStoreExtensionInfo
                0x00003478       0x7c ./source/Tracealyzer/trcStreamingRecorder.o
 .text.prvTraceGetError
                0x000034f4       0xc4 ./source/Tracealyzer/trcStreamingRecorder.o
 .text.prvTraceStoreEvent1
                0x000035b8       0xac ./source/Tracealyzer/trcStreamingRecorder.o
                0x000035b8                prvTraceStoreEvent1
 .text.prvTraceStoreEvent2
                0x00003664       0xb4 ./source/Tracealyzer/trcStreamingRecorder.o
                0x00003664                prvTraceStoreEvent2
 .text.prvTraceStoreEvent3
                0x00003718       0xbc ./source/Tracealyzer/trcStreamingRecorder.o
                0x00003718                prvTraceStoreEvent3
 .text.prvTraceStoreEvent
                0x000037d4       0xf0 ./source/Tracealyzer/trcStreamingRecorder.o
                0x000037d4                prvTraceStoreEvent
 .text.prvTraceStoreStringEventHelper
                0x000038c4      0x1c8 ./source/Tracealyzer/trcStreamingRecorder.o
 .text.prvTraceStoreSimpleStringEventHelper
                0x00003a8c      0x1d0 ./source/Tracealyzer/trcStreamingRecorder.o
                0x00003a8c                prvTraceStoreSimpleStringEventHelper
 .text.prvTraceSaveSymbol
                0x00003c5c       0x5c ./source/Tracealyzer/trcStreamingRecorder.o
                0x00003c5c                prvTraceSaveSymbol
 .text.prvTraceSaveObjectSymbol
                0x00003cb8       0xe0 ./source/Tracealyzer/trcStreamingRecorder.o
                0x00003cb8                prvTraceSaveObjectSymbol
 .text.prvTraceDeleteSymbol
                0x00003d98       0xd0 ./source/Tracealyzer/trcStreamingRecorder.o
                0x00003d98                prvTraceDeleteSymbol
 .text.prvTraceSaveObjectData
                0x00003e68       0xc0 ./source/Tracealyzer/trcStreamingRecorder.o
                0x00003e68                prvTraceSaveObjectData
 .text.prvTraceWarning
                0x00003f28       0x5c ./source/Tracealyzer/trcStreamingRecorder.o
                0x00003f28                prvTraceWarning
 .text.prvTraceError
                0x00003f84       0x74 ./source/Tracealyzer/trcStreamingRecorder.o
                0x00003f84                prvTraceError
 .text.prvTraceInitCortexM
                0x00003ff8       0x68 ./source/Tracealyzer/trcStreamingRecorder.o
                0x00003ff8                prvTraceInitCortexM
 .text.prvGetTimestamp32
                0x00004060       0x18 ./source/Tracealyzer/trcStreamingRecorder.o
 .text.prvTraceStoreTSConfig
                0x00004078       0x3c ./source/Tracealyzer/trcStreamingRecorder.o
 .text.main     0x000040b4      0x138 ./source/BRDUINO_Nano.o
                0x000040b4                main
 .text.cmd_SUB_SYS_GET_CLOCKS
                0x000041ec       0x98 ./source/CmdSystem.o
                0x000041ec                cmd_SUB_SYS_GET_CLOCKS
 .text.SystemCommandHandler
                0x00004284      0x134 ./source/CmdSystem.o
                0x00004284                SystemCommandHandler
 .text.SendPacketCMD
                0x000043b8       0x30 ./source/CommandHandler.o
                0x000043b8                SendPacketCMD
 .text.SendCommandType
                0x000043e8       0x20 ./source/CommandHandler.o
                0x000043e8                SendCommandType
 .text.SendNAK  0x00004408       0x58 ./source/CommandHandler.o
                0x00004408                SendNAK
 .text.InitCommandHandler
                0x00004460       0x48 ./source/CommandHandler.o
                0x00004460                InitCommandHandler
 .text.GetPacketCmdIF
                0x000044a8       0xd4 ./source/CommandHandler.o
 .text.CommandHandler
                0x0000457c      0x14c ./source/CommandHandler.o
                0x0000457c                CommandHandler
 .text.UART_CmdIF_HandleUSB
                0x000046c8      0x198 ./source/CommandHandler.o
                0x000046c8                UART_CmdIF_HandleUSB
 .text.UART_CmdIF_IRQHandler
                0x00004860      0x198 ./source/CommandHandler.o
                0x00004860                UART_CmdIF_IRQHandler
 .text.GetSystemInfoStructPtr
                0x000049f8       0x14 ./source/System.o
                0x000049f8                GetSystemInfoStructPtr
 .text.CRC_init
                0x00004a0c       0x2c ./source/crc.o
                0x00004a0c                CRC_init
 .text.CRC_Config
                0x00004a38       0x84 ./source/crc.o
                0x00004a38                CRC_Config
 .text.CRC_Cal_16
                0x00004abc       0x74 ./source/crc.o
                0x00004abc                CRC_Cal_16
 .text.__NVIC_EnableIRQ
                0x00004b30       0x3c ./source/uart.o
 .text.__NVIC_DisableIRQ
                0x00004b6c       0x48 ./source/uart.o
 .text.__NVIC_SetPriority
                0x00004bb4       0x54 ./source/uart.o
 .text.GetUARTdescriptorFromPtr
                0x00004c08       0x54 ./source/uart.o
                0x00004c08                GetUARTdescriptorFromPtr
 .text.UART_CmdIF_IRQDispatcher
                0x00004c5c       0x78 ./source/uart.o
 .text.UART_SendPacketCMD
                0x00004cd4      0x100 ./source/uart.o
                0x00004cd4                UART_SendPacketCMD
 .text.pvPortMalloc
                0x00004dd4      0x1ec ./freertos/freertos_kernel/portable/MemMang/heap_4.o
                0x00004dd4                pvPortMalloc
 .text.vPortFree
                0x00004fc0      0x104 ./freertos/freertos_kernel/portable/MemMang/heap_4.o
                0x00004fc0                vPortFree
 .text.prvHeapInit
                0x000050c4       0xc4 ./freertos/freertos_kernel/portable/MemMang/heap_4.o
 .text.prvInsertBlockIntoFreeList
                0x00005188       0xb4 ./freertos/freertos_kernel/portable/MemMang/heap_4.o
 .text.pxPortInitialiseStack
                0x0000523c       0x68 ./freertos/freertos_kernel/portable/GCC/ARM_CM4F/port.o
                0x0000523c                pxPortInitialiseStack
 .text.prvTaskExitError
                0x000052a4       0x58 ./freertos/freertos_kernel/portable/GCC/ARM_CM4F/port.o
 .text.prvPortStartFirstTask
                0x000052fc       0x28 ./freertos/freertos_kernel/portable/GCC/ARM_CM4F/port.o
 .text.xPortStartScheduler
                0x00005324      0x164 ./freertos/freertos_kernel/portable/GCC/ARM_CM4F/port.o
                0x00005324                xPortStartScheduler
 .text.vPortEnterCritical
                0x00005488       0x60 ./freertos/freertos_kernel/portable/GCC/ARM_CM4F/port.o
                0x00005488                vPortEnterCritical
 .text.vPortExitCritical
                0x000054e8       0x54 ./freertos/freertos_kernel/portable/GCC/ARM_CM4F/port.o
                0x000054e8                vPortExitCritical
 .text.SysTick_Handler
                0x0000553c       0x44 ./freertos/freertos_kernel/portable/GCC/ARM_CM4F/port.o
                0x0000553c                SysTick_Handler
 .text.vPortSetupTimerInterrupt
                0x00005580       0x48 ./freertos/freertos_kernel/portable/GCC/ARM_CM4F/port.o
                0x00005580                vPortSetupTimerInterrupt
 .text.vPortEnableVFP
                0x000055c8       0x14 ./freertos/freertos_kernel/portable/GCC/ARM_CM4F/port.o
 .text.vPortValidateInterruptPriority
                0x000055dc       0x80 ./freertos/freertos_kernel/portable/GCC/ARM_CM4F/port.o
                0x000055dc                vPortValidateInterruptPriority
 .text.xQueueGenericReset
                0x0000565c       0xd0 ./freertos/freertos_kernel/queue.o
                0x0000565c                xQueueGenericReset
 .text.xQueueGenericCreate
                0x0000572c       0xdc ./freertos/freertos_kernel/queue.o
                0x0000572c                xQueueGenericCreate
 .text.prvInitialiseNewQueue
                0x00005808       0xe4 ./freertos/freertos_kernel/queue.o
 .text.xQueueGenericSend
                0x000058ec      0x448 ./freertos/freertos_kernel/queue.o
                0x000058ec                xQueueGenericSend
 .text.xQueueGenericSendFromISR
                0x00005d34      0x1f0 ./freertos/freertos_kernel/queue.o
                0x00005d34                xQueueGenericSendFromISR
 .text.xQueueReceive
                0x00005f24      0x3e4 ./freertos/freertos_kernel/queue.o
                0x00005f24                xQueueReceive
 .text.vQueueDelete
                0x00006308       0xf0 ./freertos/freertos_kernel/queue.o
                0x00006308                vQueueDelete
 .text.vQueueAddToRegistry
                0x000063f8       0x64 ./freertos/freertos_kernel/queue.o
                0x000063f8                vQueueAddToRegistry
 .text.vQueueUnregisterQueue
                0x0000645c       0x54 ./freertos/freertos_kernel/queue.o
                0x0000645c                vQueueUnregisterQueue
 .text.prvAddNewTaskToReadyList
                0x000064b0      0x184 ./freertos/freertos_kernel/tasks.o
 .text.vTaskDelay
                0x00006634       0x90 ./freertos/freertos_kernel/tasks.o
                0x00006634                vTaskDelay
 .text.vTaskStartScheduler
                0x000066c4       0xf4 ./freertos/freertos_kernel/tasks.o
                0x000066c4                vTaskStartScheduler
 .text.vTaskSuspendAll
                0x000067b8       0x1c ./freertos/freertos_kernel/tasks.o
                0x000067b8                vTaskSuspendAll
 .text.xTaskResumeAll
                0x000067d4      0x15c ./freertos/freertos_kernel/tasks.o
                0x000067d4                xTaskResumeAll
 .text.xTaskGetTickCount
                0x00006930       0x20 ./freertos/freertos_kernel/tasks.o
                0x00006930                xTaskGetTickCount
 .text.xTaskIncrementTick
                0x00006950      0x1ac ./freertos/freertos_kernel/tasks.o
                0x00006950                xTaskIncrementTick
 .text.vTaskSwitchContext
                0x00006afc      0x108 ./freertos/freertos_kernel/tasks.o
                0x00006afc                vTaskSwitchContext
 .text.vTaskPlaceOnEventList
                0x00006c04       0x48 ./freertos/freertos_kernel/tasks.o
                0x00006c04                vTaskPlaceOnEventList
 .text.vTaskPlaceOnEventListRestricted
                0x00006c4c       0x8c ./freertos/freertos_kernel/tasks.o
                0x00006c4c                vTaskPlaceOnEventListRestricted
 .text.xTaskRemoveFromEventList
                0x00006cd8       0xe8 ./freertos/freertos_kernel/tasks.o
                0x00006cd8                xTaskRemoveFromEventList
 .text.vTaskInternalSetTimeOutState
                0x00006dc0       0x2c ./freertos/freertos_kernel/tasks.o
                0x00006dc0                vTaskInternalSetTimeOutState
 .text.xTaskCheckForTimeOut
                0x00006dec       0xc4 ./freertos/freertos_kernel/tasks.o
                0x00006dec                xTaskCheckForTimeOut
 .text.vTaskMissedYield
                0x00006eb0       0x18 ./freertos/freertos_kernel/tasks.o
                0x00006eb0                vTaskMissedYield
 .text.prvIdleTask
                0x00006ec8       0x30 ./freertos/freertos_kernel/tasks.o
 .text.prvInitialiseTaskLists
                0x00006ef8       0x80 ./freertos/freertos_kernel/tasks.o
 .text.prvCheckTasksWaitingTermination
                0x00006f78       0x5c ./freertos/freertos_kernel/tasks.o
 .text.uxTaskGetStackHighWaterMark
                0x00006fd4       0x38 ./freertos/freertos_kernel/tasks.o
                0x00006fd4                uxTaskGetStackHighWaterMark
 .text.prvResetNextTaskUnblockTime
                0x0000700c       0x40 ./freertos/freertos_kernel/tasks.o
 .text.xTaskGetCurrentTaskHandle
                0x0000704c       0x20 ./freertos/freertos_kernel/tasks.o
                0x0000704c                xTaskGetCurrentTaskHandle
 .text.xTaskGetSchedulerState
                0x0000706c       0x3c ./freertos/freertos_kernel/tasks.o
                0x0000706c                xTaskGetSchedulerState
 .text.xTaskPriorityDisinherit
                0x000070a8      0x170 ./freertos/freertos_kernel/tasks.o
                0x000070a8                xTaskPriorityDisinherit
 .text.xTaskNotifyWait
                0x00007218      0x12c ./freertos/freertos_kernel/tasks.o
                0x00007218                xTaskNotifyWait
 .text.xTaskGenericNotifyFromISR
                0x00007344      0x1f8 ./freertos/freertos_kernel/tasks.o
                0x00007344                xTaskGenericNotifyFromISR
 .text.prvAddCurrentTaskToDelayedList
                0x0000753c       0xcc ./freertos/freertos_kernel/tasks.o
 .text.xTimerCreateTimerTask
                0x00007608       0x64 ./freertos/freertos_kernel/timers.o
                0x00007608                xTimerCreateTimerTask
 .text.xTimerGenericCommand
                0x0000766c       0x9c ./freertos/freertos_kernel/timers.o
                0x0000766c                xTimerGenericCommand
 .text.prvProcessExpiredTimer
                0x00007708       0x98 ./freertos/freertos_kernel/timers.o
 .text.prvProcessTimerOrBlockTask
                0x000077a0       0x9c ./freertos/freertos_kernel/timers.o
 .text.prvGetNextExpireTime
                0x0000783c       0x48 ./freertos/freertos_kernel/timers.o
 .text.prvSampleTimeNow
                0x00007884       0x40 ./freertos/freertos_kernel/timers.o
 .text.prvInsertTimerInActiveList
                0x000078c4       0x84 ./freertos/freertos_kernel/timers.o
 .text.prvProcessReceivedCommands
                0x00007948      0x1c4 ./freertos/freertos_kernel/timers.o
 .text.prvSwitchTimerLists
                0x00007b0c       0xc8 ./freertos/freertos_kernel/timers.o
 .text.prvCheckForValidListAndQueue
                0x00007bd4       0x6c ./freertos/freertos_kernel/timers.o
 .text.ADC16_GetInstance
                0x00007c40       0x4c ./drivers/fsl_adc16.o
 .text.ADC16_Init
                0x00007c8c      0x10c ./drivers/fsl_adc16.o
                0x00007c8c                ADC16_Init
 .text.ADC16_SetChannelConfig
                0x00007d98       0x68 ./drivers/fsl_adc16.o
                0x00007d98                ADC16_SetChannelConfig
 .text.ADC16_GetChannelStatusFlags
                0x00007e00       0x40 ./drivers/fsl_adc16.o
                0x00007e00                ADC16_GetChannelStatusFlags
 .text.CLOCK_SetEr32kClock
                0x00007e40       0x30 ./drivers/fsl_clock.o
 .text.CLOCK_SetPllFllSelClock
                0x00007e70       0x3c ./drivers/fsl_clock.o
 .text.CLOCK_GetMcgExtClkFreq
                0x00007eac       0x7c ./drivers/fsl_clock.o
 .text.CLOCK_GetFllExtRefClkFreq
                0x00007f28       0xb0 ./drivers/fsl_clock.o
 .text.CLOCK_GetInternalRefClkSelectFreq
                0x00007fd8       0x4c ./drivers/fsl_clock.o
 .text.CLOCK_GetFllRefClkFreq
                0x00008024       0x34 ./drivers/fsl_clock.o
 .text.CLOCK_GetOsc0ErClkUndivFreq
                0x00008058       0x38 ./drivers/fsl_clock.o
                0x00008058                CLOCK_GetOsc0ErClkUndivFreq
 .text.CLOCK_GetOsc0ErClkDivFreq
                0x00008090       0x58 ./drivers/fsl_clock.o
                0x00008090                CLOCK_GetOsc0ErClkDivFreq
 .text.CLOCK_GetEr32kClkFreq
                0x000080e8       0x74 ./drivers/fsl_clock.o
                0x000080e8                CLOCK_GetEr32kClkFreq
 .text.CLOCK_GetPllFllSelClkFreq
                0x0000815c       0x58 ./drivers/fsl_clock.o
                0x0000815c                CLOCK_GetPllFllSelClkFreq
 .text.CLOCK_GetBusClkFreq
                0x000081b4       0x28 ./drivers/fsl_clock.o
                0x000081b4                CLOCK_GetBusClkFreq
 .text.CLOCK_GetCoreSysClkFreq
                0x000081dc       0x28 ./drivers/fsl_clock.o
                0x000081dc                CLOCK_GetCoreSysClkFreq
 .text.CLOCK_GetFreq
                0x00008204      0x150 ./drivers/fsl_clock.o
                0x00008204                CLOCK_GetFreq
 .text.CLOCK_SetSimConfig
                0x00008354       0x38 ./drivers/fsl_clock.o
                0x00008354                CLOCK_SetSimConfig
 .text.CLOCK_EnableUsbfs0Clock
                0x0000838c      0x110 ./drivers/fsl_clock.o
                0x0000838c                CLOCK_EnableUsbfs0Clock
 .text.CLOCK_GetOutClkFreq
                0x0000849c       0x64 ./drivers/fsl_clock.o
                0x0000849c                CLOCK_GetOutClkFreq
 .text.CLOCK_GetFllFreq
                0x00008500       0x84 ./drivers/fsl_clock.o
                0x00008500                CLOCK_GetFllFreq
 .text.CLOCK_GetInternalRefClkFreq
                0x00008584       0x30 ./drivers/fsl_clock.o
                0x00008584                CLOCK_GetInternalRefClkFreq
 .text.CLOCK_GetPll0Freq
                0x000085b4       0x78 ./drivers/fsl_clock.o
                0x000085b4                CLOCK_GetPll0Freq
 .text.CLOCK_SetExternalRefClkConfig
                0x0000862c       0x6c ./drivers/fsl_clock.o
                0x0000862c                CLOCK_SetExternalRefClkConfig
 .text.CLOCK_SetFeeMode
                0x00008698      0x10c ./drivers/fsl_clock.o
                0x00008698                CLOCK_SetFeeMode
 .text.SDK_DelayAtLeastUs
                0x000087a4       0x90 ./drivers/fsl_common.o
                0x000087a4                SDK_DelayAtLeastUs
 .text.DSPI_CommonIRQHandler
                0x00008834       0x44 ./drivers/fsl_dspi.o
 .text.SPI0_DriverIRQHandler
                0x00008878       0x30 ./drivers/fsl_dspi.o
                0x00008878                SPI0_DriverIRQHandler
 .text.SPI1_DriverIRQHandler
                0x000088a8       0x30 ./drivers/fsl_dspi.o
                0x000088a8                SPI1_DriverIRQHandler
 .text.FTM_GetInstance
                0x000088d8       0x54 ./drivers/fsl_ftm.o
 .text.FTM_SetPwmSync
                0x0000892c      0x140 ./drivers/fsl_ftm.o
 .text.FTM_SetReloadPoints
                0x00008a6c      0x138 ./drivers/fsl_ftm.o
 .text.FTM_Init
                0x00008ba4       0xf4 ./drivers/fsl_ftm.o
                0x00008ba4                FTM_Init
 .text.FTM_GetDefaultConfig
                0x00008c98       0x74 ./drivers/fsl_ftm.o
                0x00008c98                FTM_GetDefaultConfig
 .text.FTM_SetupPwm
                0x00008d0c      0x330 ./drivers/fsl_ftm.o
                0x00008d0c                FTM_SetupPwm
 .text.GPIO_PinInit
                0x0000903c       0x68 ./drivers/fsl_gpio.o
                0x0000903c                GPIO_PinInit
 .text.I2C_TransferCommonIRQHandler
                0x000090a4       0x58 ./drivers/fsl_i2c.o
 .text.I2C0_DriverIRQHandler
                0x000090fc       0x1c ./drivers/fsl_i2c.o
                0x000090fc                I2C0_DriverIRQHandler
 .text.I2C1_DriverIRQHandler
                0x00009118       0x1c ./drivers/fsl_i2c.o
                0x00009118                I2C1_DriverIRQHandler
 .text.PIT_GetInstance
                0x00009134       0x44 ./drivers/fsl_pit.o
 .text.PIT_Init
                0x00009178       0x94 ./drivers/fsl_pit.o
                0x00009178                PIT_Init
 .text.UART_GetInstance
                0x0000920c       0x54 ./drivers/fsl_uart.o
                0x0000920c                UART_GetInstance
 .text.UART_Init
                0x00009260      0x294 ./drivers/fsl_uart.o
                0x00009260                UART_Init
 .text.UART_EnableInterrupts
                0x000094f4       0x70 ./drivers/fsl_uart.o
                0x000094f4                UART_EnableInterrupts
 .text.UART2_DriverIRQHandler
                0x00009564       0x28 ./drivers/fsl_uart.o
                0x00009564                UART2_DriverIRQHandler
 .text.VREF_GetInstance
                0x0000958c       0x44 ./drivers/fsl_vref.o
 .text.VREF_Init
                0x000095d0       0x94 ./drivers/fsl_vref.o
                0x000095d0                VREF_Init
 .text.SystemInit
                0x00009664       0x3c ./device/system_MK22F51212.o
                0x00009664                SystemInit
 .text.SystemCoreClockUpdate
                0x000096a0      0x298 ./device/system_MK22F51212.o
                0x000096a0                SystemCoreClockUpdate
 .text.OSA_MutexCreate
                0x00009938       0x40 ./component/osa/fsl_os_abstraction_free_rtos.o
                0x00009938                OSA_MutexCreate
 .text.OSA_MutexDestroy
                0x00009978       0x30 ./component/osa/fsl_os_abstraction_free_rtos.o
                0x00009978                OSA_MutexDestroy
 .text.__NVIC_EnableIRQ
                0x000099a8       0x3c ./board/board.o
 .text.__NVIC_SetPriority
                0x000099e4       0x54 ./board/board.o
 .text.PORT_SetPinConfig
                0x00009a38       0x38 ./board/board.o
 .text.BOARD_setPinAttributes
                0x00009a70       0x7c ./board/board.o
 .text.BOARD_setClockAttributes
                0x00009aec       0xc8 ./board/board.o
 .text.BOARD_UART_InitUart1
                0x00009bb4       0x3c ./board/board.o
 .text.ADC0_IRQHandler
                0x00009bf0       0xc4 ./board/board.o
                0x00009bf0                ADC0_IRQHandler
 .text.BOARD_InitADC
                0x00009cb4       0xf8 ./board/board.o
 .text.BOARD_InitDAC
                0x00009dac       0x4c ./board/board.o
 .text.BOARD_get_ADC
                0x00009df8       0xac ./board/board.o
                0x00009df8                BOARD_get_ADC
 .text.BOARD_get_ADC_float
                0x00009ea4       0x74 ./board/board.o
                0x00009ea4                BOARD_get_ADC_float
 .text.BOARD_InitFTM0
                0x00009f18       0x88 ./board/board.o
                0x00009f18                BOARD_InitFTM0
 .text.BOARD_SetOwnAddress
                0x00009fa0       0x20 ./board/board.o
                0x00009fa0                BOARD_SetOwnAddress
 .text.BOARD_GetOwnAddress
                0x00009fc0       0x18 ./board/board.o
                0x00009fc0                BOARD_GetOwnAddress
 .text.FTM0_IRQHandler
                0x00009fd8       0x24 ./board/board.o
                0x00009fd8                FTM0_IRQHandler
 .text.FTM1_IRQHandler
                0x00009ffc       0x20 ./board/board.o
                0x00009ffc                FTM1_IRQHandler
 .text.FTM2_IRQHandler
                0x0000a01c       0x20 ./board/board.o
                0x0000a01c                FTM2_IRQHandler
 .text.PIT0_IRQHandler
                0x0000a03c       0xc8 ./board/board.o
                0x0000a03c                PIT0_IRQHandler
 .text.PIT1_IRQHandler
                0x0000a104       0x24 ./board/board.o
                0x0000a104                PIT1_IRQHandler
 .text.BOARD_InitPIT
                0x0000a128       0xec ./board/board.o
                0x0000a128                BOARD_InitPIT
 .text.BOARD_InitVREF
                0x0000a214       0x18 ./board/board.o
                0x0000a214                BOARD_InitVREF
 .text.BOARD_Init
                0x0000a22c       0x48 ./board/board.o
                0x0000a22c                BOARD_Init
 .text.BOARD_SetGPIOpin
                0x0000a274       0x50 ./board/board.o
                0x0000a274                BOARD_SetGPIOpin
 .text.CLOCK_SetSimSafeDivs
                0x0000a2c4       0x24 ./board/clock_config.o
 .text.CLOCK_SetXtal32Freq
                0x0000a2e8       0x20 ./board/clock_config.o
 .text.CLOCK_CONFIG_SetRtcClock
                0x0000a308       0x84 ./board/clock_config.o
 .text.BOARD_BootClockRUN
                0x0000a38c       0x58 ./board/clock_config.o
                0x0000a38c                BOARD_BootClockRUN
 .text.__assertion_failed
                0x0000a3e4       0x4c c:/nxp/mcuxpressoide_11.2.1_4149/ide/plugins/com.nxp.mcuxpresso.tools.win32_11.2.0.202008311134/tools/bin/../lib/gcc/arm-none-eabi/9.2.1/../../../../arm-none-eabi/lib/thumb/v7e-m+fp/hard\libcr_semihost_nf.a(_cr_assert.o)
                0x0000a3e4                __assertion_failed
 .text.__sys_appexit
                0x0000a430        0xc c:/nxp/mcuxpressoide_11.2.1_4149/ide/plugins/com.nxp.mcuxpresso.tools.win32_11.2.0.202008311134/tools/bin/../lib/gcc/arm-none-eabi/9.2.1/../../../../arm-none-eabi/lib/thumb/v7e-m+fp/hard\libcr_semihost_nf.a(__sys_appexit.o)
                0x0000a430                __sys_appexit
                0x0000a430                __exit
 .text._Cwritebuf
                0x0000a43c       0x6c c:/nxp/mcuxpressoide_11.2.1_4149/ide/plugins/com.nxp.mcuxpresso.tools.win32_11.2.0.202008311134/tools/bin/../lib/gcc/arm-none-eabi/9.2.1/../../../../arm-none-eabi/lib/thumb/v7e-m+fp/hard\libcr_c.a(_writebuf.o)
                0x0000a43c                _Cwritebuf
 .text.malloc   0x0000a4a8       0xc8 c:/nxp/mcuxpressoide_11.2.1_4149/ide/plugins/com.nxp.mcuxpresso.tools.win32_11.2.0.202008311134/tools/bin/../lib/gcc/arm-none-eabi/9.2.1/../../../../arm-none-eabi/lib/thumb/v7e-m+fp/hard\libcr_c.a(alloc.o)
                0x0000a4a8                malloc
 .text._Csys_alloc
                0x0000a570       0x20 c:/nxp/mcuxpressoide_11.2.1_4149/ide/plugins/com.nxp.mcuxpresso.tools.win32_11.2.0.202008311134/tools/bin/../lib/gcc/arm-none-eabi/9.2.1/../../../../arm-none-eabi/lib/thumb/v7e-m+fp/hard\libcr_c.a(alloc.o)
                0x0000a570                _Csys_alloc
 .text.fseek    0x0000a590      0x100 c:/nxp/mcuxpressoide_11.2.1_4149/ide/plugins/com.nxp.mcuxpresso.tools.win32_11.2.0.202008311134/tools/bin/../lib/gcc/arm-none-eabi/9.2.1/../../../../arm-none-eabi/lib/thumb/v7e-m+fp/hard\libcr_c.a(fseek.o)
                0x0000a590                fseek
 .text.ftell    0x0000a690       0x44 c:/nxp/mcuxpressoide_11.2.1_4149/ide/plugins/com.nxp.mcuxpresso.tools.win32_11.2.0.202008311134/tools/bin/../lib/gcc/arm-none-eabi/9.2.1/../../../../arm-none-eabi/lib/thumb/v7e-m+fp/hard\libcr_c.a(ftell.o)
                0x0000a690                ftell
 .text._initio  0x0000a6d4       0x78 c:/nxp/mcuxpressoide_11.2.1_4149/ide/plugins/com.nxp.mcuxpresso.tools.win32_11.2.0.202008311134/tools/bin/../lib/gcc/arm-none-eabi/9.2.1/../../../../arm-none-eabi/lib/thumb/v7e-m+fp/hard\libcr_c.a(initio.o)
                0x0000a6d4                _initio
 .text.__vfprintf
                0x0000a74c      0xce8 c:/nxp/mcuxpressoide_11.2.1_4149/ide/plugins/com.nxp.mcuxpresso.tools.win32_11.2.0.202008311134/tools/bin/../lib/gcc/arm-none-eabi/9.2.1/../../../../arm-none-eabi/lib/thumb/v7e-m+fp/hard\libcr_c.a(printf.o)
                0x0000a74c                __vfprintf
 .text._vsnprintf
                0x0000b434       0x68 c:/nxp/mcuxpressoide_11.2.1_4149/ide/plugins/com.nxp.mcuxpresso.tools.win32_11.2.0.202008311134/tools/bin/../lib/gcc/arm-none-eabi/9.2.1/../../../../arm-none-eabi/lib/thumb/v7e-m+fp/hard\libcr_c.a(printf.o)
                0x0000b434                _vsnprintf
 .text._printf  0x0000b49c       0x54 c:/nxp/mcuxpressoide_11.2.1_4149/ide/plugins/com.nxp.mcuxpresso.tools.win32_11.2.0.202008311134/tools/bin/../lib/gcc/arm-none-eabi/9.2.1/../../../../arm-none-eabi/lib/thumb/v7e-m+fp/hard\libcr_c.a(printf.o)
                0x0000b49c                _printf
 .text._sbrk    0x0000b4f0       0x3c c:/nxp/mcuxpressoide_11.2.1_4149/ide/plugins/com.nxp.mcuxpresso.tools.win32_11.2.0.202008311134/tools/bin/../lib/gcc/arm-none-eabi/9.2.1/../../../../arm-none-eabi/lib/thumb/v7e-m+fp/hard\libcr_c.a(_cr_sbrk.o)
                0x0000b4f0                _sbrk
 .text.fflush   0x0000b52c       0x44 c:/nxp/mcuxpressoide_11.2.1_4149/ide/plugins/com.nxp.mcuxpresso.tools.win32_11.2.0.202008311134/tools/bin/../lib/gcc/arm-none-eabi/9.2.1/../../../../arm-none-eabi/lib/thumb/v7e-m+fp/hard\libcr_c.a(fflush.o)
                0x0000b52c                fflush
 .text.__check_heap_overflow
                0x0000b570       0x18 c:/nxp/mcuxpressoide_11.2.1_4149/ide/plugins/com.nxp.mcuxpresso.tools.win32_11.2.0.202008311134/tools/bin/../lib/gcc/arm-none-eabi/9.2.1/../../../../arm-none-eabi/lib/thumb/v7e-m+fp/hard\libcr_c.a(_cr_check_heap.o)
                0x0000b570                __check_heap_overflow
 .text.__aeabi_dsub
                0x0000b588      0x1b0 c:/nxp/mcuxpressoide_11.2.1_4149/ide/plugins/com.nxp.mcuxpresso.tools.win32_11.2.0.202008311134/tools/bin/../lib/gcc/arm-none-eabi/9.2.1/thumb/v7e-m+fp/hard\libcr_eabihelpers.a(double.o)
                0x0000b588                __aeabi_dsub
 .text.__aeabi_dadd
                0x0000b738      0x114 c:/nxp/mcuxpressoide_11.2.1_4149/ide/plugins/com.nxp.mcuxpresso.tools.win32_11.2.0.202008311134/tools/bin/../lib/gcc/arm-none-eabi/9.2.1/thumb/v7e-m+fp/hard\libcr_eabihelpers.a(double.o)
                0x0000b738                __aeabi_dadd
 .text.__aeabi_f2d
                0x0000b84c       0x38 c:/nxp/mcuxpressoide_11.2.1_4149/ide/plugins/com.nxp.mcuxpresso.tools.win32_11.2.0.202008311134/tools/bin/../lib/gcc/arm-none-eabi/9.2.1/thumb/v7e-m+fp/hard\libcr_eabihelpers.a(float.o)
                0x0000b84c                __aeabi_f2d
 .text.USB_DeviceKhciPrimeNextSetup
                0x0000b884       0x64 ./usb/device/source/khci/usb_device_khci.o
 .text.USB_DeviceKhciSetDefaultState
                0x0000b8e8      0x158 ./usb/device/source/khci/usb_device_khci.o
 .text.USB_DeviceKhciEndpointInit
                0x0000ba40      0x12c ./usb/device/source/khci/usb_device_khci.o
 .text.USB_DeviceKhciEndpointDeinit
                0x0000bb6c       0x5c ./usb/device/source/khci/usb_device_khci.o
 .text.USB_DeviceKhciEndpointStall
                0x0000bbc8       0xb8 ./usb/device/source/khci/usb_device_khci.o
 .text.USB_DeviceKhciEndpointUnstall
                0x0000bc80      0x10a ./usb/device/source/khci/usb_device_khci.o
 .text.USB_DeviceKhciInterruptTokenDone
                0x0000bd8a      0x538 ./usb/device/source/khci/usb_device_khci.o
 .text.USB_DeviceKhciInterruptReset
                0x0000c2c2       0x42 ./usb/device/source/khci/usb_device_khci.o
 .text.USB_DeviceKhciInterruptStall
                0x0000c304       0x5c ./usb/device/source/khci/usb_device_khci.o
 .text.USB_DeviceKhciDeinit
                0x0000c360       0x64 ./usb/device/source/khci/usb_device_khci.o
                0x0000c360                USB_DeviceKhciDeinit
 .text.USB_DeviceKhciSend
                0x0000c3c4      0x11c ./usb/device/source/khci/usb_device_khci.o
                0x0000c3c4                USB_DeviceKhciSend
 .text.USB_DeviceKhciRecv
                0x0000c4e0      0x160 ./usb/device/source/khci/usb_device_khci.o
                0x0000c4e0                USB_DeviceKhciRecv
 .text.USB_DeviceKhciCancel
                0x0000c640       0x86 ./usb/device/source/khci/usb_device_khci.o
                0x0000c640                USB_DeviceKhciCancel
 .text.USB_DeviceKhciIsrFunction
                0x0000c6c6       0x84 ./usb/device/source/khci/usb_device_khci.o
                0x0000c6c6                USB_DeviceKhciIsrFunction
 .text.USB_DeviceCh9GetStatus
                0x0000c74a       0xec ./usb/device/source/usb_device_ch9.o
 .text.USB_DeviceCh9SetClearFeature
                0x0000c836       0xf6 ./usb/device/source/usb_device_ch9.o
 .text.USB_DeviceCh9SetAddress
                0x0000c92c       0xa0 ./usb/device/source/usb_device_ch9.o
 .text.USB_DeviceCh9GetDescriptor
                0x0000c9cc       0xe6 ./usb/device/source/usb_device_ch9.o
 .text.USB_DeviceCh9GetConfiguration
                0x0000cab2       0x5c ./usb/device/source/usb_device_ch9.o
 .text.USB_DeviceCh9SetConfiguration
                0x0000cb0e       0x8c ./usb/device/source/usb_device_ch9.o
 .text.USB_DeviceCh9GetInterface
                0x0000cb9a       0x72 ./usb/device/source/usb_device_ch9.o
 .text.USB_DeviceCh9SetInterface
                0x0000cc0c       0x6e ./usb/device/source/usb_device_ch9.o
 .text.USB_DeviceCh9SynchFrame
                0x0000cc7a       0x66 ./usb/device/source/usb_device_ch9.o
 .text.USB_DeviceControlCallbackFeedback
                0x0000cce0       0xb0 ./usb/device/source/usb_device_ch9.o
 .text.USB_DeviceFreeHandle
                0x0000cd90       0x32 ./usb/device/source/usb_device_dci.o
 .text.USB_DeviceTransfer
                0x0000cdc2      0x10a ./usb/device/source/usb_device_dci.o
 .text.USB_DeviceControl
                0x0000cecc       0x48 ./usb/device/source/usb_device_dci.o
 .text.USB_DeviceResetNotification
                0x0000cf14       0x98 ./usb/device/source/usb_device_dci.o
 .text.USB_DeviceNotification
                0x0000cfac      0x102 ./usb/device/source/usb_device_dci.o
 .text.USB_DeviceNotificationTrigger
                0x0000d0ae       0x40 ./usb/device/source/usb_device_dci.o
                0x0000d0ae                USB_DeviceNotificationTrigger
 .text.USB_DeviceInit
                0x0000d0ee      0x166 ./usb/device/source/usb_device_dci.o
                0x0000d0ee                USB_DeviceInit
 .text.USB_DeviceRun
                0x0000d254       0x1c ./usb/device/source/usb_device_dci.o
                0x0000d254                USB_DeviceRun
 .text.USB_DeviceDeinit
                0x0000d270       0x42 ./usb/device/source/usb_device_dci.o
                0x0000d270                USB_DeviceDeinit
 .text.USB_DeviceSendRequest
                0x0000d2b2       0x32 ./usb/device/source/usb_device_dci.o
                0x0000d2b2                USB_DeviceSendRequest
 .text.USB_DeviceRecvRequest
                0x0000d2e4       0x2c ./usb/device/source/usb_device_dci.o
                0x0000d2e4                USB_DeviceRecvRequest
 .text.USB_DeviceInitEndpoint
                0x0000d310       0xbe ./usb/device/source/usb_device_dci.o
                0x0000d310                USB_DeviceInitEndpoint
 .text.USB_DeviceDeinitEndpoint
                0x0000d3ce       0xac ./usb/device/source/usb_device_dci.o
                0x0000d3ce                USB_DeviceDeinitEndpoint
 .text.USB_DeviceStallEndpoint
                0x0000d47a       0x30 ./usb/device/source/usb_device_dci.o
                0x0000d47a                USB_DeviceStallEndpoint
 .text.USB_DeviceUnstallEndpoint
                0x0000d4aa       0x30 ./usb/device/source/usb_device_dci.o
                0x0000d4aa                USB_DeviceUnstallEndpoint
 .text.USB_DeviceCdcAcmFreeHandle
                0x0000d4da       0x32 ./usb/device/class/cdc/usb_device_cdc_acm.o
 .text.USB_DeviceCdcAcmInterruptIn
                0x0000d50c       0x54 ./usb/device/class/cdc/usb_device_cdc_acm.o
 .text.USB_DeviceCdcAcmBulkIn
                0x0000d560       0x54 ./usb/device/class/cdc/usb_device_cdc_acm.o
 .text.USB_DeviceCdcAcmBulkOut
                0x0000d5b4       0x54 ./usb/device/class/cdc/usb_device_cdc_acm.o
 .text.USB_DeviceCdcAcmEndpointsDeinit
                0x0000d608       0xae ./usb/device/class/cdc/usb_device_cdc_acm.o
 .text.USB_DeviceCdcAcmSend
                0x0000d6b6       0xa4 ./usb/device/class/cdc/usb_device_cdc_acm.o
                0x0000d6b6                USB_DeviceCdcAcmSend
 .text.USB_DeviceCdcAcmRecv
                0x0000d75a       0x78 ./usb/device/class/cdc/usb_device_cdc_acm.o
                0x0000d75a                USB_DeviceCdcAcmRecv
 .text.USB_DeviceClassCallback
                0x0000d7d2       0x5e ./usb/device/class/usb_device_class.o
                0x0000d7d2                USB_DeviceClassCallback
 .text.DMA0_IRQHandler
                0x0000d830        0x8 ./startup/startup_mk22f51212.o
                0x0000d830                DMA0_IRQHandler
 .text.DMA1_IRQHandler
                0x0000d838        0x8 ./startup/startup_mk22f51212.o
                0x0000d838                DMA1_IRQHandler
 .text.DMA2_IRQHandler
                0x0000d840        0x8 ./startup/startup_mk22f51212.o
                0x0000d840                DMA2_IRQHandler
 .text.DMA3_IRQHandler
                0x0000d848        0x8 ./startup/startup_mk22f51212.o
                0x0000d848                DMA3_IRQHandler
 .text.DMA4_IRQHandler
                0x0000d850        0x8 ./startup/startup_mk22f51212.o
                0x0000d850                DMA4_IRQHandler
 .text.DMA5_IRQHandler
                0x0000d858        0x8 ./startup/startup_mk22f51212.o
                0x0000d858                DMA5_IRQHandler
 .text.DMA6_IRQHandler
                0x0000d860        0x8 ./startup/startup_mk22f51212.o
                0x0000d860                DMA6_IRQHandler
 .text.DMA7_IRQHandler
                0x0000d868        0x8 ./startup/startup_mk22f51212.o
                0x0000d868                DMA7_IRQHandler
 .text.DMA8_IRQHandler
                0x0000d870        0x8 ./startup/startup_mk22f51212.o
                0x0000d870                DMA8_IRQHandler
 .text.DMA9_IRQHandler
                0x0000d878        0x8 ./startup/startup_mk22f51212.o
                0x0000d878                DMA9_IRQHandler
 .text.DMA10_IRQHandler
                0x0000d880        0x8 ./startup/startup_mk22f51212.o
                0x0000d880                DMA10_IRQHandler
 .text.DMA11_IRQHandler
                0x0000d888        0x8 ./startup/startup_mk22f51212.o
                0x0000d888                DMA11_IRQHandler
 .text.DMA12_IRQHandler
                0x0000d890        0x8 ./startup/startup_mk22f51212.o
                0x0000d890                DMA12_IRQHandler
 .text.DMA13_IRQHandler
                0x0000d898        0x8 ./startup/startup_mk22f51212.o
                0x0000d898                DMA13_IRQHandler
 .text.DMA14_IRQHandler
                0x0000d8a0        0x8 ./startup/startup_mk22f51212.o
                0x0000d8a0                DMA14_IRQHandler
 .text.DMA15_IRQHandler
                0x0000d8a8        0x8 ./startup/startup_mk22f51212.o
                0x0000d8a8                DMA15_IRQHandler
 .text.DMA_Error_IRQHandler
                0x0000d8b0        0x8 ./startup/startup_mk22f51212.o
                0x0000d8b0                DMA_Error_IRQHandler
 .text.MCM_IRQHandler
                0x0000d8b8        0x8 ./startup/startup_mk22f51212.o
                0x0000d8b8                MCM_IRQHandler
 .text.FTF_IRQHandler
                0x0000d8c0        0x8 ./startup/startup_mk22f51212.o
                0x0000d8c0                FTF_IRQHandler
 .text.Read_Collision_IRQHandler
                0x0000d8c8        0x8 ./startup/startup_mk22f51212.o
                0x0000d8c8                Read_Collision_IRQHandler
 .text.LVD_LVW_IRQHandler
                0x0000d8d0        0x8 ./startup/startup_mk22f51212.o
                0x0000d8d0                LVD_LVW_IRQHandler
 .text.LLWU_IRQHandler
                0x0000d8d8        0x8 ./startup/startup_mk22f51212.o
                0x0000d8d8                LLWU_IRQHandler
 .text.WDOG_EWM_IRQHandler
                0x0000d8e0        0x8 ./startup/startup_mk22f51212.o
                0x0000d8e0                WDOG_EWM_IRQHandler
 .text.RNG_IRQHandler
                0x0000d8e8        0x8 ./startup/startup_mk22f51212.o
                0x0000d8e8                RNG_IRQHandler
 .text.I2C0_IRQHandler
                0x0000d8f0        0x8 ./startup/startup_mk22f51212.o
                0x0000d8f0                I2C0_IRQHandler
 .text.I2C1_IRQHandler
                0x0000d8f8        0x8 ./startup/startup_mk22f51212.o
                0x0000d8f8                I2C1_IRQHandler
 .text.SPI0_IRQHandler
                0x0000d900        0x8 ./startup/startup_mk22f51212.o
                0x0000d900                SPI0_IRQHandler
 .text.SPI1_IRQHandler
                0x0000d908        0x8 ./startup/startup_mk22f51212.o
                0x0000d908                SPI1_IRQHandler
 .text.I2S0_Tx_IRQHandler
                0x0000d910        0x8 ./startup/startup_mk22f51212.o
                0x0000d910                I2S0_Tx_IRQHandler
 .text.I2S0_Rx_IRQHandler
                0x0000d918        0x8 ./startup/startup_mk22f51212.o
                0x0000d918                I2S0_Rx_IRQHandler
 .text.LPUART0_IRQHandler
                0x0000d920        0x8 ./startup/startup_mk22f51212.o
                0x0000d920                LPUART0_IRQHandler
 .text.UART0_RX_TX_IRQHandler
                0x0000d928        0x8 ./startup/startup_mk22f51212.o
                0x0000d928                UART0_RX_TX_IRQHandler
 .text.UART0_ERR_IRQHandler
                0x0000d930        0x8 ./startup/startup_mk22f51212.o
                0x0000d930                UART0_ERR_IRQHandler
 .text.UART1_RX_TX_IRQHandler
                0x0000d938        0x8 ./startup/startup_mk22f51212.o
                0x0000d938                UART1_RX_TX_IRQHandler
 .text.UART1_ERR_IRQHandler
                0x0000d940        0x8 ./startup/startup_mk22f51212.o
                0x0000d940                UART1_ERR_IRQHandler
 .text.UART2_RX_TX_IRQHandler
                0x0000d948        0x8 ./startup/startup_mk22f51212.o
                0x0000d948                UART2_RX_TX_IRQHandler
 .text.UART2_ERR_IRQHandler
                0x0000d950        0x8 ./startup/startup_mk22f51212.o
                0x0000d950                UART2_ERR_IRQHandler
 .text.Reserved53_IRQHandler
                0x0000d958        0x8 ./startup/startup_mk22f51212.o
                0x0000d958                Reserved53_IRQHandler
 .text.Reserved54_IRQHandler
                0x0000d960        0x8 ./startup/startup_mk22f51212.o
                0x0000d960                Reserved54_IRQHandler
 .text.CMP0_IRQHandler
                0x0000d968        0x8 ./startup/startup_mk22f51212.o
                0x0000d968                CMP0_IRQHandler
 .text.CMP1_IRQHandler
                0x0000d970        0x8 ./startup/startup_mk22f51212.o
                0x0000d970                CMP1_IRQHandler
 .text.Reserved61_IRQHandler
                0x0000d978        0x8 ./startup/startup_mk22f51212.o
                0x0000d978                Reserved61_IRQHandler
 .text.RTC_IRQHandler
                0x0000d980        0x8 ./startup/startup_mk22f51212.o
                0x0000d980                RTC_IRQHandler
 .text.RTC_Seconds_IRQHandler
                0x0000d988        0x8 ./startup/startup_mk22f51212.o
                0x0000d988                RTC_Seconds_IRQHandler
 .text.PIT2_IRQHandler
                0x0000d990        0x8 ./startup/startup_mk22f51212.o
                0x0000d990                PIT2_IRQHandler
 .text.PIT3_IRQHandler
                0x0000d998        0x8 ./startup/startup_mk22f51212.o
                0x0000d998                PIT3_IRQHandler
 .text.PDB0_IRQHandler
                0x0000d9a0        0x8 ./startup/startup_mk22f51212.o
                0x0000d9a0                PDB0_IRQHandler
 .text.Reserved70_IRQHandler
                0x0000d9a8        0x8 ./startup/startup_mk22f51212.o
                0x0000d9a8                Reserved70_IRQHandler
 .text.Reserved71_IRQHandler
                0x0000d9b0        0x8 ./startup/startup_mk22f51212.o
                0x0000d9b0                Reserved71_IRQHandler
 .text.DAC0_IRQHandler
                0x0000d9b8        0x8 ./startup/startup_mk22f51212.o
                0x0000d9b8                DAC0_IRQHandler
 .text.MCG_IRQHandler
                0x0000d9c0        0x8 ./startup/startup_mk22f51212.o
                0x0000d9c0                MCG_IRQHandler
 .text.LPTMR0_IRQHandler
                0x0000d9c8        0x8 ./startup/startup_mk22f51212.o
                0x0000d9c8                LPTMR0_IRQHandler
 .text.PORTA_IRQHandler
                0x0000d9d0        0x8 ./startup/startup_mk22f51212.o
                0x0000d9d0                PORTA_IRQHandler
 .text.PORTB_IRQHandler
                0x0000d9d8        0x8 ./startup/startup_mk22f51212.o
                0x0000d9d8                PORTB_IRQHandler
 .text.PORTC_IRQHandler
                0x0000d9e0        0x8 ./startup/startup_mk22f51212.o
                0x0000d9e0                PORTC_IRQHandler
 .text.PORTD_IRQHandler
                0x0000d9e8        0x8 ./startup/startup_mk22f51212.o
                0x0000d9e8                PORTD_IRQHandler
 .text.PORTE_IRQHandler
                0x0000d9f0        0x8 ./startup/startup_mk22f51212.o
                0x0000d9f0                PORTE_IRQHandler
 .text.SWI_IRQHandler
                0x0000d9f8        0x8 ./startup/startup_mk22f51212.o
                0x0000d9f8                SWI_IRQHandler
 .text.Reserved81_IRQHandler
                0x0000da00        0x8 ./startup/startup_mk22f51212.o
                0x0000da00                Reserved81_IRQHandler
 .text.Reserved82_IRQHandler
                0x0000da08        0x8 ./startup/startup_mk22f51212.o
                0x0000da08                Reserved82_IRQHandler
 .text.Reserved83_IRQHandler
                0x0000da10        0x8 ./startup/startup_mk22f51212.o
                0x0000da10                Reserved83_IRQHandler
 .text.Reserved84_IRQHandler
                0x0000da18        0x8 ./startup/startup_mk22f51212.o
                0x0000da18                Reserved84_IRQHandler
 .text.Reserved85_IRQHandler
                0x0000da20        0x8 ./startup/startup_mk22f51212.o
                0x0000da20                Reserved85_IRQHandler
 .text.Reserved86_IRQHandler
                0x0000da28        0x8 ./startup/startup_mk22f51212.o
                0x0000da28                Reserved86_IRQHandler
 .text.FTM3_IRQHandler
                0x0000da30        0x8 ./startup/startup_mk22f51212.o
                0x0000da30                FTM3_IRQHandler
 .text.DAC1_IRQHandler
                0x0000da38        0x8 ./startup/startup_mk22f51212.o
                0x0000da38                DAC1_IRQHandler
 .text.ADC1_IRQHandler
                0x0000da40        0x8 ./startup/startup_mk22f51212.o
                0x0000da40                ADC1_IRQHandler
 .text.EnableIRQ
                0x0000da48       0x2c ./source/usb/virtual_com.o
 .text.USB_DeviceIsrEnable
                0x0000da74       0x2c ./source/usb/virtual_com.o
                0x0000da74                USB_DeviceIsrEnable
 .text.USB_SendPacketCMD
                0x0000daa0       0xc2 ./source/usb/virtual_com.o
                0x0000daa0                USB_SendPacketCMD
 .text._WriteBlocking
                0x0000db62       0xb4 ./source/Tracealyzer/streamports/Jlink_RTT/SEGGER_RTT.o
 .text._WriteNoCheck
                0x0000dc16       0x80 ./source/Tracealyzer/streamports/Jlink_RTT/SEGGER_RTT.o
 .text._GetAvailWriteSpace
                0x0000dc96       0x46 ./source/Tracealyzer/streamports/Jlink_RTT/SEGGER_RTT.o
 .text.SEGGER_RTT_Read
                0x0000dcdc       0x36 ./source/Tracealyzer/streamports/Jlink_RTT/SEGGER_RTT.o
                0x0000dcdc                SEGGER_RTT_Read
 .text.writeToRTT
                0x0000dd12       0x2e ./source/Tracealyzer/streamports/Jlink_RTT/trcStreamingPort.o
                0x0000dd12                writeToRTT
 .text.prvTraceGetQueueNumber
                0x0000dd40       0x18 ./source/Tracealyzer/trcKernelPort.o
                0x0000dd40                prvTraceGetQueueNumber
 .text.prvTraceGetTaskNumberHigh16
                0x0000dd58       0x1c ./source/Tracealyzer/trcKernelPort.o
                0x0000dd58                prvTraceGetTaskNumberHigh16
 .text.prvTraceSetTaskNumberHigh16
                0x0000dd74       0x2c ./source/Tracealyzer/trcKernelPort.o
                0x0000dd74                prvTraceSetTaskNumberHigh16
 .text.prvTraceGetQueueNumberHigh16
                0x0000dda0       0x1c ./source/Tracealyzer/trcKernelPort.o
                0x0000dda0                prvTraceGetQueueNumberHigh16
 .text.prvTraceSetQueueNumberHigh16
                0x0000ddbc       0x2c ./source/Tracealyzer/trcKernelPort.o
                0x0000ddbc                prvTraceSetQueueNumberHigh16
 .text.prvTraceGetCurrentTaskHandle
                0x0000dde8        0xe ./source/Tracealyzer/trcKernelPort.o
                0x0000dde8                prvTraceGetCurrentTaskHandle
 .text.TzCtrl   0x0000ddf6       0x76 ./source/Tracealyzer/trcKernelPort.o
 .text.xTraceRegisterString
                0x0000de6c       0x3c ./source/Tracealyzer/trcStreamingRecorder.o
                0x0000de6c                xTraceRegisterString
 .text.vTracePrintF
                0x0000dea8       0x28 ./source/Tracealyzer/trcStreamingRecorder.o
                0x0000dea8                vTracePrintF
 .text.vTraceVPrintF
                0x0000ded0       0xae ./source/Tracealyzer/trcStreamingRecorder.o
                0x0000ded0                vTraceVPrintF
 .text.vTraceStop
                0x0000df7e        0xe ./source/Tracealyzer/trcStreamingRecorder.o
                0x0000df7e                vTraceStop
 .text.prvTraceStoreStringEvent
                0x0000df8c       0x54 ./source/Tracealyzer/trcStreamingRecorder.o
                0x0000df8c                prvTraceStoreStringEvent
 .text.prvIsValidCommand
                0x0000dfe0       0x82 ./source/Tracealyzer/trcStreamingRecorder.o
                0x0000dfe0                prvIsValidCommand
 .text.prvProcessCommand
                0x0000e062       0x26 ./source/Tracealyzer/trcStreamingRecorder.o
                0x0000e062                prvProcessCommand
 .text.CommunicationTask
                0x0000e088       0x42 ./source/BRDUINO_Nano.o
                0x0000e088                CommunicationTask
 .text.SUB_GetSystemInfo
                0x0000e0ca       0x46 ./source/CmdInfo.o
                0x0000e0ca                SUB_GetSystemInfo
 .text.InfoCommandHandler
                0x0000e110       0x30 ./source/CmdInfo.o
                0x0000e110                InfoCommandHandler
 .text.cmd_SUB_SYS_REQUEST_PING
                0x0000e140       0x72 ./source/CmdSystem.o
                0x0000e140                cmd_SUB_SYS_REQUEST_PING
 .text.cmd_SUB_SYS_GET_ADC_VALUE
                0x0000e1b2       0x78 ./source/CmdSystem.o
                0x0000e1b2                cmd_SUB_SYS_GET_ADC_VALUE
 .text.cmd_SUB_SYS_GET_ALL_ADC_VALUES
                0x0000e22a       0x92 ./source/CmdSystem.o
                0x0000e22a                cmd_SUB_SYS_GET_ALL_ADC_VALUES
 .text.cmd_SUB_SYS_GET_ALL_ADC_VAL_FLOAT
                0x0000e2bc       0x96 ./source/CmdSystem.o
                0x0000e2bc                cmd_SUB_SYS_GET_ALL_ADC_VAL_FLOAT
 .text.cmd_SUB_SYS_GET_DEVICE_TYPE
                0x0000e352       0x44 ./source/CmdSystem.o
                0x0000e352                cmd_SUB_SYS_GET_DEVICE_TYPE
 .text.cmd_SUB_SYS_SET_DEVICE_OWN_ADDR
                0x0000e396       0x64 ./source/CmdSystem.o
                0x0000e396                cmd_SUB_SYS_SET_DEVICE_OWN_ADDR
 .text.SetVal_16
                0x0000e3fa       0x2e ./source/Misc.o
                0x0000e3fa                SetVal_16
 .text.SetVal_32
                0x0000e428       0x42 ./source/Misc.o
                0x0000e428                SetVal_32
 .text.SetVal_Float
                0x0000e46a       0x22 ./source/Misc.o
                0x0000e46a                SetVal_Float
 .text.MakeCommandHeader
                0x0000e48c       0x4c ./source/Misc.o
                0x0000e48c                MakeCommandHeader
 .text.GetSystemDeviceType
                0x0000e4d8       0x10 ./source/System.o
                0x0000e4d8                GetSystemDeviceType
 .text.HardFault_Handler
                0x0000e4e8       0x2c ./source/semihost_hardfault.o
                0x0000e4e8                HardFault_Handler
 .text.UART_CheckAndHandleError
                0x0000e514       0xc8 ./source/uart.o
 .text.UART0_RX_TX_DriverIRQHandler
                0x0000e5dc        0xe ./source/uart.o
                0x0000e5dc                UART0_RX_TX_DriverIRQHandler
 .text.UART1_RX_TX_DriverIRQHandler
                0x0000e5ea        0xe ./source/uart.o
                0x0000e5ea                UART1_RX_TX_DriverIRQHandler
 .text.UART_InitIRQ
                0x0000e5f8       0x58 ./source/uart.o
                0x0000e5f8                UART_InitIRQ
 .text.UART_InitUart
                0x0000e650       0x8c ./source/uart.o
                0x0000e650                UART_InitUart
 .text.set_rs485_data_enable
                0x0000e6dc       0x30 ./source/uart.o
                0x0000e6dc                set_rs485_data_enable
 .text.clr_rs485_data_enable
                0x0000e70c       0x36 ./source/uart.o
                0x0000e70c                clr_rs485_data_enable
 .text.wait_rs485_tx_done
                0x0000e742       0x2e ./source/uart.o
                0x0000e742                wait_rs485_tx_done
 .text.UART_SendChar
                0x0000e770       0x2c ./source/uart.o
 .text.vListInitialise
                0x0000e79c       0x40 ./freertos/freertos_kernel/list.o
                0x0000e79c                vListInitialise
 .text.vListInitialiseItem
                0x0000e7dc       0x1a ./freertos/freertos_kernel/list.o
                0x0000e7dc                vListInitialiseItem
 .text.vListInsertEnd
                0x0000e7f6       0x48 ./freertos/freertos_kernel/list.o
                0x0000e7f6                vListInsertEnd
 .text.vListInsert
                0x0000e83e       0x72 ./freertos/freertos_kernel/list.o
                0x0000e83e                vListInsert
 .text.uxListRemove
                0x0000e8b0       0x54 ./freertos/freertos_kernel/list.o
                0x0000e8b0                uxListRemove
 .text.prvInitialiseMutex
                0x0000e904       0x34 ./freertos/freertos_kernel/queue.o
 .text.xQueueCreateMutex
                0x0000e938       0x30 ./freertos/freertos_kernel/queue.o
                0x0000e938                xQueueCreateMutex
 .text.uxQueueGetQueueNumber
                0x0000e968       0x18 ./freertos/freertos_kernel/queue.o
                0x0000e968                uxQueueGetQueueNumber
 .text.vQueueSetQueueNumber
                0x0000e980       0x1c ./freertos/freertos_kernel/queue.o
                0x0000e980                vQueueSetQueueNumber
 .text.prvCopyDataToQueue
                0x0000e99c       0xd4 ./freertos/freertos_kernel/queue.o
 .text.prvCopyDataFromQueue
                0x0000ea70       0x4c ./freertos/freertos_kernel/queue.o
 .text.prvUnlockQueue
                0x0000eabc       0xa4 ./freertos/freertos_kernel/queue.o
 .text.prvIsQueueEmpty
                0x0000eb60       0x2c ./freertos/freertos_kernel/queue.o
 .text.prvIsQueueFull
                0x0000eb8c       0x30 ./freertos/freertos_kernel/queue.o
 .text.vQueueWaitForMessageRestricted
                0x0000ebbc       0x68 ./freertos/freertos_kernel/queue.o
                0x0000ebbc                vQueueWaitForMessageRestricted
 .text.xTaskCreate
                0x0000ec24       0x82 ./freertos/freertos_kernel/tasks.o
                0x0000ec24                xTaskCreate
 .text.prvInitialiseNewTask
                0x0000eca6      0x13c ./freertos/freertos_kernel/tasks.o
 .text.uxTaskGetTaskNumber
                0x0000ede2       0x2c ./freertos/freertos_kernel/tasks.o
                0x0000ede2                uxTaskGetTaskNumber
 .text.vTaskSetTaskNumber
                0x0000ee0e       0x26 ./freertos/freertos_kernel/tasks.o
                0x0000ee0e                vTaskSetTaskNumber
 .text.prvTaskCheckFreeStackSpace
                0x0000ee34       0x38 ./freertos/freertos_kernel/tasks.o
 .text.prvDeleteTCB
                0x0000ee6c       0x20 ./freertos/freertos_kernel/tasks.o
 .text.prvTimerTask
                0x0000ee8c       0x24 ./freertos/freertos_kernel/timers.o
 .text.CLOCK_EnableClock
                0x0000eeb0       0x34 ./drivers/fsl_adc16.o
 .text.ADC16_DoAutoCalibration
                0x0000eee4      0x130 ./drivers/fsl_adc16.o
                0x0000eee4                ADC16_DoAutoCalibration
 .text.ADC16_SetChannelMuxMode
                0x0000f014       0x38 ./drivers/fsl_adc16.o
                0x0000f014                ADC16_SetChannelMuxMode
 .text.ADC16_GetStatusFlags
                0x0000f04c       0x42 ./drivers/fsl_adc16.o
                0x0000f04c                ADC16_GetStatusFlags
 .text.CLOCK_EnableClock
                0x0000f08e       0x34 ./drivers/fsl_clock.o
 .text.CLOCK_DisableClock
                0x0000f0c2       0x38 ./drivers/fsl_clock.o
 .text.CLOCK_GetPll0RefFreq
                0x0000f0fa        0xe ./drivers/fsl_clock.o
 .text.CLOCK_GetFixedFreqClkFreq
                0x0000f108       0x34 ./drivers/fsl_clock.o
                0x0000f108                CLOCK_GetFixedFreqClkFreq
 .text.CLOCK_BootToFeeMode
                0x0000f13c       0x3c ./drivers/fsl_clock.o
                0x0000f13c                CLOCK_BootToFeeMode
 .text.DelayLoop
                0x0000f178       0x20 ./drivers/fsl_common.o
 .text.DSPI_IsMaster
                0x0000f198       0x26 ./drivers/fsl_dspi.o
 .text.CLOCK_EnableClock
                0x0000f1be       0x34 ./drivers/fsl_ftm.o
 .text.FTM_SetDeadTimeEnable
                0x0000f1f2       0x52 ./drivers/fsl_ftm.o
 .text.FTM_SetComplementaryEnable
                0x0000f244       0x52 ./drivers/fsl_ftm.o
 .text.FTM_UpdateChnlEdgeLevelSelect
                0x0000f296       0x4e ./drivers/fsl_ftm.o
                0x0000f296                FTM_UpdateChnlEdgeLevelSelect
 .text.GPIO_PinWrite
                0x0000f2e4       0x3a ./drivers/fsl_gpio.o
 .text.CLOCK_EnableClock
                0x0000f31e       0x34 ./drivers/fsl_pit.o
 .text.CLOCK_EnableClock
                0x0000f352       0x34 ./drivers/fsl_uart.o
 .text.UART2_RX_TX_DriverIRQHandler
                0x0000f386       0x12 ./drivers/fsl_uart.o
                0x0000f386                UART2_RX_TX_DriverIRQHandler
 .text.CLOCK_EnableClock
                0x0000f398       0x34 ./drivers/fsl_vref.o
 .text.SystemInitHook
                0x0000f3cc        0xe ./device/system_MK22F51212.o
                0x0000f3cc                SystemInitHook
 .text.OSA_EnterCritical
                0x0000f3da       0x40 ./component/osa/fsl_os_abstraction_free_rtos.o
                0x0000f3da                OSA_EnterCritical
 .text.OSA_ExitCritical
                0x0000f41a       0x2e ./component/osa/fsl_os_abstraction_free_rtos.o
                0x0000f41a                OSA_ExitCritical
 .text.CLOCK_EnableClock
                0x0000f448       0x34 ./board/board.o
 .text.EnableIRQ
                0x0000f47c       0x2c ./board/board.o
 .text.PORT_SetPinMux
                0x0000f4a8       0x3a ./board/board.o
 .text.GPIO_PinWrite
                0x0000f4e2       0x3a ./board/board.o
 .text.PIT_EnableInterrupts
                0x0000f51c       0x3a ./board/board.o
 .text.PIT_SetTimerPeriod
                0x0000f556       0x28 ./board/board.o
 .text.PIT_StartTimer
                0x0000f57e       0x38 ./board/board.o
 .text.FTM_StartTimer
                0x0000f5b6       0x3a ./board/board.o
 .text.ADC16_EnableHardwareTrigger
                0x0000f5f0       0x38 ./board/board.o
 .text.InitPin  0x0000f628       0x30 ./board/board.o
 .text.BOARD_InitFTM2
                0x0000f658       0x10 ./board/board.o
                0x0000f658                BOARD_InitFTM2
 .text.CLOCK_EnableClock
                0x0000f668       0x34 ./board/clock_config.o
 .text.CLOCK_DisableClock
                0x0000f69c       0x38 ./board/clock_config.o
 .text.RTC_SetOscCapLoad
                0x0000f6d4       0x32 ./board/clock_config.o
 .text.CLOCK_CONFIG_FllStableDelay
                0x0000f706       0x28 ./board/clock_config.o
 .text.BOARD_InitBootClocks
                0x0000f72e        0xc ./board/clock_config.o
                0x0000f72e                BOARD_InitBootClocks
 .text.BOARD_InitPeripherals
                0x0000f73a        0xe ./board/peripherals.o
                0x0000f73a                BOARD_InitPeripherals
 .text.BOARD_InitBootPeripherals
                0x0000f748        0xc ./board/peripherals.o
                0x0000f748                BOARD_InitBootPeripherals
 .text.BOARD_InitBootPins
                0x0000f754        0xc ./board/pin_mux.o
                0x0000f754                BOARD_InitBootPins
 .text.BOARD_InitPins
                0x0000f760        0xe ./board/pin_mux.o
                0x0000f760                BOARD_InitPins
 .text.__main   0x0000f76e        0xe c:/nxp/mcuxpressoide_11.2.1_4149/ide/plugins/com.nxp.mcuxpresso.tools.win32_11.2.0.202008311134/tools/bin/../lib/gcc/arm-none-eabi/9.2.1/../../../../arm-none-eabi/lib/thumb/v7e-m+fp/hard\libcr_semihost_nf.a(_cr__main.o)
                0x0000f76e                __CR_SEMIHOST
                0x0000f76e                __main
 .text.memcpy   0x0000f77c        0x4 c:/nxp/mcuxpressoide_11.2.1_4149/ide/plugins/com.nxp.mcuxpresso.tools.win32_11.2.0.202008311134/tools/bin/../lib/gcc/arm-none-eabi/9.2.1/../../../../arm-none-eabi/lib/thumb/v7e-m+fp/hard\libcr_c.a(memcpy.o)
                0x0000f77c                memcpy
 .text.memset   0x0000f780        0x4 c:/nxp/mcuxpressoide_11.2.1_4149/ide/plugins/com.nxp.mcuxpresso.tools.win32_11.2.0.202008311134/tools/bin/../lib/gcc/arm-none-eabi/9.2.1/../../../../arm-none-eabi/lib/thumb/v7e-m+fp/hard\libcr_c.a(memset.o)
                0x0000f780                memset
 .text._deferredlazyseek
                0x0000f784       0x40 c:/nxp/mcuxpressoide_11.2.1_4149/ide/plugins/com.nxp.mcuxpresso.tools.win32_11.2.0.202008311134/tools/bin/../lib/gcc/arm-none-eabi/9.2.1/../../../../arm-none-eabi/lib/thumb/v7e-m+fp/hard\libcr_c.a(_deferredlazyseek.o)
                0x0000f784                _deferredlazyseek
 .text.__flsbuf
                0x0000f7c4      0x140 c:/nxp/mcuxpressoide_11.2.1_4149/ide/plugins/com.nxp.mcuxpresso.tools.win32_11.2.0.202008311134/tools/bin/../lib/gcc/arm-none-eabi/9.2.1/../../../../arm-none-eabi/lib/thumb/v7e-m+fp/hard\libcr_c.a(_deferredlazyseek.o)
                0x0000f7c4                __flsbuf
 .text._fflush  0x0000f904       0x52 c:/nxp/mcuxpressoide_11.2.1_4149/ide/plugins/com.nxp.mcuxpresso.tools.win32_11.2.0.202008311134/tools/bin/../lib/gcc/arm-none-eabi/9.2.1/../../../../arm-none-eabi/lib/thumb/v7e-m+fp/hard\libcr_c.a(_fflush.o)
                0x0000f904                _fflush
 .text.free     0x0000f956       0x30 c:/nxp/mcuxpressoide_11.2.1_4149/ide/plugins/com.nxp.mcuxpresso.tools.win32_11.2.0.202008311134/tools/bin/../lib/gcc/arm-none-eabi/9.2.1/../../../../arm-none-eabi/lib/thumb/v7e-m+fp/hard\libcr_c.a(alloc.o)
                0x0000f956                free
 .text.fputs    0x0000f986       0x2c c:/nxp/mcuxpressoide_11.2.1_4149/ide/plugins/com.nxp.mcuxpresso.tools.win32_11.2.0.202008311134/tools/bin/../lib/gcc/arm-none-eabi/9.2.1/../../../../arm-none-eabi/lib/thumb/v7e-m+fp/hard\libcr_c.a(fputs.o)
                0x0000f986                fputs
 .text.no_fp_display
                0x0000f9b2        0x4 c:/nxp/mcuxpressoide_11.2.1_4149/ide/plugins/com.nxp.mcuxpresso.tools.win32_11.2.0.202008311134/tools/bin/../lib/gcc/arm-none-eabi/9.2.1/../../../../arm-none-eabi/lib/thumb/v7e-m+fp/hard\libcr_c.a(printf.o)
 .text.setvbuf  0x0000f9b6       0x3e c:/nxp/mcuxpressoide_11.2.1_4149/ide/plugins/com.nxp.mcuxpresso.tools.win32_11.2.0.202008311134/tools/bin/../lib/gcc/arm-none-eabi/9.2.1/../../../../arm-none-eabi/lib/thumb/v7e-m+fp/hard\libcr_c.a(setvbuf.o)
                0x0000f9b6                setvbuf
 .text.strcpy   0x0000f9f4       0x42 c:/nxp/mcuxpressoide_11.2.1_4149/ide/plugins/com.nxp.mcuxpresso.tools.win32_11.2.0.202008311134/tools/bin/../lib/gcc/arm-none-eabi/9.2.1/../../../../arm-none-eabi/lib/thumb/v7e-m+fp/hard\libcr_c.a(strcpy.o)
                0x0000f9f4                strcpy
 .text.strlen   0x0000fa36       0x4c c:/nxp/mcuxpressoide_11.2.1_4149/ide/plugins/com.nxp.mcuxpresso.tools.win32_11.2.0.202008311134/tools/bin/../lib/gcc/arm-none-eabi/9.2.1/../../../../arm-none-eabi/lib/thumb/v7e-m+fp/hard\libcr_c.a(strlen.o)
                0x0000fa36                strlen
 .text._fdopen  0x0000fa82       0x68 c:/nxp/mcuxpressoide_11.2.1_4149/ide/plugins/com.nxp.mcuxpresso.tools.win32_11.2.0.202008311134/tools/bin/../lib/gcc/arm-none-eabi/9.2.1/../../../../arm-none-eabi/lib/thumb/v7e-m+fp/hard\libcr_c.a(_fdopen.o)
                0x0000fa82                _fdopen
 .text.fclose   0x0000faea       0x58 c:/nxp/mcuxpressoide_11.2.1_4149/ide/plugins/com.nxp.mcuxpresso.tools.win32_11.2.0.202008311134/tools/bin/../lib/gcc/arm-none-eabi/9.2.1/../../../../arm-none-eabi/lib/thumb/v7e-m+fp/hard\libcr_c.a(fclose.o)
                0x0000faea                fclose
 .text.remove   0x0000fb42       0x14 c:/nxp/mcuxpressoide_11.2.1_4149/ide/plugins/com.nxp.mcuxpresso.tools.win32_11.2.0.202008311134/tools/bin/../lib/gcc/arm-none-eabi/9.2.1/../../../../arm-none-eabi/lib/thumb/v7e-m+fp/hard\libcr_c.a(remove.o)
                0x0000fb42                remove
 .text._do_fflush
                0x0000fb56       0x40 c:/nxp/mcuxpressoide_11.2.1_4149/ide/plugins/com.nxp.mcuxpresso.tools.win32_11.2.0.202008311134/tools/bin/../lib/gcc/arm-none-eabi/9.2.1/../../../../arm-none-eabi/lib/thumb/v7e-m+fp/hard\libcr_c.a(_do_fflush.o)
                0x0000fb56                _do_fflush
 .text.__aeabi_division_uldivmod
                0x0000fb96      0x174 c:/nxp/mcuxpressoide_11.2.1_4149/ide/plugins/com.nxp.mcuxpresso.tools.win32_11.2.0.202008311134/tools/bin/../lib/gcc/arm-none-eabi/9.2.1/thumb/v7e-m+fp/hard\libcr_eabihelpers.a(division_64.o)
                0x0000fb96                __aeabi_uldivmod
                0x0000fb9a                __bhs_ldivmod1
 .text.__aeabi_division_idiv0
                0x0000fd0a        0x2 c:/nxp/mcuxpressoide_11.2.1_4149/ide/plugins/com.nxp.mcuxpresso.tools.win32_11.2.0.202008311134/tools/bin/../lib/gcc/arm-none-eabi/9.2.1/thumb/v7e-m+fp/hard\libcr_eabihelpers.a(division_idiv0.o)
                0x0000fd0a                __aeabi_idiv0
 .text.__aeabi_d2iz
                0x0000fd0c       0x40 c:/nxp/mcuxpressoide_11.2.1_4149/ide/plugins/com.nxp.mcuxpresso.tools.win32_11.2.0.202008311134/tools/bin/../lib/gcc/arm-none-eabi/9.2.1/thumb/v7e-m+fp/hard\libcr_eabihelpers.a(double.o)
                0x0000fd0c                __aeabi_d2iz
 .text.__aeabi_memcpy
                0x0000fd4c       0x34 c:/nxp/mcuxpressoide_11.2.1_4149/ide/plugins/com.nxp.mcuxpresso.tools.win32_11.2.0.202008311134/tools/bin/../lib/gcc/arm-none-eabi/9.2.1/thumb/v7e-m+fp/hard\libcr_eabihelpers.a(memcpy.o)
                0x0000fd4c                __aeabi_memcpy
                0x0000fd56                __aeabi_memcpy8
                0x0000fd56                __aeabi_memcpy4
 .text.__aeabi_memset_lowlevel
                0x0000fd80       0x32 c:/nxp/mcuxpressoide_11.2.1_4149/ide/plugins/com.nxp.mcuxpresso.tools.win32_11.2.0.202008311134/tools/bin/../lib/gcc/arm-none-eabi/9.2.1/thumb/v7e-m+fp/hard\libcr_eabihelpers.a(memcpy.o)
                0x0000fd80                __aeabi_lowlevel_memset
 .text.__sys_close
                0x0000fdb2        0xc c:/nxp/mcuxpressoide_11.2.1_4149/ide/plugins/com.nxp.mcuxpresso.tools.win32_11.2.0.202008311134/tools/bin/../lib/gcc/arm-none-eabi/9.2.1/../../../../arm-none-eabi/lib/thumb/v7e-m+fp/hard\libcr_semihost_nf.a(__sys_close.o)
                0x0000fdb2                __sys_close
 .text.__sys_flen
                0x0000fdbe        0xc c:/nxp/mcuxpressoide_11.2.1_4149/ide/plugins/com.nxp.mcuxpresso.tools.win32_11.2.0.202008311134/tools/bin/../lib/gcc/arm-none-eabi/9.2.1/../../../../arm-none-eabi/lib/thumb/v7e-m+fp/hard\libcr_semihost_nf.a(__sys_flen.o)
                0x0000fdbe                __sys_flen
 .text.__sys_istty
                0x0000fdca        0xc c:/nxp/mcuxpressoide_11.2.1_4149/ide/plugins/com.nxp.mcuxpresso.tools.win32_11.2.0.202008311134/tools/bin/../lib/gcc/arm-none-eabi/9.2.1/../../../../arm-none-eabi/lib/thumb/v7e-m+fp/hard\libcr_semihost_nf.a(__sys_istty.o)
                0x0000fdca                __sys_istty
 .text.__sys_remove
                0x0000fdd6        0xc c:/nxp/mcuxpressoide_11.2.1_4149/ide/plugins/com.nxp.mcuxpresso.tools.win32_11.2.0.202008311134/tools/bin/../lib/gcc/arm-none-eabi/9.2.1/../../../../arm-none-eabi/lib/thumb/v7e-m+fp/hard\libcr_semihost_nf.a(__sys_remove.o)
                0x0000fdd6                __sys_remove
 .text.__sys_seek
                0x0000fde2        0xc c:/nxp/mcuxpressoide_11.2.1_4149/ide/plugins/com.nxp.mcuxpresso.tools.win32_11.2.0.202008311134/tools/bin/../lib/gcc/arm-none-eabi/9.2.1/../../../../arm-none-eabi/lib/thumb/v7e-m+fp/hard\libcr_semihost_nf.a(__sys_seek.o)
                0x0000fde2                __sys_seek
 .text.__sys_tmpnam
                0x0000fdee        0xc c:/nxp/mcuxpressoide_11.2.1_4149/ide/plugins/com.nxp.mcuxpresso.tools.win32_11.2.0.202008311134/tools/bin/../lib/gcc/arm-none-eabi/9.2.1/../../../../arm-none-eabi/lib/thumb/v7e-m+fp/hard\libcr_semihost_nf.a(__sys_tmpnam.o)
                0x0000fdee                __sys_tmpnam
 .text.__sys_write
                0x0000fdfa        0xc c:/nxp/mcuxpressoide_11.2.1_4149/ide/plugins/com.nxp.mcuxpresso.tools.win32_11.2.0.202008311134/tools/bin/../lib/gcc/arm-none-eabi/9.2.1/../../../../arm-none-eabi/lib/thumb/v7e-m+fp/hard\libcr_semihost_nf.a(__sys_write.o)
                0x0000fdfa                __sys_write
 *freertos*/tasks.o(SORT_BY_ALIGNMENT(.rodata*))
 *fill*         0x0000fe06        0x2 ff
 .rodata.vTaskStartScheduler.str1.4
                0x0000fe08        0x5 ./freertos/freertos_kernel/tasks.o
 *(SORT_BY_ALIGNMENT(.rodata) SORT_BY_ALIGNMENT(.rodata.*) SORT_BY_ALIGNMENT(.constdata) SORT_BY_ALIGNMENT(.constdata.*))
 *fill*         0x0000fe0d        0x3 ff
 .rodata.s_UsbDeviceStandardRequest
                0x0000fe10       0x34 ./usb/device/source/usb_device_ch9.o
 .rodata.s_UsbDeviceKhciInterface
                0x0000fe44       0x18 ./usb/device/source/usb_device_dci.o
 .rodata.USB_DeviceCdcAcmEvent.str1.4
                0x0000fe5c       0x89 ./usb/device/class/cdc/usb_device_cdc_acm.o
 *fill*         0x0000fee5        0x3 ff
 .rodata.USB_DeviceCdcAcmInit.str1.4
                0x0000fee8       0x14 ./usb/device/class/cdc/usb_device_cdc_acm.o
 .rodata.USB_DeviceCdcAcmDeinit.str1.4
                0x0000fefc       0x15 ./usb/device/class/cdc/usb_device_cdc_acm.o
 *fill*         0x0000ff11        0x3 ff
 .rodata.s_UsbDeviceClassInterfaceMap
                0x0000ff14       0x20 ./usb/device/class/usb_device_class.o
 .rodata.str1.4
                0x0000ff34        0x9 ./source/usb/virtual_com.o
 *fill*         0x0000ff3d        0x3 ff
 .rodata.USB_DeviceCdcVcomCallback.str1.4
                0x0000ff40       0x2e ./source/usb/virtual_com.o
 *fill*         0x0000ff6e        0x2 ff
 .rodata.USB_DeviceApplicationInit.str1.4
                0x0000ff70       0xa4 ./source/usb/virtual_com.o
 .rodata.usb_main_init.str1.4
                0x00010014       0x1a ./source/usb/virtual_com.o
 *fill*         0x0001002e        0x2 ff
 .rodata._DoInit.str1.4
                0x00010030       0x17 ./source/Tracealyzer/streamports/Jlink_RTT/SEGGER_RTT.o
 *fill*         0x00010047        0x1 ff
 .rodata.vTraceEnable.str1.4
                0x00010048       0x15 ./source/Tracealyzer/trcKernelPort.o
 *fill*         0x0001005d        0x3 ff
 .rodata.prvTraceGetError.str1.4
                0x00010060      0x267 ./source/Tracealyzer/trcStreamingRecorder.o
 *fill*         0x000102c7        0x1 ff
 .rodata.prvTraceError.str1.4
                0x000102c8       0x24 ./source/Tracealyzer/trcStreamingRecorder.o
 .rodata.main.str1.4
                0x000102ec      0x18e ./source/BRDUINO_Nano.o
 *fill*         0x0001047a        0x2 ff
 .rodata.SysInfoStruct
                0x0001047c       0x26 ./source/System.o
 *fill*         0x000104a2        0x2 ff
 .rodata.xTimerCreateTimerTask.str1.4
                0x000104a4        0x8 ./freertos/freertos_kernel/timers.o
 .rodata.prvCheckForValidListAndQueue.str1.4
                0x000104ac        0x5 ./freertos/freertos_kernel/timers.o
 *fill*         0x000104b1        0x3 ff
 .rodata.s_adc16Bases
                0x000104b4        0x8 ./drivers/fsl_adc16.o
 .rodata.s_adc16Clocks
                0x000104bc        0x8 ./drivers/fsl_adc16.o
 .rodata.ADC16_GetInstance.str1.4
                0x000104c4       0x36 ./drivers/fsl_adc16.o
 *fill*         0x000104fa        0x2 ff
 .rodata.ADC16_Init.str1.4
                0x000104fc       0x21 ./drivers/fsl_adc16.o
 *fill*         0x0001051d        0x3 ff
 .rodata.ADC16_SetChannelConfig.str1.4
                0x00010520       0x52 ./drivers/fsl_adc16.o
 *fill*         0x00010572        0x2 ff
 .rodata.ADC16_GetChannelStatusFlags.str1.4
                0x00010574       0x30 ./drivers/fsl_adc16.o
 .rodata.CLOCK_GetMcgExtClkFreq.str1.4
                0x000105a4       0x4e ./drivers/fsl_clock.o
 *fill*         0x000105f2        0x2 ff
 .rodata.CLOCK_GetOsc0ErClkUndivFreq.str1.4
                0x000105f4       0x1f ./drivers/fsl_clock.o
 *fill*         0x00010613        0x1 ff
 .rodata.CLOCK_GetOsc0ErClkDivFreq.str1.4
                0x00010614       0x1f ./drivers/fsl_clock.o
 *fill*         0x00010633        0x1 ff
 .rodata.CLOCK_GetEr32kClkFreq.str1.4
                0x00010634       0x20 ./drivers/fsl_clock.o
 .rodata.CLOCK_GetPll0Freq.str1.4
                0x00010654       0x1e ./drivers/fsl_clock.o
 *fill*         0x00010672        0x2 ff
 .rodata.fllFactorTable.7685
                0x00010674       0x10 ./drivers/fsl_clock.o
 .rodata.SDK_DelayAtLeastUs.str1.4
                0x00010684       0x4c ./drivers/fsl_common.o
 .rodata.SPI0_DriverIRQHandler.str1.4
                0x000106d0       0x2b ./drivers/fsl_dspi.o
 *fill*         0x000106fb        0x1 ff
 .rodata.SPI1_DriverIRQHandler.str1.4
                0x000106fc       0x2b ./drivers/fsl_dspi.o
 *fill*         0x00010727        0x1 ff
 .rodata.s_ftmBases
                0x00010728       0x10 ./drivers/fsl_ftm.o
 .rodata.s_ftmClocks
                0x00010738       0x10 ./drivers/fsl_ftm.o
 .rodata.FTM_GetInstance.str1.4
                0x00010748       0x29 ./drivers/fsl_ftm.o
 *fill*         0x00010771        0x3 ff
 .rodata.FTM_SetPwmSync.str1.4
                0x00010774       0x3b ./drivers/fsl_ftm.o
 *fill*         0x000107af        0x1 ff
 .rodata.FTM_SetReloadPoints.str1.4
                0x000107b0       0x21 ./drivers/fsl_ftm.o
 *fill*         0x000107d1        0x3 ff
 .rodata.FTM_Init.str1.4
                0x000107d4       0x18 ./drivers/fsl_ftm.o
 .rodata.FTM_GetDefaultConfig.str1.4
                0x000107ec       0x20 ./drivers/fsl_ftm.o
 .rodata.FTM_SetupPwm.str1.4
                0x0001080c       0xcc ./drivers/fsl_ftm.o
 .rodata.GPIO_PinInit.str1.4
                0x000108d8       0x21 ./drivers/fsl_gpio.o
 *fill*         0x000108f9        0x3 ff
 .rodata.PIT_GetInstance.str1.4
                0x000108fc       0x32 ./drivers/fsl_pit.o
 *fill*         0x0001092e        0x2 ff
 .rodata.PIT_Init.str1.4
                0x00010930       0x1f ./drivers/fsl_pit.o
 *fill*         0x0001094f        0x1 ff
 .rodata.s_uartBases
                0x00010950        0xc ./drivers/fsl_uart.o
 .rodata.s_uartClock
                0x0001095c        0xc ./drivers/fsl_uart.o
 .rodata.UART_GetInstance.str1.4
                0x00010968       0x2c ./drivers/fsl_uart.o
 .rodata.UART_Init.str1.4
                0x00010994       0xf4 ./drivers/fsl_uart.o
 .rodata.VREF_GetInstance.str1.4
                0x00010a88       0x34 ./drivers/fsl_vref.o
 .rodata.VREF_Init.str1.4
                0x00010abc       0x20 ./drivers/fsl_vref.o
 .rodata.OSA_MutexCreate.str1.4
                0x00010adc       0x32 ./component/osa/fsl_os_abstraction_free_rtos.o
 *fill*         0x00010b0e        0x2 ff
 .rodata.OSA_MutexDestroy.str1.4
                0x00010b10       0x32 ./component/osa/fsl_os_abstraction_free_rtos.o
 *fill*         0x00010b42        0x2 ff
 .rodata.PORT_SetPinConfig.str1.4
                0x00010b44       0x4a ./board/board.o
 *fill*         0x00010b8e        0x2 ff
 .rodata.adc16ConfigStruct