core_cm4.h:1679:22:__NVIC_EnableIRQ	16	static
core_cm4.h:1809:22:__NVIC_SetPriority	16	static
fsl_common.h:484:28:EnableIRQ	16	static
virtual_com.c:132:6:USB0_IRQHandler	8	static
virtual_com.c:140:6:USB_DeviceClockInit	8	static
virtual_com.c:146:6:USB_DeviceIsrEnable	16	static
virtual_com.c:174:14:USB_DeviceCdcVcomCallback	48	static
virtual_com.c:415:14:USB_DeviceCallback	40	static
virtual_com.c:505:6:USB_DeviceApplicationInit	8	static
virtual_com.c:536:14:get_USB_Error	4	static
virtual_com.c:549:6:USB_Putchar	16	static
virtual_com.c:573:6:USB_SendPacketCMD	32	static
virtual_com.c:632:6:APPTask	24	static
virtual_com.c:664:5:usb_main_init	16	static
