core_cm4.h:1679:22:__NVIC_EnableIRQ	16	static
core_cm4.h:1809:22:__NVIC_SetPriority	16	static
fsl_clock.h:627:20:CLOCK_EnableClock	24	static
fsl_common.h:484:28:EnableIRQ	16	static
fsl_port.h:243:20:PORT_SetPinConfig	32	static
fsl_port.h:346:20:PORT_SetPinMux	24	static
fsl_gpio.h:162:20:GPIO_PinWrite	32	static
fsl_gpio.h:223:24:GPIO_PinRead	16	static
fsl_pit.h:159:20:PIT_EnableInterrupts	24	static
fsl_pit.h:246:20:PIT_SetTimerPeriod	24	static
fsl_pit.h:286:20:PIT_StartTimer	16	static
fsl_ftm.h:671:20:FTM_StartTimer	24	static
fsl_adc16.h:363:20:ADC16_EnableHardwareTrigger	16	static
board.c:439:13:InitPin	24	static
board.c:448:13:BOARD_setPinAttributes	16	static
board.c:463:13:BOARD_setClockAttributes	8	static
board.c:495:13:BOARD_UART_InitUart1	16	static
board.c:508:6:ADC0_IRQHandler	24	static
board.c:530:12:BOARD_InitADC	24	static
board.c:570:13:BOARD_InitDAC	4	static
board.c:589:6:BOARD_set_DAC	16	static
board.c:603:10:BOARD_get_DAC	24	static
board.c:620:6:BOARD_get_ADC	16	static
board.c:640:6:BOARD_get_ADC_float	16	static
board.c:651:13:BOARD_FTM0_enable_isr	8	static
board.c:658:13:BOARD_FTM1_enable_isr	8	static
board.c:665:13:BOARD_FTM2_enable_isr	8	static
board.c:672:6:BOARD_InitFTM0	56	static
board.c:700:6:BOARD_InitFTM1	40	static
board.c:742:6:BOARD_InitFTM2	4	static
board.c:754:6:BOARD_SetOwnAddress	16	static
board.c:765:10:BOARD_GetOwnAddress	4	static
board.c:775:6:FTM0_IRQHandler	4	static
board.c:786:6:FTM1_IRQHandler	4	static
board.c:796:6:FTM2_IRQHandler	4	static
board.c:801:6:PIT0_IRQHandler	16	static
board.c:823:6:PIT1_IRQHandler	4	static
board.c:828:6:BOARD_InitPIT	24	static
board.c:855:6:BOARD_InitVREF	8	static
board.c:861:6:BOARD_Init	8	static
board.c:877:6:BOARD_SetGPIOpin	24	static
board.c:888:6:BOARD_GetGPIOpin	24	static
board.c:899:10:BOARD_GetJiffyCounter	4	static
board.c:907:6:BOARD_InitDebugConsole	4	static
