trcKernelPort.c:160:10:prvTraceGetQueueNumber	0	static
trcKernelPort.c:166:9:prvTraceGetQueueType	0	static
trcKernelPort.c:173:10:prvTraceGetTaskNumberLow16	8	static
trcKernelPort.c:178:10:prvTraceGetTaskNumberHigh16	8	static
trcKernelPort.c:183:6:prvTraceSetTaskNumberLow16	16	static
trcKernelPort.c:188:6:prvTraceSetTaskNumberHigh16	16	static
trcKernelPort.c:193:10:prvTraceGetQueueNumberLow16	8	static
trcKernelPort.c:198:10:prvTraceGetQueueNumberHigh16	8	static
trcKernelPort.c:203:6:prvTraceSetQueueNumberLow16	16	static
trcKernelPort.c:208:6:prvTraceSetQueueNumberHigh16	16	static
trcKernelPort.c:358:6:prvAddTaskToStackMonitor	0	static
trcKernelPort.c:380:6:prvRemoveTaskFromStackMonitor	8	static
trcKernelPort.c:392:6:prvReportStackUsage	24	static
trcKernelPort.c:711:8:TzCtrl	40	static
trcKernelPort.c:453:6:vTraceEnable	40	static
trcKernelPort.c:544:6:vTraceSetQueueName	0	static
trcKernelPort.c:557:6:vTraceSetSemaphoreName	0	static
trcKernelPort.c:570:6:vTraceSetMutexName	0	static
trcKernelPort.c:626:7:prvTraceGetCurrentTaskHandle	0	static
trcKernelPort.c:637:10:prvIsNewTCB	0	static
trcKernelPort.c:653:15:prvTraceIsSchedulerSuspended	8	static
