trcStreamingRecorder.c:1766:12:prvAllocateBufferPage	8	static
trcStreamingRecorder.c:382:6:vTraceSetFrequency	0	static
trcStreamingRecorder.c:720:13:xTraceGetLastError	0	static
trcStreamingRecorder.c:730:6:vTraceClearError	0	static
trcStreamingRecorder.c:770:5:xTraceIsRecordingEnabled	0	static
trcStreamingRecorder.c:775:6:vTraceSetFilterMask	0	static
trcStreamingRecorder.c:780:6:vTraceSetFilterGroup	0	static
trcStreamingRecorder.c:1418:6:prvTraceSaveObjectSymbol	20	static
trcStreamingRecorder.c:1400:7:prvTraceSaveSymbol	16	static
trcStreamingRecorder.c:1465:6:prvTraceDeleteSymbol	20	static
trcStreamingRecorder.c:1509:6:prvTraceSaveObjectData	20	static
trcStreamingRecorder.c:1553:6:prvTraceDeleteObjectData	20	static
trcStreamingRecorder.c:1597:5:prvIsValidCommand	0	static
trcStreamingRecorder.c:1644:6:prvTraceError	8	static
trcStreamingRecorder.c:1166:6:prvTraceStoreEvent	100	static
trcStreamingRecorder.c:791:13:prvSetRecorderEnabled	96	static
trcStreamingRecorder.c:744:6:vTraceStop	0	static
trcStreamingRecorder.c:1133:6:prvTraceStoreEvent3	40	static
trcStreamingRecorder.c:1219:13:prvTraceStoreStringEventHelper	104	static
trcStreamingRecorder.c:1206:6:prvTraceStoreStringEvent	24	static
trcStreamingRecorder.c:359:6:vTraceStoreKernelObjectName	16	static
trcStreamingRecorder.c:394:13:xTraceRegisterString	16	static
trcStreamingRecorder.c:592:13:xTraceSetISRProperties	24	static
trcStreamingRecorder.c:1309:6:prvTraceStoreSimpleStringEventHelper	96	static
trcStreamingRecorder.c:1632:6:prvTraceWarning	4	static
trcStreamingRecorder.c:434:6:vTracePrint	0	static
trcStreamingRecorder.c:457:6:vTraceConsoleChannelPrintF	72	static
trcStreamingRecorder.c:1619:6:prvProcessCommand	0	static
trcStreamingRecorder.c:534:6:vTraceVPrintF	24	static
trcStreamingRecorder.c:518:6:vTracePrintF	12	static
trcStreamingRecorder.c:1049:6:prvTraceStoreEvent0	24	static
trcStreamingRecorder.c:330:6:vTraceInstanceFinishedNow	0	static
trcStreamingRecorder.c:346:6:vTraceInstanceFinishedNext	0	static
trcStreamingRecorder.c:1076:6:prvTraceStoreEvent1	24	static
trcStreamingRecorder.c:679:6:vTraceStoreISREnd	8	static
trcStreamingRecorder.c:629:6:vTraceStoreISRBegin	16	static
trcStreamingRecorder.c:1104:6:prvTraceStoreEvent2	40	static
trcStreamingRecorder.c:1663:6:prvTraceInitCortexM	0	static
trcStreamingRecorder.c:1842:10:prvPagedEventBufferTransfer	40	static
trcStreamingRecorder.c:1896:7:prvPagedEventBufferGetWritePointer	24	static
trcStreamingRecorder.c:1950:6:prvPagedEventBufferInit	12	static
