fsl_clock.h:627:20:CLOCK_EnableClock	0	static
board.c:508:6:ADC0_IRQHandler	32	static
board.c:589:6:BOARD_set_DAC	0	static
board.c:603:10:BOARD_get_DAC	0	static
board.c:620:6:BOARD_get_ADC	8	static
board.c:640:6:BOARD_get_ADC_float	0	static
board.c:672:6:BOARD_InitFTM0	72	static
board.c:700:6:BOARD_InitFTM1	16	static
board.c:742:6:BOARD_InitFTM2	0	static
board.c:754:6:BOARD_SetOwnAddress	0	static
board.c:765:10:BOARD_GetOwnAddress	0	static
board.c:775:6:FTM0_IRQHandler	0	static
board.c:786:6:FTM1_IRQHandler	0	static
board.c:796:6:FTM2_IRQHandler	0	static
board.c:801:6:PIT0_IRQHandler	24	static
board.c:823:6:PIT1_IRQHandler	0	static
board.c:828:6:BOARD_InitPIT	8	static
board.c:855:6:BOARD_InitVREF	0	static
board.c:861:6:BOARD_Init	24	static
board.c:877:6:BOARD_SetGPIOpin	0	static
board.c:888:6:BOARD_GetGPIOpin	0	static
board.c:899:10:BOARD_GetJiffyCounter	0	static
board.c:907:6:BOARD_InitDebugConsole	0	static
