trcStreamingRecorder.c:330:6:vTraceInstanceFinishedNow	8	static
trcStreamingRecorder.c:346:6:vTraceInstanceFinishedNext	8	static
trcStreamingRecorder.c:359:6:vTraceStoreKernelObjectName	24	static
trcStreamingRecorder.c:382:6:vTraceSetFrequency	16	static
trcStreamingRecorder.c:394:13:xTraceRegisterString	24	static
trcStreamingRecorder.c:434:6:vTracePrint	24	static
trcStreamingRecorder.c:457:6:vTraceConsoleChannelPrintF	72	static
trcStreamingRecorder.c:518:6:vTracePrintF	28	static
trcStreamingRecorder.c:534:6:vTraceVPrintF	48	static
trcStreamingRecorder.c:592:13:xTraceSetISRProperties	32	static
trcStreamingRecorder.c:629:6:vTraceStoreISRBegin	40	static
trcStreamingRecorder.c:679:6:vTraceStoreISREnd	32	static
trcStreamingRecorder.c:720:13:xTraceGetLastError	8	static
trcStreamingRecorder.c:730:6:vTraceClearError	4	static
trcStreamingRecorder.c:744:6:vTraceStop	8	static
trcStreamingRecorder.c:770:5:xTraceIsRecordingEnabled	4	static
trcStreamingRecorder.c:775:6:vTraceSetFilterMask	16	static
trcStreamingRecorder.c:780:6:vTraceSetFilterGroup	16	static
trcStreamingRecorder.c:791:13:prvSetRecorderEnabled	48	static
trcStreamingRecorder.c:844:13:prvTraceStoreSymbolTable	80	static
trcStreamingRecorder.c:870:13:prvTraceStoreObjectDataTable	56	static
trcStreamingRecorder.c:896:13:prvTraceStoreHeader	64	static
trcStreamingRecorder.c:922:13:prvTraceStoreExtensionInfo	40	static
trcStreamingRecorder.c:938:20:prvTraceGetError	16	static
trcStreamingRecorder.c:1049:6:prvTraceStoreEvent0	48	static
trcStreamingRecorder.c:1076:6:prvTraceStoreEvent1	56	static
trcStreamingRecorder.c:1104:6:prvTraceStoreEvent2	64	static
trcStreamingRecorder.c:1133:6:prvTraceStoreEvent3	72	static
trcStreamingRecorder.c:1166:6:prvTraceStoreEvent	132	static
trcStreamingRecorder.c:1206:6:prvTraceStoreStringEvent	32	static
trcStreamingRecorder.c:1219:13:prvTraceStoreStringEventHelper	152	static
trcStreamingRecorder.c:1309:6:prvTraceStoreSimpleStringEventHelper	160	static
trcStreamingRecorder.c:1400:7:prvTraceSaveSymbol	40	static
trcStreamingRecorder.c:1418:6:prvTraceSaveObjectSymbol	40	static
trcStreamingRecorder.c:1465:6:prvTraceDeleteSymbol	48	static
trcStreamingRecorder.c:1509:6:prvTraceSaveObjectData	48	static
trcStreamingRecorder.c:1553:6:prvTraceDeleteObjectData	48	static
trcStreamingRecorder.c:1597:5:prvIsValidCommand	24	static
trcStreamingRecorder.c:1619:6:prvProcessCommand	16	static
trcStreamingRecorder.c:1632:6:prvTraceWarning	24	static
trcStreamingRecorder.c:1644:6:prvTraceError	24	static
trcStreamingRecorder.c:1663:6:prvTraceInitCortexM	8	static
trcStreamingRecorder.c:1719:17:prvGetTimestamp32	4	static
trcStreamingRecorder.c:1736:13:prvTraceStoreTSConfig	16	static
trcStreamingRecorder.c:1766:12:prvAllocateBufferPage	24	static
trcStreamingRecorder.c:1787:13:prvPageReadComplete	32	static
trcStreamingRecorder.c:1802:12:prvGetBufferPage	24	static
trcStreamingRecorder.c:1842:10:prvPagedEventBufferTransfer	24	static
trcStreamingRecorder.c:1896:7:prvPagedEventBufferGetWritePointer	24	static
trcStreamingRecorder.c:1950:6:prvPagedEventBufferInit	40	static
