CommandMeasure.c:31:5:InitMeasureCommandHandler	4	static
CommandMeasure.c:44:5:cmd_SUB_MEA_GET_MEASUREMENT	96	static
CommandMeasure.c:65:5:cmd_SUB_MEA_GET_BOOT_STAGE	96	static
CommandMeasure.c:86:5:cmd_SUB_MEA_GET_BOOT_SEQUENCE	96	static
CommandMeasure.c:107:5:cmd_SUB_MEA_GET_RAIL_STATUS	96	static
CommandMeasure.c:128:5:cmd_SUB_MEA_GET_VOLT_GAINS	96	static
CommandMeasure.c:149:5:cmd_SUB_MEA_GET_CURR_GAINS	96	static
CommandMeasure.c:170:5:cmd_SUB_MEA_GET_VOLT_OFFSETS	96	static
CommandMeasure.c:191:5:cmd_SUB_MEA_GET_CURR_OFFSETS	96	static
CommandMeasure.c:212:5:cmd_SUB_MEA_GET_VOLT_WINDOWS	96	static
CommandMeasure.c:233:5:cmd_SUB_MEA_GET_CURR_WINDOWS	96	static
CommandMeasure.c:254:5:cmd_SUB_MEA_GET_NOTIFICATION	96	static
CommandMeasure.c:275:5:cmd_SUB_MEA_SET_BOOT_STAGE	32	static
CommandMeasure.c:297:5:cmd_SUB_MEA_SET_BOOT_SEQUENCE	32	static
CommandMeasure.c:319:5:cmd_SUB_MEA_SET_RAIL_STATUS	32	static
CommandMeasure.c:341:5:cmd_SUB_MEA_SET_VOLT_GAINS	32	static
CommandMeasure.c:363:5:cmd_SUB_MEA_SET_CURR_GAINS	32	static
CommandMeasure.c:385:5:cmd_SUB_MEA_SET_VOLT_OFFSETS	32	static
CommandMeasure.c:407:5:cmd_SUB_MEA_SET_CURR_OFFSETS	32	static
CommandMeasure.c:429:5:cmd_SUB_MEA_SET_VOLT_WINDOWS	32	static
CommandMeasure.c:451:5:cmd_SUB_MEA_SET_CURR_WINDOWS	32	static
CommandMeasure.c:474:5:MeasureCommandHandler	24	static
